Fri Apr 24 21:52:46 UTC 2026 - Executing "openroad -exit -no_init -python /openlane/scripts/odbpy/lefutil.py get_metal_layers -o /openlane/designs/Reformer/runs/MS3/tmp/layers.list /home/charlie/.ciel/sky130A/libs.ref/sky130_fd_sc_hd/techlef/sky130_fd_sc_hd__nom.tlef"

Fri Apr 24 21:52:46 UTC 2026 - Executing "/openlane/scripts/mergeLef.py -o /openlane/designs/Reformer/runs/MS3/tmp/merged.nom.lef -i /home/charlie/.ciel/sky130A/libs.ref/sky130_fd_sc_hd/techlef/sky130_fd_sc_hd__nom.tlef {/home/charlie/.ciel/sky130A/libs.ref/sky130_fd_sc_hd/lef/sky130_fd_sc_hd.lef /home/charlie/.ciel/sky130A/libs.ref/sky130_fd_sc_hd/lef/sky130_ef_sc_hd.lef} |& tee /dev/null"

Fri Apr 24 21:52:46 UTC 2026 - Executing "/openlane/scripts/mergeLef.py -o /openlane/designs/Reformer/runs/MS3/tmp/merged.min.lef -i /home/charlie/.ciel/sky130A/libs.ref/sky130_fd_sc_hd/techlef/sky130_fd_sc_hd__min.tlef {/home/charlie/.ciel/sky130A/libs.ref/sky130_fd_sc_hd/lef/sky130_fd_sc_hd.lef /home/charlie/.ciel/sky130A/libs.ref/sky130_fd_sc_hd/lef/sky130_ef_sc_hd.lef} |& tee /dev/null"

Fri Apr 24 21:52:46 UTC 2026 - Executing "/openlane/scripts/mergeLef.py -o /openlane/designs/Reformer/runs/MS3/tmp/merged.max.lef -i /home/charlie/.ciel/sky130A/libs.ref/sky130_fd_sc_hd/techlef/sky130_fd_sc_hd__max.tlef {/home/charlie/.ciel/sky130A/libs.ref/sky130_fd_sc_hd/lef/sky130_fd_sc_hd.lef /home/charlie/.ciel/sky130A/libs.ref/sky130_fd_sc_hd/lef/sky130_ef_sc_hd.lef} |& tee /dev/null"

Fri Apr 24 21:52:46 UTC 2026 - Executing "python3 /openlane/scripts/mergeLib.py --output /openlane/designs/Reformer/runs/MS3/tmp/synthesis/merged.lib --name sky130A_merged /home/charlie/.ciel/sky130A/libs.ref/sky130_fd_sc_hd/lib/sky130_fd_sc_hd__tt_025C_1v80.lib"

Fri Apr 24 21:52:46 UTC 2026 - Executing "python3 /openlane/scripts/libtrim.py --cell-file /openlane/designs/Reformer/runs/MS3/tmp/synthesis/trimmed.lib.exclude.list --output /openlane/designs/Reformer/runs/MS3/tmp/synthesis/trimmed.lib /openlane/designs/Reformer/runs/MS3/tmp/synthesis/merged.lib"

Fri Apr 24 21:52:46 UTC 2026 - Executing "python3 /openlane/scripts/libtrim.py --cell-file /openlane/designs/Reformer/runs/MS3/tmp/cts/cts.lib.exclude.list --output /openlane/designs/Reformer/runs/MS3/tmp/cts/cts.lib /home/charlie/.ciel/sky130A/libs.ref/sky130_fd_sc_hd/lib/sky130_fd_sc_hd__tt_025C_1v80.lib"

Fri Apr 24 21:52:47 UTC 2026 - Executing "python3 /openlane/scripts/libtrim.py --cell-file /openlane/designs/Reformer/runs/MS3/tmp/cts/cts-fastest.lib.exclude.list --output /openlane/designs/Reformer/runs/MS3/tmp/cts/cts-fastest.lib /home/charlie/.ciel/sky130A/libs.ref/sky130_fd_sc_hd/lib/sky130_fd_sc_hd__ff_n40C_1v95.lib"

Fri Apr 24 21:52:47 UTC 2026 - Executing "python3 /openlane/scripts/libtrim.py --cell-file /openlane/designs/Reformer/runs/MS3/tmp/cts/cts-slowest.lib.exclude.list --output /openlane/designs/Reformer/runs/MS3/tmp/cts/cts-slowest.lib /home/charlie/.ciel/sky130A/libs.ref/sky130_fd_sc_hd/lib/sky130_fd_sc_hd__ss_100C_1v60.lib"

Fri Apr 24 21:52:47 UTC 2026 - Executing "python3 /openlane/scripts/new_tracks.py -i /home/charlie/.ciel/sky130A/libs.tech/openlane/sky130_fd_sc_hd/tracks.info -o /openlane/designs/Reformer/runs/MS3/tmp/routing/config.tracks"

Fri Apr 24 21:52:47 UTC 2026 - Executing "echo {OpenLane ff5509f65b17bfa4068d5336495ab1718987ff69} > /openlane/designs/Reformer/runs/MS3/OPENLANE_COMMIT"

Fri Apr 24 21:52:47 UTC 2026 - Executing "bash -c {verilator  --lint-only  -Wall  --Wno-DECLFILENAME  --top-module top  /openlane/designs/Reformer/src/top.sv /openlane/designs/Reformer/src/Control.sv /openlane/designs/Reformer/src/ArgMaxSync.sv /openlane/designs/Reformer/src/SortingUnit.sv -Wno-fatal --relative-includes |& tee /openlane/designs/Reformer/runs/MS3/logs/synthesis/linter.log /dev/null}"

Fri Apr 24 21:52:47 UTC 2026 - Executing "sed -E {s/^([[:space:]]+)pg_pin(.*)/\1pin\2\n\1    direction : "inout";/g} /home/charlie/.ciel/sky130A/libs.ref/sky130_fd_sc_hd/lib/sky130_fd_sc_hd__tt_025C_1v80.lib > /openlane/designs/Reformer/runs/MS3/tmp/synthesis/1-sky130_fd_sc_hd__tt_025C_1v80.no_pg.lib"

Fri Apr 24 21:52:47 UTC 2026 - Executing "sed -E {s/^([[:space:]]+)pg_pin(.*)/\1pin\2\n\1    direction : "inout";/g} /openlane/designs/Reformer/runs/MS3/tmp/synthesis/trimmed.lib > /openlane/designs/Reformer/runs/MS3/tmp/synthesis/1-trimmed.no_pg.lib"

Fri Apr 24 21:52:47 UTC 2026 - Executing "yosys -c /openlane/scripts/yosys/synth.tcl |& tee /dev/null /openlane/designs/Reformer/runs/MS3/logs/synthesis/1-synthesis.log"

Fri Apr 24 21:52:48 UTC 2026 - Executing "sed -i.bak -e {s/\(set ::env(CURRENT_NETLIST)\).*/\1 \/openlane\/designs\/Reformer\/runs\/MS3\/results\/synthesis\/top.v/} /openlane/designs/Reformer/runs/MS3/config.tcl"

Fri Apr 24 21:52:48 UTC 2026 - Executing "sed -i.bak /defparam/d /openlane/designs/Reformer/runs/MS3/results/synthesis/top.v"

Fri Apr 24 21:52:49 UTC 2026 - Executing "sta -exit -no_init /openlane/scripts/openroad/sta/multi_corner.tcl |& tee /dev/null /openlane/designs/Reformer/runs/MS3/logs/synthesis/2-sta.log"

Fri Apr 24 21:52:49 UTC 2026 - Executing "openroad -exit /openlane/scripts/openroad/floorplan.tcl |& tee /dev/null /openlane/designs/Reformer/runs/MS3/logs/floorplan/3-initial_fp.log"

Fri Apr 24 21:52:49 UTC 2026 - Executing "openroad -exit -no_init -python /openlane/scripts/odbpy/defutil.py extract_core_dims --output-data /openlane/designs/Reformer/runs/MS3/tmp/dimensions.txt --input-lef /openlane/designs/Reformer/runs/MS3/tmp/merged.nom.lef /openlane/designs/Reformer/runs/MS3/tmp/floorplan/3-initial_fp.def"

Fri Apr 24 21:52:50 UTC 2026 - Executing "openroad -exit -no_init -python /openlane/scripts/odbpy/io_place.py --config /openlane/designs/Reformer/pin_order.cfg --hor-layer met3 --ver-layer met2 --ver-width-mult 2 --hor-width-mult 2 --hor-extension 0 --ver-extension 0 --length 4 --unmatched-error --input-lef /openlane/designs/Reformer/runs/MS3/tmp/merged.nom.lef --output-def /openlane/designs/Reformer/runs/MS3/tmp/floorplan/4-io.def --output /openlane/designs/Reformer/runs/MS3/tmp/floorplan/4-io.odb /openlane/designs/Reformer/runs/MS3/tmp/floorplan/3-initial_fp.odb |& tee /dev/null /openlane/designs/Reformer/runs/MS3/logs/floorplan/4-place_io.log"

Fri Apr 24 21:52:50 UTC 2026 - Executing "openroad -exit /openlane/scripts/openroad/tapcell.tcl |& tee /dev/null /openlane/designs/Reformer/runs/MS3/logs/floorplan/5-tap.log"

Fri Apr 24 21:52:50 UTC 2026 - Executing "openroad -exit /openlane/scripts/openroad/pdn.tcl |& tee /dev/null /openlane/designs/Reformer/runs/MS3/logs/floorplan/6-pdn.log"

Fri Apr 24 21:52:51 UTC 2026 - Executing "openroad -exit /openlane/scripts/openroad/gpl.tcl |& tee /dev/null /openlane/designs/Reformer/runs/MS3/logs/placement/7-global.log"

Fri Apr 24 21:52:51 UTC 2026 - Executing "sed -i.bak -e {s/\(set ::env(CURRENT_NETLIST)\).*/\1 \/openlane\/designs\/Reformer\/runs\/MS3\/tmp\/placement\/7-global.nl.v/} /openlane/designs/Reformer/runs/MS3/config.tcl"

Fri Apr 24 21:52:52 UTC 2026 - Executing "openroad -exit /openlane/scripts/openroad/sta/multi_corner.tcl |& tee /dev/null /openlane/designs/Reformer/runs/MS3/logs/placement/8-gpl_sta.log"

Fri Apr 24 21:52:52 UTC 2026 - Executing "openroad -exit /openlane/scripts/openroad/resizer.tcl |& tee /dev/null /openlane/designs/Reformer/runs/MS3/logs/placement/9-resizer.log"

Fri Apr 24 21:52:53 UTC 2026 - Executing "sed -i.bak -e {s/\(set ::env(CURRENT_NETLIST)\).*/\1 \/openlane\/designs\/Reformer\/runs\/MS3\/tmp\/placement\/9-resizer.nl.v/} /openlane/designs/Reformer/runs/MS3/config.tcl"

Fri Apr 24 21:52:53 UTC 2026 - Executing "openroad -exit /openlane/scripts/openroad/dpl.tcl |& tee /dev/null /openlane/designs/Reformer/runs/MS3/logs/placement/10-detailed.log"

Fri Apr 24 21:52:53 UTC 2026 - Executing "sed -i.bak -e {s/\(set ::env(CURRENT_NETLIST)\).*/\1 \/openlane\/designs\/Reformer\/runs\/MS3\/results\/placement\/top.nl.v/} /openlane/designs/Reformer/runs/MS3/config.tcl"

Fri Apr 24 21:52:53 UTC 2026 - Executing "openroad -exit /openlane/scripts/openroad/sta/multi_corner.tcl |& tee /dev/null /openlane/designs/Reformer/runs/MS3/logs/placement/11-dpl_sta.log"

Fri Apr 24 21:52:54 UTC 2026 - Executing "openroad -exit /openlane/scripts/openroad/cts.tcl |& tee /dev/null /openlane/designs/Reformer/runs/MS3/logs/cts/12-cts.log"

Fri Apr 24 21:53:16 UTC 2026 - Executing "openroad -exit /openlane/scripts/openroad/sta/multi_corner.tcl |& tee /dev/null /openlane/designs/Reformer/runs/MS3/logs/cts/13-cts_sta.log"

Fri Apr 24 21:53:16 UTC 2026 - Executing "openroad -exit /openlane/scripts/openroad/resizer_timing.tcl |& tee /dev/null /openlane/designs/Reformer/runs/MS3/logs/cts/14-resizer.log"

Fri Apr 24 21:53:17 UTC 2026 - Executing "sed -i.bak -e {s/\(set ::env(CURRENT_NETLIST)\).*/\1 \/openlane\/designs\/Reformer\/runs\/MS3\/tmp\/cts\/14-top.resized.nl.v/} /openlane/designs/Reformer/runs/MS3/config.tcl"

Fri Apr 24 21:53:17 UTC 2026 - Executing "openroad -exit /openlane/scripts/openroad/resizer_routing_design.tcl |& tee /dev/null /openlane/designs/Reformer/runs/MS3/logs/routing/15-resizer_design.log"

Fri Apr 24 21:53:18 UTC 2026 - Executing "sed -i.bak -e {s/\(set ::env(CURRENT_NETLIST)\).*/\1 \/openlane\/designs\/Reformer\/runs\/MS3\/tmp\/15-top.nl.v/} /openlane/designs/Reformer/runs/MS3/config.tcl"

Fri Apr 24 21:53:18 UTC 2026 - Executing "openroad -exit /openlane/scripts/openroad/sta/multi_corner.tcl |& tee /dev/null /openlane/designs/Reformer/runs/MS3/logs/routing/16-rsz_design_sta.log"

Fri Apr 24 21:53:19 UTC 2026 - Executing "openroad -exit /openlane/scripts/openroad/resizer_routing_timing.tcl |& tee /dev/null /openlane/designs/Reformer/runs/MS3/logs/routing/17-resizer_timing.log"

Fri Apr 24 21:53:20 UTC 2026 - Executing "sed -i.bak -e {s/\(set ::env(CURRENT_NETLIST)\).*/\1 \/openlane\/designs\/Reformer\/runs\/MS3\/tmp\/17-top.nl.v/} /openlane/designs/Reformer/runs/MS3/config.tcl"

Fri Apr 24 21:53:20 UTC 2026 - Executing "openroad -exit /openlane/scripts/openroad/sta/multi_corner.tcl |& tee /dev/null /openlane/designs/Reformer/runs/MS3/logs/routing/18-rsz_timing_sta.log"

Fri Apr 24 21:53:20 UTC 2026 - Executing "openroad -exit /openlane/scripts/openroad/groute.tcl |& tee /dev/null /openlane/designs/Reformer/runs/MS3/logs/routing/19-global.log"

Fri Apr 24 21:53:21 UTC 2026 - Executing "openroad -exit /openlane/scripts/openroad/write_views.tcl |& tee /dev/null /openlane/designs/Reformer/runs/MS3/logs/routing/19-global_write_netlist.log"

Fri Apr 24 21:53:21 UTC 2026 - Executing "sed -i.bak -e {s/\(set ::env(CURRENT_NETLIST)\).*/\1 \/openlane\/designs\/Reformer\/runs\/MS3\/tmp\/routing\/global.nl.v/} /openlane/designs/Reformer/runs/MS3/config.tcl"

Fri Apr 24 21:53:21 UTC 2026 - Executing "openroad -exit /openlane/scripts/openroad/sta/multi_corner.tcl |& tee /dev/null /openlane/designs/Reformer/runs/MS3/logs/routing/21-grt_sta.log"

Fri Apr 24 21:53:22 UTC 2026 - Executing "openroad -exit /openlane/scripts/openroad/fill.tcl |& tee /dev/null /openlane/designs/Reformer/runs/MS3/logs/routing/22-fill.log"

Fri Apr 24 21:53:22 UTC 2026 - Executing "sed -i.bak -e {s/\(set ::env(CURRENT_NETLIST)\).*/\1 \/openlane\/designs\/Reformer\/runs\/MS3\/tmp\/routing\/22-fill.nl.v/} /openlane/designs/Reformer/runs/MS3/config.tcl"

Fri Apr 24 21:53:22 UTC 2026 - Executing "openroad -exit /openlane/scripts/openroad/droute.tcl |& tee /dev/null /openlane/designs/Reformer/runs/MS3/logs/routing/23-detailed.log"

Fri Apr 24 21:53:35 UTC 2026 - Executing "sed -i.bak -e {s/\(set ::env(CURRENT_NETLIST)\).*/\1 \/openlane\/designs\/Reformer\/runs\/MS3\/results\/routing\/top.nl.v/} /openlane/designs/Reformer/runs/MS3/config.tcl"

Fri Apr 24 21:53:35 UTC 2026 - Executing "python3 /openlane/scripts/drc_rosetta.py tr to_klayout -o /openlane/designs/Reformer/runs/MS3/reports/routing/drt.klayout.xml --design-name top /openlane/designs/Reformer/runs/MS3/reports/routing/drt.drc"

Fri Apr 24 21:53:36 UTC 2026 - Executing "openroad -exit -no_init -python /openlane/scripts/odbpy/wire_lengths.py --report-out /openlane/designs/Reformer/runs/MS3/reports/routing/24-wire_lengths.csv --input-lef /openlane/designs/Reformer/runs/MS3/tmp/merged.nom.lef --output-def /dev/null --output /openlane/designs/Reformer/runs/MS3/results/routing/top.odb /openlane/designs/Reformer/runs/MS3/results/routing/top.odb |& tee /dev/null /openlane/designs/Reformer/runs/MS3/logs/routing/24-wire_lengths.log"

Fri Apr 24 21:53:36 UTC 2026 - Executing "openroad -exit /openlane/scripts/openroad/rcx.tcl |& tee /dev/null /openlane/designs/Reformer/runs/MS3/logs/signoff/25-parasitics_extraction.min.log"

Fri Apr 24 21:53:36 UTC 2026 - Executing "sta -exit -no_init /openlane/scripts/openroad/sta/multi_corner.tcl |& tee /dev/null /openlane/designs/Reformer/runs/MS3/logs/signoff/26-rcx_mcsta.min.log"

Fri Apr 24 21:53:38 UTC 2026 - Executing "openroad -exit /openlane/scripts/openroad/rcx.tcl |& tee /dev/null /openlane/designs/Reformer/runs/MS3/logs/signoff/27-parasitics_extraction.max.log"

Fri Apr 24 21:53:38 UTC 2026 - Executing "sta -exit -no_init /openlane/scripts/openroad/sta/multi_corner.tcl |& tee /dev/null /openlane/designs/Reformer/runs/MS3/logs/signoff/28-rcx_mcsta.max.log"

Fri Apr 24 21:53:39 UTC 2026 - Executing "openroad -exit /openlane/scripts/openroad/rcx.tcl |& tee /dev/null /openlane/designs/Reformer/runs/MS3/logs/signoff/29-parasitics_extraction.nom.log"

Fri Apr 24 21:53:40 UTC 2026 - Executing "sta -exit -no_init /openlane/scripts/openroad/sta/multi_corner.tcl |& tee /dev/null /openlane/designs/Reformer/runs/MS3/logs/signoff/30-rcx_mcsta.nom.log"

Fri Apr 24 21:53:41 UTC 2026 - Executing "sta -exit -no_init /openlane/scripts/openroad/sta/multi_corner.tcl |& tee /dev/null /openlane/designs/Reformer/runs/MS3/logs/signoff/31-rcx_sta.log"

Fri Apr 24 21:53:42 UTC 2026 - Executing "openroad -exit /openlane/scripts/openroad/irdrop.tcl |& tee /dev/null /openlane/designs/Reformer/runs/MS3/logs/signoff/32-irdrop.log"

Fri Apr 24 21:53:42 UTC 2026 - Executing "magic -noconsole -dnull -rcfile /home/charlie/.ciel/sky130A/libs.tech/magic/sky130A.magicrc < /openlane/scripts/magic/wrapper.tcl |& tee /dev/null /openlane/designs/Reformer/runs/MS3/logs/signoff/33-gdsii.log"

Fri Apr 24 21:53:42 UTC 2026 - Executing "magic -noconsole -dnull -rcfile /home/charlie/.ciel/sky130A/libs.tech/magic/sky130A.magicrc < /openlane/scripts/magic/wrapper.tcl |& tee /dev/null /openlane/designs/Reformer/runs/MS3/logs/signoff/33-gds_ptrs.log"

Fri Apr 24 21:53:43 UTC 2026 - Executing "sed -i.bak -n {/^<< properties >>/,/^<< end >>/p} /openlane/designs/Reformer/runs/MS3/tmp/signoff/gds_ptrs.mag"

Fri Apr 24 21:53:43 UTC 2026 - Executing "magic -noconsole -dnull -rcfile /home/charlie/.ciel/sky130A/libs.tech/magic/sky130A.magicrc < /openlane/scripts/magic/wrapper.tcl |& tee /dev/null /openlane/designs/Reformer/runs/MS3/logs/signoff/33-lef.log"

Fri Apr 24 21:53:43 UTC 2026 - Executing "magic -noconsole -dnull -rcfile /home/charlie/.ciel/sky130A/libs.tech/magic/sky130A.magicrc < /openlane/scripts/magic/wrapper.tcl |& tee /dev/null /openlane/designs/Reformer/runs/MS3/logs/signoff/33-maglef.log"

Fri Apr 24 21:53:43 UTC 2026 - Executing "python3 /openlane/scripts/klayout/stream_out.py --output /openlane/designs/Reformer/runs/MS3/results/signoff/top.klayout.gds --lyt /home/charlie/.ciel/sky130A/libs.tech/klayout/tech/sky130A.lyt --lym /home/charlie/.ciel/sky130A/libs.tech/klayout/tech/sky130A.map --lyp /home/charlie/.ciel/sky130A/libs.tech/klayout/tech/sky130A.lyp --top top --with-gds-file /home/charlie/.ciel/sky130A/libs.ref/sky130_fd_sc_hd/gds/sky130_fd_sc_hd.gds --input-lef /openlane/designs/Reformer/runs/MS3/tmp/merged.nom.lef /openlane/designs/Reformer/runs/MS3/results/routing/top.def |& tee /dev/null /openlane/designs/Reformer/runs/MS3/logs/signoff/34-gdsii-klayout.log"

Fri Apr 24 21:53:44 UTC 2026 - Executing "klayout -b -r /openlane/scripts/klayout/xor.drc -rd a=/openlane/designs/Reformer/runs/MS3/results/signoff/top.gds -rd b=/openlane/designs/Reformer/runs/MS3/results/signoff/top.klayout.gds -rd jobs=1 -rd rdb_out=/openlane/designs/Reformer/runs/MS3/reports/signoff/35-xor.xml -rd ignore=81/14 -rd rpt_out=/openlane/designs/Reformer/runs/MS3/reports/signoff/35-xor.rpt |& tee /dev/null /openlane/designs/Reformer/runs/MS3/logs/signoff/35-xor.log"

Fri Apr 24 21:53:45 UTC 2026 - Executing "magic -noconsole -dnull -rcfile /home/charlie/.ciel/sky130A/libs.tech/magic/sky130A.magicrc < /openlane/scripts/magic/wrapper.tcl |& tee /dev/null /openlane/designs/Reformer/runs/MS3/logs/signoff/36-gds.spice.log"

Fri Apr 24 21:53:46 UTC 2026 - Executing "openroad -exit -no_init -python /openlane/scripts/odbpy/power_utils.py write_powered_def --output /openlane/designs/Reformer/runs/MS3/tmp/signoff/36-top.p.def --input-lef /openlane/designs/Reformer/runs/MS3/tmp/merged.nom.lef --power-port VPWR --ground-port VGND --powered-netlist {} /openlane/designs/Reformer/runs/MS3/results/routing/top.def |& tee /dev/null /openlane/designs/Reformer/runs/MS3/logs/signoff/37-write_powered_def.log"

Fri Apr 24 21:53:46 UTC 2026 - Executing "openroad -exit /openlane/scripts/openroad/write_views.tcl |& tee /dev/null /openlane/designs/Reformer/runs/MS3/logs/signoff/37-write_powered_verilog.log"

Fri Apr 24 21:53:47 UTC 2026 - Executing "sed -i.bak -e {s/\(set ::env(CURRENT_NETLIST)\).*/\1 \/openlane\/designs\/Reformer\/runs\/MS3\/tmp\/signoff\/36-top.nl.v/} /openlane/designs/Reformer/runs/MS3/config.tcl"

Fri Apr 24 21:53:47 UTC 2026 - Executing "netgen -batch source /openlane/designs/Reformer/runs/MS3/tmp/signoff/39-setup_file.gds.lvs |& tee /dev/null /openlane/designs/Reformer/runs/MS3/logs/signoff/39-lvs.gds.log"

Fri Apr 24 21:53:47 UTC 2026 - Executing "magic -noconsole -dnull -rcfile /home/charlie/.ciel/sky130A/libs.tech/magic/sky130A.magicrc < /openlane/scripts/magic/wrapper.tcl |& tee /dev/null /openlane/designs/Reformer/runs/MS3/logs/signoff/40-drc.log"

Fri Apr 24 21:53:48 UTC 2026 - Executing "python3 /openlane/scripts/drc_rosetta.py magic to_tcl -o /openlane/designs/Reformer/runs/MS3/reports/signoff/drc.tcl /openlane/designs/Reformer/runs/MS3/reports/signoff/drc.rpt"

Fri Apr 24 21:53:48 UTC 2026 - Executing "python3 /openlane/scripts/drc_rosetta.py magic to_tr -o /openlane/designs/Reformer/runs/MS3/reports/signoff/drc.tr /openlane/designs/Reformer/runs/MS3/reports/signoff/drc.rpt"

Fri Apr 24 21:53:48 UTC 2026 - Executing "python3 /openlane/scripts/drc_rosetta.py tr to_klayout -o /openlane/designs/Reformer/runs/MS3/reports/signoff/drc.klayout.xml --design-name top /openlane/designs/Reformer/runs/MS3/reports/signoff/drc.tr"

Fri Apr 24 21:53:48 UTC 2026 - Executing "python3 /openlane/scripts/drc_rosetta.py magic to_rdb -o /openlane/designs/Reformer/runs/MS3/reports/signoff/drc.rdb /openlane/designs/Reformer/runs/MS3/reports/signoff/drc.rpt"

Fri Apr 24 21:53:48 UTC 2026 - Executing "openroad -exit /openlane/scripts/openroad/antenna_check.tcl |& tee /dev/null /openlane/designs/Reformer/runs/MS3/logs/signoff/41-arc.log"

Fri Apr 24 21:53:48 UTC 2026 - Executing "python3 /openlane/scripts/extract_antenna_violators.py --output /openlane/designs/Reformer/runs/MS3/reports/signoff/41-antenna_violators.rpt --plain-out /openlane/designs/Reformer/runs/MS3/reports/signoff/41-antenna_violators_pins.txt /openlane/designs/Reformer/runs/MS3/logs/signoff/41-arc.log"

