OpenROAD 41a51eaf4ca2171c92ff38afb91eb37bbd3f36da 
This program is licensed under the BSD-3 license. See the LICENSE file for details.
Components of this program may be licensed under more restrictive licenses which must be honored.
[INFO]: Reading ODB at '/openlane/designs/Reformer/runs/MS3/results/floorplan/top.odb'…
define_corners Typical
read_liberty -corner Typical /home/charlie/.ciel/sky130A/libs.ref/sky130_fd_sc_hd/lib/sky130_fd_sc_hd__tt_025C_1v80.lib
Using 1e-12 for capacitance...
Using 1e+03 for resistance...
Using 1e-09 for time...
Using 1e+00 for voltage...
Using 1e-03 for current...
Using 1e-09 for power...
Using 1e-06 for distance...
Reading design constraints file at '/openlane/designs/Reformer/runs/MS3/tmp/floorplan/3-initial_fp.sdc'…
[INFO]: Setting RC values...
[INFO]: Setting signal min routing layer to: met1 and clock min routing layer to met3. 
[INFO]: Setting signal max routing layer to: met5 and clock max routing layer to met5. 
[INFO GPL-0002] DBU: 1000
[INFO GPL-0003] SiteSize: 460 2720
[INFO GPL-0004] CoreAreaLxLy: 5520 10880
[INFO GPL-0005] CoreAreaUxUy: 97060 100640
[INFO GPL-0006] NumInstances: 447
[INFO GPL-0007] NumPlaceInstances: 276
[INFO GPL-0008] NumFixedInstances: 171
[INFO GPL-0009] NumDummyInstances: 0
[INFO GPL-0010] NumNets: 294
[INFO GPL-0011] NumPins: 991
[INFO GPL-0012] DieAreaLxLy: 0 0
[INFO GPL-0013] DieAreaUxUy: 103025 113745
[INFO GPL-0014] CoreAreaLxLy: 5520 10880
[INFO GPL-0015] CoreAreaUxUy: 97060 100640
[INFO GPL-0016] CoreArea: 8216630400
[INFO GPL-0017] NonPlaceInstsArea: 379113600
[INFO GPL-0018] PlaceInstsArea: 3384496000
[INFO GPL-0019] Util(%): 43.18
[INFO GPL-0020] StdInstsArea: 3384496000
[INFO GPL-0021] MacroInstsArea: 0
[InitialPlace]  Iter: 1 CG residual: 0.00000009 HPWL: 4747795
[InitialPlace]  Iter: 2 CG residual: 0.00000010 HPWL: 4449503
[InitialPlace]  Iter: 3 CG residual: 0.00000011 HPWL: 4289187
[InitialPlace]  Iter: 4 CG residual: 0.00000003 HPWL: 4234445
[InitialPlace]  Iter: 5 CG residual: 0.00000011 HPWL: 4181148
[INFO GPL-0031] FillerInit: NumGCells: 353
[INFO GPL-0032] FillerInit: NumGNets: 294
[INFO GPL-0033] FillerInit: NumGPins: 991
[INFO GPL-0023] TargetDensity: 0.55
[INFO GPL-0024] AveragePlaceInstArea: 12262666
[INFO GPL-0025] IdealBinArea: 22295756
[INFO GPL-0026] IdealBinCnt: 368
[INFO GPL-0027] TotalBinArea: 8216630400
[INFO GPL-0028] BinCnt: 16 16
[INFO GPL-0029] BinSize: 5722 5610
[INFO GPL-0030] NumBins: 256
[NesterovSolve] Iter: 1 overflow: 0.859718 HPWL: 2184211
[NesterovSolve] Iter: 10 overflow: 0.789853 HPWL: 2407494
[INFO GPL-0100] worst slack 1.87e-08
[INFO GPL-0103] Weighted 28 nets.
[NesterovSolve] Iter: 20 overflow: 0.754789 HPWL: 2409280
[NesterovSolve] Iter: 30 overflow: 0.730301 HPWL: 2408174
[NesterovSolve] Iter: 40 overflow: 0.713884 HPWL: 2406441
[NesterovSolve] Iter: 50 overflow: 0.701834 HPWL: 2411406
[NesterovSolve] Iter: 60 overflow: 0.695453 HPWL: 2410982
[NesterovSolve] Iter: 70 overflow: 0.697478 HPWL: 2410727
[NesterovSolve] Iter: 80 overflow: 0.702999 HPWL: 2407777
[NesterovSolve] Iter: 90 overflow: 0.707923 HPWL: 2404047
[NesterovSolve] Iter: 100 overflow: 0.70982 HPWL: 2402092
[NesterovSolve] Iter: 110 overflow: 0.710054 HPWL: 2402127
[NesterovSolve] Iter: 120 overflow: 0.708732 HPWL: 2404267
[NesterovSolve] Iter: 130 overflow: 0.705753 HPWL: 2407497
[NesterovSolve] Iter: 140 overflow: 0.702188 HPWL: 2410892
[NesterovSolve] Iter: 150 overflow: 0.698751 HPWL: 2415000
[NesterovSolve] Iter: 160 overflow: 0.695319 HPWL: 2420268
[NesterovSolve] Iter: 170 overflow: 0.690331 HPWL: 2427507
[NesterovSolve] Iter: 180 overflow: 0.678459 HPWL: 2436520
[NesterovSolve] Iter: 190 overflow: 0.662634 HPWL: 2450811
[NesterovSolve] Iter: 200 overflow: 0.636056 HPWL: 2473029
[INFO GPL-0100] worst slack 1.87e-08
[INFO GPL-0103] Weighted 29 nets.
[NesterovSolve] Iter: 210 overflow: 0.608356 HPWL: 2499107
[NesterovSolve] Snapshot saved at iter = 214
[NesterovSolve] Iter: 220 overflow: 0.589265 HPWL: 2538131
[NesterovSolve] Iter: 230 overflow: 0.557463 HPWL: 2585675
[NesterovSolve] Iter: 240 overflow: 0.53304 HPWL: 2639835
[NesterovSolve] Iter: 250 overflow: 0.485745 HPWL: 2720581
[INFO GPL-0100] worst slack 1.87e-08
[INFO GPL-0103] Weighted 28 nets.
[NesterovSolve] Iter: 260 overflow: 0.448522 HPWL: 2779485
[NesterovSolve] Iter: 270 overflow: 0.418287 HPWL: 2875040
[NesterovSolve] Iter: 280 overflow: 0.37474 HPWL: 2942777
[NesterovSolve] Iter: 290 overflow: 0.331698 HPWL: 2976716
[NesterovSolve] Iter: 300 overflow: 0.303587 HPWL: 3019757
[INFO GPL-0100] worst slack 1.87e-08
[INFO GPL-0103] Weighted 26 nets.
[NesterovSolve] Iter: 310 overflow: 0.270757 HPWL: 3079225
[NesterovSolve] Iter: 320 overflow: 0.239125 HPWL: 3116480
[NesterovSolve] Iter: 330 overflow: 0.21304 HPWL: 3141430
[INFO GPL-0100] worst slack 1.87e-08
[INFO GPL-0103] Weighted 28 nets.
[INFO GPL-0075] Routability numCall: 1 inflationIterCnt: 1 bloatIterCnt: 0
[INFO GPL-0036] TileLxLy: 0 0
[INFO GPL-0037] TileSize: 6900 6900
[INFO GPL-0038] TileCnt: 14 16
[INFO GPL-0039] numRoutingLayers: 6
[INFO GPL-0040] NumTiles: 224
[INFO GPL-0063] TotalRouteOverflowH2: 0.0
[INFO GPL-0064] TotalRouteOverflowV2: 0.0
[INFO GPL-0065] OverflowTileCnt2: 0
[INFO GPL-0066] 0.5%RC: 1.0
[INFO GPL-0067] 1.0%RC: 1.0
[INFO GPL-0068] 2.0%RC: 0.9954545443708246
[INFO GPL-0069] 5.0%RC: 0.9351851829776058
[INFO GPL-0070] 0.5rcK: 1.0
[INFO GPL-0071] 1.0rcK: 1.0
[INFO GPL-0072] 2.0rcK: 0.0
[INFO GPL-0073] 5.0rcK: 0.0
[INFO GPL-0074] FinalRC: 1.0
[NesterovSolve] Iter: 340 overflow: 0.186827 HPWL: 3166702
[NesterovSolve] Iter: 350 overflow: 0.16634 HPWL: 3188876
[INFO GPL-0100] worst slack 1.87e-08
[INFO GPL-0103] Weighted 29 nets.
[NesterovSolve] Iter: 360 overflow: 0.136485 HPWL: 3205623
[NesterovSolve] Iter: 370 overflow: 0.1083 HPWL: 3228856
[NesterovSolve] Finished with Overflow: 0.099812
Setting global connections for newly added cells…
Writing OpenROAD database to '/openlane/designs/Reformer/runs/MS3/tmp/placement/7-global.odb'…
Writing netlist to '/openlane/designs/Reformer/runs/MS3/tmp/placement/7-global.nl.v'…
Writing powered netlist to '/openlane/designs/Reformer/runs/MS3/tmp/placement/7-global.pnl.v'…
Writing layout to '/openlane/designs/Reformer/runs/MS3/tmp/placement/7-global.def'…
