
 /----------------------------------------------------------------------------\
 |                                                                            |
 |  yosys -- Yosys Open SYnthesis Suite                                       |
 |                                                                            |
 |  Copyright (C) 2012 - 2020  Claire Xenia Wolf <claire@yosyshq.com>         |
 |                                                                            |
 |  Permission to use, copy, modify, and/or distribute this software for any  |
 |  purpose with or without fee is hereby granted, provided that the above    |
 |  copyright notice and this permission notice appear in all copies.         |
 |                                                                            |
 |  THE SOFTWARE IS PROVIDED "AS IS" AND THE AUTHOR DISCLAIMS ALL WARRANTIES  |
 |  WITH REGARD TO THIS SOFTWARE INCLUDING ALL IMPLIED WARRANTIES OF          |
 |  MERCHANTABILITY AND FITNESS. IN NO EVENT SHALL THE AUTHOR BE LIABLE FOR   |
 |  ANY SPECIAL, DIRECT, INDIRECT, OR CONSEQUENTIAL DAMAGES OR ANY DAMAGES    |
 |  WHATSOEVER RESULTING FROM LOSS OF USE, DATA OR PROFITS, WHETHER IN AN     |
 |  ACTION OF CONTRACT, NEGLIGENCE OR OTHER TORTIOUS ACTION, ARISING OUT OF   |
 |  OR IN CONNECTION WITH THE USE OR PERFORMANCE OF THIS SOFTWARE.            |
 |                                                                            |
 \----------------------------------------------------------------------------/

 Yosys 0.30+48 (git sha1 14d50a176d5, gcc 8.3.1 -fPIC -Os)

[TCL: yosys -import] Command name collision: found pre-existing command `cd' -> skip.
[TCL: yosys -import] Command name collision: found pre-existing command `eval' -> skip.
[TCL: yosys -import] Command name collision: found pre-existing command `exec' -> skip.
[TCL: yosys -import] Command name collision: found pre-existing command `read' -> skip.
[TCL: yosys -import] Command name collision: found pre-existing command `trace' -> skip.

1. Executing Verilog-2005 frontend: /openlane/designs/Reformer/src/top.sv
Parsing SystemVerilog input from `/openlane/designs/Reformer/src/top.sv' to AST representation.
Generating RTLIL representation for module `\top'.
Successfully finished Verilog frontend.

2. Executing Verilog-2005 frontend: /openlane/designs/Reformer/src/Control.sv
Parsing SystemVerilog input from `/openlane/designs/Reformer/src/Control.sv' to AST representation.
Generating RTLIL representation for module `\Control'.
Successfully finished Verilog frontend.

3. Executing Verilog-2005 frontend: /openlane/designs/Reformer/src/ArgMaxSync.sv
Parsing SystemVerilog input from `/openlane/designs/Reformer/src/ArgMaxSync.sv' to AST representation.
Generating RTLIL representation for module `\ArgMaxSync'.
Successfully finished Verilog frontend.

4. Executing Verilog-2005 frontend: /openlane/designs/Reformer/src/SortingUnit.sv
Parsing SystemVerilog input from `/openlane/designs/Reformer/src/SortingUnit.sv' to AST representation.
Generating RTLIL representation for module `\SortingUnit'.
Warning: Replacing memory \bucket_reg with list of registers. See /openlane/designs/Reformer/src/SortingUnit.sv:85
Successfully finished Verilog frontend.

5. Generating Graphviz representation of design.
Writing dot description to `/openlane/designs/Reformer/runs/MS2/tmp/synthesis/hierarchy.dot'.
Dumping module top to page 1.

6. Executing HIERARCHY pass (managing design hierarchy).

6.1. Analyzing design hierarchy..
Top module:  \top
Used module:     \SortingUnit
Used module:     \ArgMaxSync
Used module:     \Control
Parameter \B = 8
Parameter \IDX_W = 3

6.2. Executing AST frontend in derive mode using pre-parsed AST for module `\Control'.
Parameter \B = 8
Parameter \IDX_W = 3
Generating RTLIL representation for module `$paramod$da9e9f4d3952edab7bb2e561242d4edf23314e22\Control'.
Reprocessing module top because instantiated module SortingUnit has become available.
Generating RTLIL representation for module `\top'.

6.3. Analyzing design hierarchy..
Top module:  \top
Used module:     \SortingUnit
Used module:     \ArgMaxSync
Used module:     \Control
Parameter \B = 8
Parameter \IDX_W = 3
Found cached RTLIL representation for module `$paramod$da9e9f4d3952edab7bb2e561242d4edf23314e22\Control'.

6.4. Analyzing design hierarchy..
Top module:  \top
Used module:     \SortingUnit
Used module:     \ArgMaxSync
Used module:     $paramod$da9e9f4d3952edab7bb2e561242d4edf23314e22\Control

6.5. Analyzing design hierarchy..
Top module:  \top
Used module:     \SortingUnit
Used module:     \ArgMaxSync
Used module:     $paramod$da9e9f4d3952edab7bb2e561242d4edf23314e22\Control
Removing unused module `\Control'.
Removed 1 unused modules.

7. Executing TRIBUF pass.

8. Executing HIERARCHY pass (managing design hierarchy).

8.1. Analyzing design hierarchy..
Top module:  \top
Used module:     \SortingUnit
Used module:     \ArgMaxSync
Used module:     $paramod$da9e9f4d3952edab7bb2e561242d4edf23314e22\Control

8.2. Analyzing design hierarchy..
Top module:  \top
Used module:     \SortingUnit
Used module:     \ArgMaxSync
Used module:     $paramod$da9e9f4d3952edab7bb2e561242d4edf23314e22\Control
Removed 0 unused modules.

9. Executing PROC_CLEAN pass (remove empty switches from decision trees).
Cleaned up 0 empty switches.

10. Executing PROC_RMDEAD pass (remove dead branches from decision trees).
Marked 4 switch rules as full_case in process $proc$/openlane/designs/Reformer/src/SortingUnit.sv:83$40 in module SortingUnit.
Marked 6 switch rules as full_case in process $proc$/openlane/designs/Reformer/src/SortingUnit.sv:0$12 in module SortingUnit.
Marked 1 switch rules as full_case in process $proc$/openlane/designs/Reformer/src/ArgMaxSync.sv:28$6 in module ArgMaxSync.
Marked 1 switch rules as full_case in process $proc$/openlane/designs/Reformer/src/Control.sv:33$45 in module $paramod$da9e9f4d3952edab7bb2e561242d4edf23314e22\Control.
Removed a total of 0 dead cases.

11. Executing PROC_PRUNE pass (remove redundant assignments in processes).
Removed 2 redundant assignments.
Promoted 18 assignments to connections.

12. Executing PROC_INIT pass (extract init attributes).

13. Executing PROC_ARST pass (detect async resets in processes).
Found async reset \rst_n in `\SortingUnit.$proc$/openlane/designs/Reformer/src/SortingUnit.sv:83$40'.
Found async reset \rst_n in `\ArgMaxSync.$proc$/openlane/designs/Reformer/src/ArgMaxSync.sv:28$6'.
Found async reset \rst_n in `$paramod$da9e9f4d3952edab7bb2e561242d4edf23314e22\Control.$proc$/openlane/designs/Reformer/src/Control.sv:33$45'.

14. Executing PROC_ROM pass (convert switches to ROMs).
Converted 0 switches.
<suppressed ~14 debug messages>

15. Executing PROC_MUX pass (convert decision trees to multiplexers).
Creating decoders for process `\SortingUnit.$proc$/openlane/designs/Reformer/src/SortingUnit.sv:83$40'.
     1/11: $0\out_valid_r[0:0]
     2/11: $0\bucket_reg[4][2:0]
     3/11: $0\bucket_reg[3][2:0]
     4/11: $0\bucket_reg[2][2:0]
     5/11: $0\bucket_reg[1][2:0]
     6/11: $0\bucket_reg[0][2:0]
     7/11: $0\out_bucket_r[2:0]
     8/11: $0\out_index_r[2:0]
     9/11: $0\busy[0:0]
    10/11: $0\bucket_counter[2:0]
    11/11: $0\valid_reg[4:0]
Creating decoders for process `\SortingUnit.$proc$/openlane/designs/Reformer/src/SortingUnit.sv:0$12'.
     1/14: $1\valid_after_clear[4:0]
     2/14: $1$bitselwrite$data$/openlane/designs/Reformer/src/SortingUnit.sv:80$10[4:0]$29
     3/14: $1$bitselwrite$mask$/openlane/designs/Reformer/src/SortingUnit.sv:80$9[4:0]$28
     4/14: $1$bitselwrite$sel$/openlane/designs/Reformer/src/SortingUnit.sv:80$11[2:0]$30
     5/14: $5\sel_index[2:0]
     6/14: $5\sel_valid[0:0]
     7/14: $4\sel_index[2:0]
     8/14: $4\sel_valid[0:0]
     9/14: $3\sel_index[2:0]
    10/14: $3\sel_valid[0:0]
    11/14: $2\sel_index[2:0]
    12/14: $2\sel_valid[0:0]
    13/14: $1\sel_index[2:0]
    14/14: $1\sel_valid[0:0]
Creating decoders for process `\ArgMaxSync.$proc$/openlane/designs/Reformer/src/ArgMaxSync.sv:28$6'.
     1/2: $0\b_i[2:0]
     2/2: $0\max[2:0]
Creating decoders for process `\top.$proc$/openlane/designs/Reformer/src/top.sv:0$60'.
Creating decoders for process `$paramod$da9e9f4d3952edab7bb2e561242d4edf23314e22\Control.$proc$/openlane/designs/Reformer/src/Control.sv:33$45'.
     1/2: $0\start_sort[0:0]
     2/2: $0\idx_cnt[2:0]

16. Executing PROC_DLATCH pass (convert process syncs to latches).
No latch inferred for signal `\SortingUnit.\match' from process `\SortingUnit.$proc$/openlane/designs/Reformer/src/SortingUnit.sv:0$12'.
No latch inferred for signal `\SortingUnit.\any_match' from process `\SortingUnit.$proc$/openlane/designs/Reformer/src/SortingUnit.sv:0$12'.
No latch inferred for signal `\SortingUnit.\any_valid' from process `\SortingUnit.$proc$/openlane/designs/Reformer/src/SortingUnit.sv:0$12'.
No latch inferred for signal `\SortingUnit.\sel_index' from process `\SortingUnit.$proc$/openlane/designs/Reformer/src/SortingUnit.sv:0$12'.
No latch inferred for signal `\SortingUnit.\sel_valid' from process `\SortingUnit.$proc$/openlane/designs/Reformer/src/SortingUnit.sv:0$12'.
No latch inferred for signal `\SortingUnit.\valid_after_clear' from process `\SortingUnit.$proc$/openlane/designs/Reformer/src/SortingUnit.sv:0$12'.
No latch inferred for signal `\SortingUnit.$bitselwrite$mask$/openlane/designs/Reformer/src/SortingUnit.sv:80$9' from process `\SortingUnit.$proc$/openlane/designs/Reformer/src/SortingUnit.sv:0$12'.
No latch inferred for signal `\SortingUnit.$bitselwrite$data$/openlane/designs/Reformer/src/SortingUnit.sv:80$10' from process `\SortingUnit.$proc$/openlane/designs/Reformer/src/SortingUnit.sv:0$12'.
No latch inferred for signal `\SortingUnit.$bitselwrite$sel$/openlane/designs/Reformer/src/SortingUnit.sv:80$11' from process `\SortingUnit.$proc$/openlane/designs/Reformer/src/SortingUnit.sv:0$12'.
No latch inferred for signal `\top.\b_i[0]' from process `\top.$proc$/openlane/designs/Reformer/src/top.sv:0$60'.
No latch inferred for signal `\top.\b_i[1]' from process `\top.$proc$/openlane/designs/Reformer/src/top.sv:0$60'.
No latch inferred for signal `\top.\b_i[2]' from process `\top.$proc$/openlane/designs/Reformer/src/top.sv:0$60'.
No latch inferred for signal `\top.\b_i[3]' from process `\top.$proc$/openlane/designs/Reformer/src/top.sv:0$60'.
No latch inferred for signal `\top.\b_i[4]' from process `\top.$proc$/openlane/designs/Reformer/src/top.sv:0$60'.

17. Executing PROC_DFF pass (convert process syncs to FFs).
Creating register for signal `\SortingUnit.\valid_reg' using process `\SortingUnit.$proc$/openlane/designs/Reformer/src/SortingUnit.sv:83$40'.
  created $adff cell `$procdff$244' with positive edge clock and negative level reset.
Creating register for signal `\SortingUnit.\bucket_counter' using process `\SortingUnit.$proc$/openlane/designs/Reformer/src/SortingUnit.sv:83$40'.
  created $adff cell `$procdff$245' with positive edge clock and negative level reset.
Creating register for signal `\SortingUnit.\busy' using process `\SortingUnit.$proc$/openlane/designs/Reformer/src/SortingUnit.sv:83$40'.
  created $adff cell `$procdff$246' with positive edge clock and negative level reset.
Creating register for signal `\SortingUnit.\out_index_r' using process `\SortingUnit.$proc$/openlane/designs/Reformer/src/SortingUnit.sv:83$40'.
  created $adff cell `$procdff$247' with positive edge clock and negative level reset.
Creating register for signal `\SortingUnit.\out_bucket_r' using process `\SortingUnit.$proc$/openlane/designs/Reformer/src/SortingUnit.sv:83$40'.
  created $adff cell `$procdff$248' with positive edge clock and negative level reset.
Creating register for signal `\SortingUnit.\out_valid_r' using process `\SortingUnit.$proc$/openlane/designs/Reformer/src/SortingUnit.sv:83$40'.
  created $adff cell `$procdff$249' with positive edge clock and negative level reset.
Creating register for signal `\SortingUnit.\bucket_reg[0]' using process `\SortingUnit.$proc$/openlane/designs/Reformer/src/SortingUnit.sv:83$40'.
  created $adff cell `$procdff$250' with positive edge clock and negative level reset.
Creating register for signal `\SortingUnit.\bucket_reg[1]' using process `\SortingUnit.$proc$/openlane/designs/Reformer/src/SortingUnit.sv:83$40'.
  created $adff cell `$procdff$251' with positive edge clock and negative level reset.
Creating register for signal `\SortingUnit.\bucket_reg[2]' using process `\SortingUnit.$proc$/openlane/designs/Reformer/src/SortingUnit.sv:83$40'.
  created $adff cell `$procdff$252' with positive edge clock and negative level reset.
Creating register for signal `\SortingUnit.\bucket_reg[3]' using process `\SortingUnit.$proc$/openlane/designs/Reformer/src/SortingUnit.sv:83$40'.
  created $adff cell `$procdff$253' with positive edge clock and negative level reset.
Creating register for signal `\SortingUnit.\bucket_reg[4]' using process `\SortingUnit.$proc$/openlane/designs/Reformer/src/SortingUnit.sv:83$40'.
  created $adff cell `$procdff$254' with positive edge clock and negative level reset.
Creating register for signal `\ArgMaxSync.\max' using process `\ArgMaxSync.$proc$/openlane/designs/Reformer/src/ArgMaxSync.sv:28$6'.
  created $adff cell `$procdff$255' with positive edge clock and negative level reset.
Creating register for signal `\ArgMaxSync.\b_i' using process `\ArgMaxSync.$proc$/openlane/designs/Reformer/src/ArgMaxSync.sv:28$6'.
  created $adff cell `$procdff$256' with positive edge clock and negative level reset.
Creating register for signal `$paramod$da9e9f4d3952edab7bb2e561242d4edf23314e22\Control.\idx_cnt' using process `$paramod$da9e9f4d3952edab7bb2e561242d4edf23314e22\Control.$proc$/openlane/designs/Reformer/src/Control.sv:33$45'.
  created $adff cell `$procdff$257' with positive edge clock and negative level reset.
Creating register for signal `$paramod$da9e9f4d3952edab7bb2e561242d4edf23314e22\Control.\start_sort' using process `$paramod$da9e9f4d3952edab7bb2e561242d4edf23314e22\Control.$proc$/openlane/designs/Reformer/src/Control.sv:33$45'.
  created $adff cell `$procdff$258' with positive edge clock and negative level reset.

18. Executing PROC_MEMWR pass (convert process memory writes to cells).

19. Executing PROC_CLEAN pass (remove empty switches from decision trees).
Found and cleaned up 5 empty switches in `\SortingUnit.$proc$/openlane/designs/Reformer/src/SortingUnit.sv:83$40'.
Removing empty process `SortingUnit.$proc$/openlane/designs/Reformer/src/SortingUnit.sv:83$40'.
Found and cleaned up 6 empty switches in `\SortingUnit.$proc$/openlane/designs/Reformer/src/SortingUnit.sv:0$12'.
Removing empty process `SortingUnit.$proc$/openlane/designs/Reformer/src/SortingUnit.sv:0$12'.
Found and cleaned up 2 empty switches in `\ArgMaxSync.$proc$/openlane/designs/Reformer/src/ArgMaxSync.sv:28$6'.
Removing empty process `ArgMaxSync.$proc$/openlane/designs/Reformer/src/ArgMaxSync.sv:28$6'.
Removing empty process `top.$proc$/openlane/designs/Reformer/src/top.sv:0$60'.
Found and cleaned up 1 empty switch in `$paramod$da9e9f4d3952edab7bb2e561242d4edf23314e22\Control.$proc$/openlane/designs/Reformer/src/Control.sv:33$45'.
Removing empty process `$paramod$da9e9f4d3952edab7bb2e561242d4edf23314e22\Control.$proc$/openlane/designs/Reformer/src/Control.sv:33$45'.
Cleaned up 14 empty switches.

20. Executing CHECK pass (checking for obvious problems).
Checking module SortingUnit...
Checking module ArgMaxSync...
Checking module top...
Checking module $paramod$da9e9f4d3952edab7bb2e561242d4edf23314e22\Control...
Found and reported 0 problems.

21. Executing OPT_EXPR pass (perform const folding).
Optimizing module SortingUnit.
<suppressed ~3 debug messages>
Optimizing module ArgMaxSync.
Optimizing module top.
Optimizing module $paramod$da9e9f4d3952edab7bb2e561242d4edf23314e22\Control.

22. Executing FLATTEN pass (flatten design).
Deleting now unused module SortingUnit.
Deleting now unused module ArgMaxSync.
Deleting now unused module $paramod$da9e9f4d3952edab7bb2e561242d4edf23314e22\Control.
<suppressed ~7 debug messages>

23. Executing OPT_EXPR pass (perform const folding).
Optimizing module top.

24. Executing OPT_CLEAN pass (remove unused cells and wires).
Finding unused cells or wires in module \top..
Removed 10 unused cells and 167 unused wires.
<suppressed ~13 debug messages>

25. Executing OPT pass (performing simple optimizations).

25.1. Executing OPT_EXPR pass (perform const folding).
Optimizing module top.

25.2. Executing OPT_MERGE pass (detect identical cells).
Finding identical cells in module `\top'.
<suppressed ~3 debug messages>
Removed a total of 1 cells.

25.3. Executing OPT_MUXTREE pass (detect dead branches in mux trees).
Running muxtree optimizer on module \top..
  Creating internal representation of mux trees.
  Evaluating internal representation of mux trees.
      Replacing known input bits on port A of cell $flatten\u_sort.$procmux$108: \u_sort.busy -> 1'0
      Replacing known input bits on port A of cell $flatten\u_sort.$procmux$104: \u_sort.busy -> 1'1
      Replacing known input bits on port B of cell $flatten\u_sort.$procmux$101: \u_sort.busy -> 1'1
  Analyzing evaluation results.
    dead port 1/2 on $mux $flatten\u_sort.$procmux$148.
    dead port 1/2 on $mux $flatten\u_sort.$procmux$151.
    dead port 1/2 on $mux $flatten\u_sort.$procmux$154.
    dead port 1/2 on $mux $flatten\u_sort.$procmux$157.
    dead port 1/2 on $mux $flatten\u_sort.$procmux$163.
    dead port 1/2 on $mux $flatten\u_sort.$procmux$166.
    dead port 1/2 on $mux $flatten\u_sort.$procmux$169.
    dead port 1/2 on $mux $flatten\u_sort.$procmux$172.
    dead port 1/2 on $mux $flatten\u_sort.$procmux$178.
    dead port 1/2 on $mux $flatten\u_sort.$procmux$181.
    dead port 1/2 on $mux $flatten\u_sort.$procmux$184.
    dead port 1/2 on $mux $flatten\u_sort.$procmux$190.
    dead port 1/2 on $mux $flatten\u_sort.$procmux$193.
    dead port 1/2 on $mux $flatten\u_sort.$procmux$196.
    dead port 1/2 on $mux $flatten\u_sort.$procmux$202.
    dead port 1/2 on $mux $flatten\u_sort.$procmux$205.
    dead port 1/2 on $mux $flatten\u_sort.$procmux$211.
    dead port 1/2 on $mux $flatten\u_sort.$procmux$214.
    dead port 1/2 on $mux $flatten\u_sort.$procmux$220.
    dead port 1/2 on $mux $flatten\u_sort.$procmux$226.
Removed 20 multiplexer ports.
<suppressed ~25 debug messages>

25.4. Executing OPT_REDUCE pass (consolidate $*mux and $reduce_* inputs).
  Optimizing cells in module \top.
Performed a total of 0 changes.

25.5. Executing OPT_MERGE pass (detect identical cells).
Finding identical cells in module `\top'.
Removed a total of 0 cells.

25.6. Executing OPT_DFF pass (perform DFF optimizations).

25.7. Executing OPT_CLEAN pass (remove unused cells and wires).
Finding unused cells or wires in module \top..
Removed 0 unused cells and 21 unused wires.
<suppressed ~1 debug messages>

25.8. Executing OPT_EXPR pass (perform const folding).
Optimizing module top.

25.9. Rerunning OPT passes. (Maybe there is more to do..)

25.10. Executing OPT_MUXTREE pass (detect dead branches in mux trees).
Running muxtree optimizer on module \top..
  Creating internal representation of mux trees.
  Evaluating internal representation of mux trees.
  Analyzing evaluation results.
Removed 0 multiplexer ports.
<suppressed ~25 debug messages>

25.11. Executing OPT_REDUCE pass (consolidate $*mux and $reduce_* inputs).
  Optimizing cells in module \top.
Performed a total of 0 changes.

25.12. Executing OPT_MERGE pass (detect identical cells).
Finding identical cells in module `\top'.
Removed a total of 0 cells.

25.13. Executing OPT_DFF pass (perform DFF optimizations).

25.14. Executing OPT_CLEAN pass (remove unused cells and wires).
Finding unused cells or wires in module \top..

25.15. Executing OPT_EXPR pass (perform const folding).
Optimizing module top.

25.16. Finished OPT passes. (There is nothing left to do.)

26. Executing FSM pass (extract and optimize FSM).

26.1. Executing FSM_DETECT pass (finding FSMs in design).
Not marking top.u_sort.out_index_r as FSM state register:
    Register is connected to module port.
    Users of register don't seem to benefit from recoding.

26.2. Executing FSM_EXTRACT pass (extracting FSM from design).

26.3. Executing FSM_OPT pass (simple optimizations of FSMs).

26.4. Executing OPT_CLEAN pass (remove unused cells and wires).
Finding unused cells or wires in module \top..

26.5. Executing FSM_OPT pass (simple optimizations of FSMs).

26.6. Executing FSM_RECODE pass (re-assigning FSM state encoding).

26.7. Executing FSM_INFO pass (dumping all available information on FSM cells).

26.8. Executing FSM_MAP pass (mapping FSMs to basic logic).

27. Executing OPT pass (performing simple optimizations).

27.1. Executing OPT_EXPR pass (perform const folding).
Optimizing module top.

27.2. Executing OPT_MERGE pass (detect identical cells).
Finding identical cells in module `\top'.
Removed a total of 0 cells.

27.3. Executing OPT_MUXTREE pass (detect dead branches in mux trees).
Running muxtree optimizer on module \top..
  Creating internal representation of mux trees.
  Evaluating internal representation of mux trees.
  Analyzing evaluation results.
Removed 0 multiplexer ports.
<suppressed ~25 debug messages>

27.4. Executing OPT_REDUCE pass (consolidate $*mux and $reduce_* inputs).
  Optimizing cells in module \top.
Performed a total of 0 changes.

27.5. Executing OPT_MERGE pass (detect identical cells).
Finding identical cells in module `\top'.
Removed a total of 0 cells.

27.6. Executing OPT_DFF pass (perform DFF optimizations).
Adding EN signal on $flatten\u_sort.$procdff$254 ($adff) from module top (D = \u_am4.b_i, Q = \u_sort.bucket_reg[4]).
Adding EN signal on $flatten\u_sort.$procdff$253 ($adff) from module top (D = \u_am3.b_i, Q = \u_sort.bucket_reg[3]).
Adding EN signal on $flatten\u_sort.$procdff$252 ($adff) from module top (D = \u_am2.b_i, Q = \u_sort.bucket_reg[2]).
Adding EN signal on $flatten\u_sort.$procdff$251 ($adff) from module top (D = \u_am1.b_i, Q = \u_sort.bucket_reg[1]).
Adding EN signal on $flatten\u_sort.$procdff$250 ($adff) from module top (D = \u_am0.b_i, Q = \u_sort.bucket_reg[0]).
Adding EN signal on $flatten\u_sort.$procdff$248 ($adff) from module top (D = \u_sort.bucket_counter, Q = \u_sort.out_bucket_r).
Adding EN signal on $flatten\u_sort.$procdff$247 ($adff) from module top (D = \u_sort.sel_index, Q = \u_sort.out_index_r).
Adding EN signal on $flatten\u_sort.$procdff$245 ($adff) from module top (D = $flatten\u_sort.$0\bucket_counter[2:0], Q = \u_sort.bucket_counter).
Adding EN signal on $flatten\u_sort.$procdff$244 ($adff) from module top (D = $flatten\u_sort.$0\valid_reg[4:0], Q = \u_sort.valid_reg).
Adding EN signal on $flatten\u_control.$procdff$257 ($adff) from module top (D = $flatten\u_control.$add$/openlane/designs/Reformer/src/Control.sv:41$49_Y, Q = \u_control.idx_cnt).
Adding EN signal on $flatten\u_am4.$procdff$256 ($adff) from module top (D = \u_control.idx_cnt, Q = \u_am4.b_i).
Adding EN signal on $flatten\u_am4.$procdff$255 ($adff) from module top (D = \i_value4, Q = \u_am4.max).
Adding EN signal on $flatten\u_am3.$procdff$256 ($adff) from module top (D = \u_control.idx_cnt, Q = \u_am3.b_i).
Adding EN signal on $flatten\u_am3.$procdff$255 ($adff) from module top (D = \i_value3, Q = \u_am3.max).
Adding EN signal on $flatten\u_am2.$procdff$256 ($adff) from module top (D = \u_control.idx_cnt, Q = \u_am2.b_i).
Adding EN signal on $flatten\u_am2.$procdff$255 ($adff) from module top (D = \i_value2, Q = \u_am2.max).
Adding EN signal on $flatten\u_am1.$procdff$256 ($adff) from module top (D = \u_control.idx_cnt, Q = \u_am1.b_i).
Adding EN signal on $flatten\u_am1.$procdff$255 ($adff) from module top (D = \i_value1, Q = \u_am1.max).
Adding EN signal on $flatten\u_am0.$procdff$256 ($adff) from module top (D = \u_control.idx_cnt, Q = \u_am0.b_i).
Adding EN signal on $flatten\u_am0.$procdff$255 ($adff) from module top (D = \i_value0, Q = \u_am0.max).

27.7. Executing OPT_CLEAN pass (remove unused cells and wires).
Finding unused cells or wires in module \top..
Removed 32 unused cells and 32 unused wires.
<suppressed ~33 debug messages>

27.8. Executing OPT_EXPR pass (perform const folding).
Optimizing module top.
<suppressed ~2 debug messages>

27.9. Rerunning OPT passes. (Maybe there is more to do..)

27.10. Executing OPT_MUXTREE pass (detect dead branches in mux trees).
Running muxtree optimizer on module \top..
  Creating internal representation of mux trees.
  Evaluating internal representation of mux trees.
  Analyzing evaluation results.
Removed 0 multiplexer ports.
<suppressed ~7 debug messages>

27.11. Executing OPT_REDUCE pass (consolidate $*mux and $reduce_* inputs).
  Optimizing cells in module \top.
Performed a total of 0 changes.

27.12. Executing OPT_MERGE pass (detect identical cells).
Finding identical cells in module `\top'.
<suppressed ~24 debug messages>
Removed a total of 8 cells.

27.13. Executing OPT_DFF pass (perform DFF optimizations).

27.14. Executing OPT_CLEAN pass (remove unused cells and wires).
Finding unused cells or wires in module \top..
Removed 0 unused cells and 8 unused wires.
<suppressed ~1 debug messages>

27.15. Executing OPT_EXPR pass (perform const folding).
Optimizing module top.

27.16. Rerunning OPT passes. (Maybe there is more to do..)

27.17. Executing OPT_MUXTREE pass (detect dead branches in mux trees).
Running muxtree optimizer on module \top..
  Creating internal representation of mux trees.
  Evaluating internal representation of mux trees.
  Analyzing evaluation results.
Removed 0 multiplexer ports.
<suppressed ~7 debug messages>

27.18. Executing OPT_REDUCE pass (consolidate $*mux and $reduce_* inputs).
  Optimizing cells in module \top.
Performed a total of 0 changes.

27.19. Executing OPT_MERGE pass (detect identical cells).
Finding identical cells in module `\top'.
Removed a total of 0 cells.

27.20. Executing OPT_DFF pass (perform DFF optimizations).

27.21. Executing OPT_CLEAN pass (remove unused cells and wires).
Finding unused cells or wires in module \top..

27.22. Executing OPT_EXPR pass (perform const folding).
Optimizing module top.

27.23. Finished OPT passes. (There is nothing left to do.)

28. Executing WREDUCE pass (reducing word size of cells).
Removed top 2 bits (of 3) from port B of cell top.$flatten\u_sort.$add$/openlane/designs/Reformer/src/SortingUnit.sv:120$44 ($add).
Removed top 28 bits (of 32) from port A of cell top.$flatten\u_sort.$neg$/openlane/designs/Reformer/src/SortingUnit.sv:0$32 ($neg).
Converting cell top.$flatten\u_sort.$neg$/openlane/designs/Reformer/src/SortingUnit.sv:0$32 ($neg) from signed to unsigned.
Removed top 1 bits (of 4) from port A of cell top.$flatten\u_sort.$neg$/openlane/designs/Reformer/src/SortingUnit.sv:0$32 ($neg).

29. Executing PEEPOPT pass (run peephole optimizers).

30. Executing OPT_CLEAN pass (remove unused cells and wires).
Finding unused cells or wires in module \top..

31. Executing ALUMACC pass (create $alu and $macc cells).
Extracting $alu and $macc cells in module top:
  creating $macc model for $flatten\u_control.$add$/openlane/designs/Reformer/src/Control.sv:41$49 ($add).
  creating $macc model for $flatten\u_sort.$add$/openlane/designs/Reformer/src/SortingUnit.sv:120$44 ($add).
  creating $macc model for $flatten\u_sort.$neg$/openlane/designs/Reformer/src/SortingUnit.sv:0$32 ($neg).
  creating $alu model for $macc $flatten\u_sort.$neg$/openlane/designs/Reformer/src/SortingUnit.sv:0$32.
  creating $alu model for $macc $flatten\u_sort.$add$/openlane/designs/Reformer/src/SortingUnit.sv:120$44.
  creating $alu model for $macc $flatten\u_control.$add$/openlane/designs/Reformer/src/Control.sv:41$49.
  creating $alu model for $flatten\u_am0.$gt$/openlane/designs/Reformer/src/ArgMaxSync.sv:34$8 ($gt): new $alu
  creating $alu model for $flatten\u_am1.$gt$/openlane/designs/Reformer/src/ArgMaxSync.sv:34$8 ($gt): new $alu
  creating $alu model for $flatten\u_am2.$gt$/openlane/designs/Reformer/src/ArgMaxSync.sv:34$8 ($gt): new $alu
  creating $alu model for $flatten\u_am3.$gt$/openlane/designs/Reformer/src/ArgMaxSync.sv:34$8 ($gt): new $alu
  creating $alu model for $flatten\u_am4.$gt$/openlane/designs/Reformer/src/ArgMaxSync.sv:34$8 ($gt): new $alu
  creating $alu cell for $flatten\u_am4.$gt$/openlane/designs/Reformer/src/ArgMaxSync.sv:34$8: $auto$alumacc.cc:485:replace_alu$326
  creating $alu cell for $flatten\u_am3.$gt$/openlane/designs/Reformer/src/ArgMaxSync.sv:34$8: $auto$alumacc.cc:485:replace_alu$331
  creating $alu cell for $flatten\u_am2.$gt$/openlane/designs/Reformer/src/ArgMaxSync.sv:34$8: $auto$alumacc.cc:485:replace_alu$336
  creating $alu cell for $flatten\u_am1.$gt$/openlane/designs/Reformer/src/ArgMaxSync.sv:34$8: $auto$alumacc.cc:485:replace_alu$347
  creating $alu cell for $flatten\u_am0.$gt$/openlane/designs/Reformer/src/ArgMaxSync.sv:34$8: $auto$alumacc.cc:485:replace_alu$358
  creating $alu cell for $flatten\u_control.$add$/openlane/designs/Reformer/src/Control.sv:41$49: $auto$alumacc.cc:485:replace_alu$369
  creating $alu cell for $flatten\u_sort.$add$/openlane/designs/Reformer/src/SortingUnit.sv:120$44: $auto$alumacc.cc:485:replace_alu$372
  creating $alu cell for $flatten\u_sort.$neg$/openlane/designs/Reformer/src/SortingUnit.sv:0$32: $auto$alumacc.cc:485:replace_alu$375
  created 8 $alu and 0 $macc cells.

32. Executing SHARE pass (SAT-based resource sharing).

33. Executing OPT pass (performing simple optimizations).

33.1. Executing OPT_EXPR pass (perform const folding).
Optimizing module top.

33.2. Executing OPT_MERGE pass (detect identical cells).
Finding identical cells in module `\top'.
Removed a total of 0 cells.

33.3. Executing OPT_MUXTREE pass (detect dead branches in mux trees).
Running muxtree optimizer on module \top..
  Creating internal representation of mux trees.
  Evaluating internal representation of mux trees.
  Analyzing evaluation results.
Removed 0 multiplexer ports.
<suppressed ~7 debug messages>

33.4. Executing OPT_REDUCE pass (consolidate $*mux and $reduce_* inputs).
  Optimizing cells in module \top.
Performed a total of 0 changes.

33.5. Executing OPT_MERGE pass (detect identical cells).
Finding identical cells in module `\top'.
Removed a total of 0 cells.

33.6. Executing OPT_DFF pass (perform DFF optimizations).

33.7. Executing OPT_CLEAN pass (remove unused cells and wires).
Finding unused cells or wires in module \top..
Removed 0 unused cells and 5 unused wires.
<suppressed ~1 debug messages>

33.8. Executing OPT_EXPR pass (perform const folding).
Optimizing module top.

33.9. Rerunning OPT passes. (Maybe there is more to do..)

33.10. Executing OPT_MUXTREE pass (detect dead branches in mux trees).
Running muxtree optimizer on module \top..
  Creating internal representation of mux trees.
  Evaluating internal representation of mux trees.
  Analyzing evaluation results.
Removed 0 multiplexer ports.
<suppressed ~7 debug messages>

33.11. Executing OPT_REDUCE pass (consolidate $*mux and $reduce_* inputs).
  Optimizing cells in module \top.
Performed a total of 0 changes.

33.12. Executing OPT_MERGE pass (detect identical cells).
Finding identical cells in module `\top'.
Removed a total of 0 cells.

33.13. Executing OPT_DFF pass (perform DFF optimizations).

33.14. Executing OPT_CLEAN pass (remove unused cells and wires).
Finding unused cells or wires in module \top..

33.15. Executing OPT_EXPR pass (perform const folding).
Optimizing module top.

33.16. Finished OPT passes. (There is nothing left to do.)

34. Executing MEMORY pass.

34.1. Executing OPT_MEM pass (optimize memories).
Performed a total of 0 transformations.

34.2. Executing OPT_MEM_PRIORITY pass (removing unnecessary memory write priority relations).
Performed a total of 0 transformations.

34.3. Executing OPT_MEM_FEEDBACK pass (finding memory read-to-write feedback paths).

34.4. Executing MEMORY_BMUX2ROM pass (converting muxes to ROMs).

34.5. Executing MEMORY_DFF pass (merging $dff cells to $memrd).

34.6. Executing OPT_CLEAN pass (remove unused cells and wires).
Finding unused cells or wires in module \top..

34.7. Executing MEMORY_SHARE pass (consolidating $memrd/$memwr cells).

34.8. Executing OPT_MEM_WIDEN pass (optimize memories where all ports are wide).
Performed a total of 0 transformations.

34.9. Executing OPT_CLEAN pass (remove unused cells and wires).
Finding unused cells or wires in module \top..

34.10. Executing MEMORY_COLLECT pass (generating $mem cells).

35. Executing OPT_CLEAN pass (remove unused cells and wires).
Finding unused cells or wires in module \top..

36. Executing OPT pass (performing simple optimizations).

36.1. Executing OPT_EXPR pass (perform const folding).
Optimizing module top.
<suppressed ~16 debug messages>

36.2. Executing OPT_MERGE pass (detect identical cells).
Finding identical cells in module `\top'.
Removed a total of 0 cells.

36.3. Executing OPT_DFF pass (perform DFF optimizations).

36.4. Executing OPT_CLEAN pass (remove unused cells and wires).
Finding unused cells or wires in module \top..
Removed 0 unused cells and 8 unused wires.
<suppressed ~1 debug messages>

36.5. Finished fast OPT passes.

37. Executing MEMORY_MAP pass (converting memories to logic and flip-flops).

38. Executing OPT pass (performing simple optimizations).

38.1. Executing OPT_EXPR pass (perform const folding).
Optimizing module top.

38.2. Executing OPT_MERGE pass (detect identical cells).
Finding identical cells in module `\top'.
Removed a total of 0 cells.

38.3. Executing OPT_MUXTREE pass (detect dead branches in mux trees).
Running muxtree optimizer on module \top..
  Creating internal representation of mux trees.
  Evaluating internal representation of mux trees.
  Analyzing evaluation results.
Removed 0 multiplexer ports.
<suppressed ~6 debug messages>

38.4. Executing OPT_REDUCE pass (consolidate $*mux and $reduce_* inputs).
  Optimizing cells in module \top.
    Consolidated identical input bits for $mux cell $flatten\u_sort.$procmux$145:
      Old ports: A=3'000, B=3'100, Y=$flatten\u_sort.$5\sel_index[2:0]
      New ports: A=1'0, B=1'1, Y=$flatten\u_sort.$5\sel_index[2:0] [2]
      New connections: $flatten\u_sort.$5\sel_index[2:0] [1:0] = 2'00
  Optimizing cells in module \top.
    Consolidated identical input bits for $mux cell $flatten\u_sort.$procmux$175:
      Old ports: A=$flatten\u_sort.$5\sel_index[2:0], B=3'011, Y=$flatten\u_sort.$4\sel_index[2:0]
      New ports: A={ $flatten\u_sort.$5\sel_index[2:0] [2] 1'0 }, B=2'01, Y={ $flatten\u_sort.$4\sel_index[2:0] [2] $flatten\u_sort.$4\sel_index[2:0] [0] }
      New connections: $flatten\u_sort.$4\sel_index[2:0] [1] = $flatten\u_sort.$4\sel_index[2:0] [0]
  Optimizing cells in module \top.
Performed a total of 2 changes.

38.5. Executing OPT_MERGE pass (detect identical cells).
Finding identical cells in module `\top'.
Removed a total of 0 cells.

38.6. Executing OPT_SHARE pass.

38.7. Executing OPT_DFF pass (perform DFF optimizations).

38.8. Executing OPT_CLEAN pass (remove unused cells and wires).
Finding unused cells or wires in module \top..

38.9. Executing OPT_EXPR pass (perform const folding).
Optimizing module top.
<suppressed ~1 debug messages>

38.10. Rerunning OPT passes. (Maybe there is more to do..)

38.11. Executing OPT_MUXTREE pass (detect dead branches in mux trees).
Running muxtree optimizer on module \top..
  Creating internal representation of mux trees.
  Evaluating internal representation of mux trees.
  Analyzing evaluation results.
Removed 0 multiplexer ports.
<suppressed ~6 debug messages>

38.12. Executing OPT_REDUCE pass (consolidate $*mux and $reduce_* inputs).
  Optimizing cells in module \top.
Performed a total of 0 changes.

38.13. Executing OPT_MERGE pass (detect identical cells).
Finding identical cells in module `\top'.
Removed a total of 0 cells.

38.14. Executing OPT_SHARE pass.

38.15. Executing OPT_DFF pass (perform DFF optimizations).

38.16. Executing OPT_CLEAN pass (remove unused cells and wires).
Finding unused cells or wires in module \top..
Removed 0 unused cells and 1 unused wires.
<suppressed ~1 debug messages>

38.17. Executing OPT_EXPR pass (perform const folding).
Optimizing module top.

38.18. Rerunning OPT passes. (Maybe there is more to do..)

38.19. Executing OPT_MUXTREE pass (detect dead branches in mux trees).
Running muxtree optimizer on module \top..
  Creating internal representation of mux trees.
  Evaluating internal representation of mux trees.
  Analyzing evaluation results.
Removed 0 multiplexer ports.
<suppressed ~6 debug messages>

38.20. Executing OPT_REDUCE pass (consolidate $*mux and $reduce_* inputs).
  Optimizing cells in module \top.
Performed a total of 0 changes.

38.21. Executing OPT_MERGE pass (detect identical cells).
Finding identical cells in module `\top'.
Removed a total of 0 cells.

38.22. Executing OPT_SHARE pass.

38.23. Executing OPT_DFF pass (perform DFF optimizations).

38.24. Executing OPT_CLEAN pass (remove unused cells and wires).
Finding unused cells or wires in module \top..

38.25. Executing OPT_EXPR pass (perform const folding).
Optimizing module top.

38.26. Finished OPT passes. (There is nothing left to do.)

39. Executing TECHMAP pass (map to technology primitives).

39.1. Executing Verilog-2005 frontend: /build/bin/../share/yosys/techmap.v
Parsing Verilog input from `/build/bin/../share/yosys/techmap.v' to AST representation.
Generating RTLIL representation for module `\_90_simplemap_bool_ops'.
Generating RTLIL representation for module `\_90_simplemap_reduce_ops'.
Generating RTLIL representation for module `\_90_simplemap_logic_ops'.
Generating RTLIL representation for module `\_90_simplemap_compare_ops'.
Generating RTLIL representation for module `\_90_simplemap_various'.
Generating RTLIL representation for module `\_90_simplemap_registers'.
Generating RTLIL representation for module `\_90_shift_ops_shr_shl_sshl_sshr'.
Generating RTLIL representation for module `\_90_shift_shiftx'.
Generating RTLIL representation for module `\_90_fa'.
Generating RTLIL representation for module `\_90_lcu'.
Generating RTLIL representation for module `\_90_alu'.
Generating RTLIL representation for module `\_90_macc'.
Generating RTLIL representation for module `\_90_alumacc'.
Generating RTLIL representation for module `\$__div_mod_u'.
Generating RTLIL representation for module `\$__div_mod_trunc'.
Generating RTLIL representation for module `\_90_div'.
Generating RTLIL representation for module `\_90_mod'.
Generating RTLIL representation for module `\$__div_mod_floor'.
Generating RTLIL representation for module `\_90_divfloor'.
Generating RTLIL representation for module `\_90_modfloor'.
Generating RTLIL representation for module `\_90_pow'.
Generating RTLIL representation for module `\_90_pmux'.
Generating RTLIL representation for module `\_90_demux'.
Generating RTLIL representation for module `\_90_lut'.
Successfully finished Verilog frontend.

39.2. Continuing TECHMAP pass.
Using extmapper simplemap for cells of type $not.
Using extmapper simplemap for cells of type $adff.
Using extmapper simplemap for cells of type $adffe.
Using template $paramod$3ef7d3dd227da7627a99c5e5a6a4deb817573e39\_90_alu for cells of type $alu.
Using extmapper simplemap for cells of type $logic_and.
Using extmapper simplemap for cells of type $eq.
Using extmapper simplemap for cells of type $reduce_and.
Using extmapper simplemap for cells of type $or.
Using template $paramod$78e969f2586efcf3a5b0b0440bcca0db83d5cca2\_90_alu for cells of type $alu.
Using extmapper simplemap for cells of type $ne.
Using extmapper simplemap for cells of type $reduce_bool.
Using extmapper simplemap for cells of type $mux.
Using extmapper simplemap for cells of type $and.
Using template $paramod$117a422dd91271f31dcbd629d7b52dc0eb1e49ab\_90_alu for cells of type $alu.
Using extmapper simplemap for cells of type $logic_not.
Using template $paramod$constmap:c06b78f242d4c980d3420fa8f50e670e387ca382$paramod$6a768ea13f857082fd895e0a8fcaa27296322f95\_90_shift_shiftx for cells of type $shift.
Analyzing pattern of constant bits for this cell:
  Constant input on bit 0 of port A: 1'1
Creating constmapped module `$paramod$constmap:ace4333b3a3740603e83fa5abfe2d4e22ed1cecd$paramod$6a768ea13f857082fd895e0a8fcaa27296322f95\_90_shift_shiftx'.

39.14. Executing OPT_MUXTREE pass (detect dead branches in mux trees).
Running muxtree optimizer on module $paramod$constmap:ace4333b3a3740603e83fa5abfe2d4e22ed1cecd$paramod$6a768ea13f857082fd895e0a8fcaa27296322f95\_90_shift_shiftx..
  Creating internal representation of mux trees.
  Evaluating internal representation of mux trees.
  Analyzing evaluation results.
    dead port 2/2 on $mux $procmux$733.
    dead port 2/2 on $mux $procmux$727.
    dead port 2/2 on $mux $procmux$721.
    dead port 2/2 on $mux $procmux$715.
Removed 4 multiplexer ports.
<suppressed ~449 debug messages>

39.15. Executing OPT_EXPR pass (perform const folding).
Optimizing module $paramod$constmap:ace4333b3a3740603e83fa5abfe2d4e22ed1cecd$paramod$6a768ea13f857082fd895e0a8fcaa27296322f95\_90_shift_shiftx.
<suppressed ~29 debug messages>
Removed 0 unused cells and 9 unused wires.
Using template $paramod$constmap:ace4333b3a3740603e83fa5abfe2d4e22ed1cecd$paramod$6a768ea13f857082fd895e0a8fcaa27296322f95\_90_shift_shiftx for cells of type $shift.
Using extmapper simplemap for cells of type $reduce_or.
Using extmapper simplemap for cells of type $pos.
Using template $paramod\_90_lcu\WIDTH=32'00000000000000000000000000000011 for cells of type $lcu.
Using extmapper simplemap for cells of type $xor.
Using template $paramod\_90_lcu\WIDTH=32'00000000000000000000000000100000 for cells of type $lcu.
No more expansions possible.
<suppressed ~565 debug messages>

40. Executing OPT pass (performing simple optimizations).

40.1. Executing OPT_EXPR pass (perform const folding).
Optimizing module top.
<suppressed ~484 debug messages>

40.2. Executing OPT_MERGE pass (detect identical cells).
Finding identical cells in module `\top'.
<suppressed ~189 debug messages>
Removed a total of 63 cells.

40.3. Executing OPT_DFF pass (perform DFF optimizations).

40.4. Executing OPT_CLEAN pass (remove unused cells and wires).
Finding unused cells or wires in module \top..
Removed 36 unused cells and 451 unused wires.
<suppressed ~37 debug messages>

40.5. Finished fast OPT passes.

41. Executing ABC pass (technology mapping using ABC).

41.1. Extracting gate netlist of module `\top' to `<abc-temp-dir>/input.blif'..
Extracted 267 gates and 328 wires to a netlist network with 59 inputs and 25 outputs.

41.1.1. Executing ABC.
Running ABC command: "<yosys-exe-dir>/yosys-abc" -s -f <abc-temp-dir>/abc.script 2>&1
ABC: ABC command line: "source <abc-temp-dir>/abc.script".
ABC: 
ABC: + read_blif <abc-temp-dir>/input.blif 
ABC: + read_library <abc-temp-dir>/stdcells.genlib 
ABC: Entered genlib library with 13 gates from file "<abc-temp-dir>/stdcells.genlib".
ABC: + strash 
ABC: + dretime 
ABC: + map 
ABC: + write_blif <abc-temp-dir>/output.blif 

41.1.2. Re-integrating ABC results.
ABC RESULTS:               AND cells:        2
ABC RESULTS:               NOT cells:        5
ABC RESULTS:             ORNOT cells:       16
ABC RESULTS:               NOR cells:        6
ABC RESULTS:              XNOR cells:        8
ABC RESULTS:              NAND cells:        6
ABC RESULTS:               XOR cells:       26
ABC RESULTS:               MUX cells:        8
ABC RESULTS:            ANDNOT cells:       60
ABC RESULTS:                OR cells:       45
ABC RESULTS:        internal signals:      244
ABC RESULTS:           input signals:       59
ABC RESULTS:          output signals:       25
Removing temp directory.

42. Executing OPT pass (performing simple optimizations).

42.1. Executing OPT_EXPR pass (perform const folding).
Optimizing module top.
<suppressed ~2 debug messages>

42.2. Executing OPT_MERGE pass (detect identical cells).
Finding identical cells in module `\top'.
Removed a total of 0 cells.

42.3. Executing OPT_DFF pass (perform DFF optimizations).

42.4. Executing OPT_CLEAN pass (remove unused cells and wires).
Finding unused cells or wires in module \top..
Removed 0 unused cells and 227 unused wires.
<suppressed ~6 debug messages>

42.5. Finished fast OPT passes.

43. Executing HIERARCHY pass (managing design hierarchy).

43.1. Analyzing design hierarchy..
Top module:  \top

43.2. Analyzing design hierarchy..
Top module:  \top
Removed 0 unused modules.

44. Printing statistics.

=== top ===

   Number of wires:                271
   Number of wire bits:            401
   Number of public wires:          93
   Number of public wire bits:     219
   Number of memories:               0
   Number of memory bits:            0
   Number of processes:              0
   Number of cells:                247
     $_ANDNOT_                      60
     $_AND_                          2
     $_DFFE_PN0P_                   62
     $_DFF_PN0_                      3
     $_MUX_                          8
     $_NAND_                         6
     $_NOR_                          6
     $_NOT_                          5
     $_ORNOT_                       16
     $_OR_                          45
     $_XNOR_                         8
     $_XOR_                         26

45. Executing CHECK pass (checking for obvious problems).
Checking module top...
Found and reported 0 problems.

46. Generating Graphviz representation of design.
Writing dot description to `/openlane/designs/Reformer/runs/MS2/tmp/synthesis/post_techmap.dot'.
Dumping module top to page 1.

47. Executing SHARE pass (SAT-based resource sharing).

48. Executing OPT pass (performing simple optimizations).

48.1. Executing OPT_EXPR pass (perform const folding).
Optimizing module top.

48.2. Executing OPT_MERGE pass (detect identical cells).
Finding identical cells in module `\top'.
Removed a total of 0 cells.

48.3. Executing OPT_MUXTREE pass (detect dead branches in mux trees).
Running muxtree optimizer on module \top..
  Creating internal representation of mux trees.
  No muxes found in this module.
Removed 0 multiplexer ports.

48.4. Executing OPT_REDUCE pass (consolidate $*mux and $reduce_* inputs).
  Optimizing cells in module \top.
Performed a total of 0 changes.

48.5. Executing OPT_MERGE pass (detect identical cells).
Finding identical cells in module `\top'.
Removed a total of 0 cells.

48.6. Executing OPT_DFF pass (perform DFF optimizations).

48.7. Executing OPT_CLEAN pass (remove unused cells and wires).
Finding unused cells or wires in module \top..

48.8. Executing OPT_EXPR pass (perform const folding).
Optimizing module top.

48.9. Finished OPT passes. (There is nothing left to do.)

49. Executing OPT_CLEAN pass (remove unused cells and wires).
Finding unused cells or wires in module \top..
Removed 0 unused cells and 61 unused wires.
<suppressed ~61 debug messages>

50. Printing statistics.

=== top ===

   Number of wires:                210
   Number of wire bits:            268
   Number of public wires:          32
   Number of public wire bits:      86
   Number of memories:               0
   Number of memory bits:            0
   Number of processes:              0
   Number of cells:                247
     $_ANDNOT_                      60
     $_AND_                          2
     $_DFFE_PN0P_                   62
     $_DFF_PN0_                      3
     $_MUX_                          8
     $_NAND_                         6
     $_NOR_                          6
     $_NOT_                          5
     $_ORNOT_                       16
     $_OR_                          45
     $_XNOR_                         8
     $_XOR_                         26

mapping tbuf

51. Executing TECHMAP pass (map to technology primitives).

51.1. Executing Verilog-2005 frontend: /home/charlie/.ciel/sky130A/libs.tech/openlane/sky130_fd_sc_hd/tribuff_map.v
Parsing Verilog input from `/home/charlie/.ciel/sky130A/libs.tech/openlane/sky130_fd_sc_hd/tribuff_map.v' to AST representation.
Generating RTLIL representation for module `\$_TBUF_'.
Successfully finished Verilog frontend.

51.2. Continuing TECHMAP pass.
No more expansions possible.
<suppressed ~3 debug messages>

52. Executing SIMPLEMAP pass (map simple cells to gate primitives).

53. Executing TECHMAP pass (map to technology primitives).

53.1. Executing Verilog-2005 frontend: /home/charlie/.ciel/sky130A/libs.tech/openlane/sky130_fd_sc_hd/latch_map.v
Parsing Verilog input from `/home/charlie/.ciel/sky130A/libs.tech/openlane/sky130_fd_sc_hd/latch_map.v' to AST representation.
Generating RTLIL representation for module `\$_DLATCH_P_'.
Generating RTLIL representation for module `\$_DLATCH_N_'.
Successfully finished Verilog frontend.

53.2. Continuing TECHMAP pass.
No more expansions possible.
<suppressed ~4 debug messages>

54. Executing SIMPLEMAP pass (map simple cells to gate primitives).

55. Executing DFFLIBMAP pass (mapping DFF cells to sequential cells from liberty file).
  cell sky130_fd_sc_hd__dfxtp_2 (noninv, pins=3, area=21.27) is a direct match for cell type $_DFF_P_.
  cell sky130_fd_sc_hd__dfrtp_2 (noninv, pins=4, area=26.28) is a direct match for cell type $_DFF_PN0_.
  cell sky130_fd_sc_hd__dfstp_2 (noninv, pins=4, area=26.28) is a direct match for cell type $_DFF_PN1_.
  cell sky130_fd_sc_hd__dfbbn_2 (noninv, pins=6, area=35.03) is a direct match for cell type $_DFFSR_NNN_.
  final dff cell mappings:
    unmapped dff cell: $_DFF_N_
    \sky130_fd_sc_hd__dfxtp_2 _DFF_P_ (.CLK( C), .D( D), .Q( Q));
    unmapped dff cell: $_DFF_NN0_
    unmapped dff cell: $_DFF_NN1_
    unmapped dff cell: $_DFF_NP0_
    unmapped dff cell: $_DFF_NP1_
    \sky130_fd_sc_hd__dfrtp_2 _DFF_PN0_ (.CLK( C), .D( D), .Q( Q), .RESET_B( R));
    \sky130_fd_sc_hd__dfstp_2 _DFF_PN1_ (.CLK( C), .D( D), .Q( Q), .SET_B( R));
    unmapped dff cell: $_DFF_PP0_
    unmapped dff cell: $_DFF_PP1_
    \sky130_fd_sc_hd__dfbbn_2 _DFFSR_NNN_ (.CLK_N( C), .D( D), .Q( Q), .Q_N(~Q), .RESET_B( R), .SET_B( S));
    unmapped dff cell: $_DFFSR_NNP_
    unmapped dff cell: $_DFFSR_NPN_
    unmapped dff cell: $_DFFSR_NPP_
    unmapped dff cell: $_DFFSR_PNN_
    unmapped dff cell: $_DFFSR_PNP_
    unmapped dff cell: $_DFFSR_PPN_
    unmapped dff cell: $_DFFSR_PPP_

55.1. Executing DFFLEGALIZE pass (convert FFs to types supported by the target).
Mapping DFF cells in module `\top':
  mapped 65 $_DFF_PN0_ cells to \sky130_fd_sc_hd__dfrtp_2 cells.

56. Printing statistics.

=== top ===

   Number of wires:                272
   Number of wire bits:            330
   Number of public wires:          32
   Number of public wire bits:      86
   Number of memories:               0
   Number of memory bits:            0
   Number of processes:              0
   Number of cells:                309
     $_ANDNOT_                      60
     $_AND_                          2
     $_MUX_                         70
     $_NAND_                         6
     $_NOR_                          6
     $_NOT_                          5
     $_ORNOT_                       16
     $_OR_                          45
     $_XNOR_                         8
     $_XOR_                         26
     sky130_fd_sc_hd__dfrtp_2       65

[INFO]: USING STRATEGY AREA 0

57. Executing ABC pass (technology mapping using ABC).

57.1. Extracting gate netlist of module `\top' to `/tmp/yosys-abc-GG7zsJ/input.blif'..
Extracted 244 gates and 324 wires to a netlist network with 80 inputs and 65 outputs.

57.1.1. Executing ABC.
Running ABC command: "/build/bin/yosys-abc" -s -f /tmp/yosys-abc-GG7zsJ/abc.script 2>&1
ABC: ABC command line: "source /tmp/yosys-abc-GG7zsJ/abc.script".
ABC: 
ABC: + read_blif /tmp/yosys-abc-GG7zsJ/input.blif 
ABC: + read_lib -w /openlane/designs/Reformer/runs/MS2/tmp/synthesis/trimmed.lib 
ABC: Parsing finished successfully.  Parsing time =     0.03 sec
ABC: Scl_LibertyReadGenlib() skipped sequential cell "sky130_fd_sc_hd__dfbbn_2".
ABC: Scl_LibertyReadGenlib() skipped sequential cell "sky130_fd_sc_hd__dfrbp_2".
ABC: Scl_LibertyReadGenlib() skipped sequential cell "sky130_fd_sc_hd__dfrtp_2".
ABC: Scl_LibertyReadGenlib() skipped sequential cell "sky130_fd_sc_hd__dfrtp_4".
ABC: Scl_LibertyReadGenlib() skipped sequential cell "sky130_fd_sc_hd__dfsbp_2".
ABC: Scl_LibertyReadGenlib() skipped sequential cell "sky130_fd_sc_hd__dfstp_2".
ABC: Scl_LibertyReadGenlib() skipped sequential cell "sky130_fd_sc_hd__dfstp_4".
ABC: Scl_LibertyReadGenlib() skipped sequential cell "sky130_fd_sc_hd__dfxbp_2".
ABC: Scl_LibertyReadGenlib() skipped sequential cell "sky130_fd_sc_hd__dfxtp_2".
ABC: Scl_LibertyReadGenlib() skipped sequential cell "sky130_fd_sc_hd__dfxtp_4".
ABC: Scl_LibertyReadGenlib() skipped sequential cell "sky130_fd_sc_hd__dlxtn_1".
ABC: Scl_LibertyReadGenlib() skipped sequential cell "sky130_fd_sc_hd__dlxtn_2".
ABC: Scl_LibertyReadGenlib() skipped sequential cell "sky130_fd_sc_hd__dlxtn_4".
ABC: Scl_LibertyReadGenlib() skipped sequential cell "sky130_fd_sc_hd__dlxtp_1".
ABC: Scl_LibertyReadGenlib() skipped three-state cell "sky130_fd_sc_hd__ebufn_2".
ABC: Scl_LibertyReadGenlib() skipped three-state cell "sky130_fd_sc_hd__ebufn_4".
ABC: Scl_LibertyReadGenlib() skipped three-state cell "sky130_fd_sc_hd__ebufn_8".
ABC: Library "sky130A_merged" from "/openlane/designs/Reformer/runs/MS2/tmp/synthesis/trimmed.lib" has 175 cells (17 skipped: 14 seq; 3 tri-state; 0 no func; 0 dont_use).  Time =     0.05 sec
ABC: Memory =    9.54 MB. Time =     0.05 sec
ABC: Warning: Detected 2 multi-output gates (for example, "sky130_fd_sc_hd__fa_1").
ABC: + read_constr -v /openlane/designs/Reformer/runs/MS2/tmp/synthesis/synthesis.sdc 
ABC: Setting driving cell to be "sky130_fd_sc_hd__inv_2".
ABC: Setting output load to be 33.442001.
ABC: + read_constr /openlane/designs/Reformer/runs/MS2/tmp/synthesis/synthesis.sdc 
ABC: + fx 
ABC: + mfs 
ABC: + strash 
ABC: + refactor 
ABC: + balance 
ABC: + rewrite 
ABC: + refactor 
ABC: + balance 
ABC: + rewrite 
ABC: + rewrite -z 
ABC: + balance 
ABC: + refactor -z 
ABC: + rewrite -z 
ABC: + balance 
ABC: + retime -D -D 25000 -M 5 
ABC: + scleanup 
ABC: Error: The network is combinational.
ABC: + fraig_store 
ABC: + balance 
ABC: + fraig_store 
ABC: + balance 
ABC: + rewrite 
ABC: + refactor 
ABC: + balance 
ABC: + rewrite 
ABC: + rewrite -z 
ABC: + balance 
ABC: + refactor -z 
ABC: + rewrite -z 
ABC: + balance 
ABC: + fraig_store 
ABC: + balance 
ABC: + rewrite 
ABC: + refactor 
ABC: + balance 
ABC: + rewrite 
ABC: + rewrite -z 
ABC: + balance 
ABC: + refactor -z 
ABC: + rewrite -z 
ABC: + balance 
ABC: + fraig_store 
ABC: + balance 
ABC: + rewrite 
ABC: + refactor 
ABC: + balance 
ABC: + rewrite 
ABC: + rewrite -z 
ABC: + balance 
ABC: + refactor -z 
ABC: + rewrite -z 
ABC: + balance 
ABC: + fraig_store 
ABC: + fraig_restore 
ABC: + amap -m -Q 0.1 -F 20 -A 20 -C 5000 
ABC: + retime -D -D 25000 
ABC: + &get -n 
ABC: + &st 
ABC: + &dch 
ABC: + &nf 
ABC: + &put 
ABC: + buffer -N 128 -S 750.0 
ABC: + upsize -D 25000 
ABC: Current delay (2406.46 ps) does not exceed the target delay (25000.00 ps). Upsizing is not performed.
ABC: + dnsize -D 25000 
ABC: + stime -p 
ABC: WireLoad = "none"  Gates =    211 ( 37.0 %)   Cap = 12.4 ff (  7.9 %)   Area =     1676.61 ( 63.0 %)   Delay =  2798.21 ps  ( 11.8 %)               
ABC: Path  0 --       5 : 0    1 pi                      A =   0.00  Df =   8.2   -5.1 ps  S =  17.7 ps  Cin =  0.0 ff  Cout =   2.2 ff  Cmax =   0.0 ff  G =    0  
ABC: Path  1 --     153 : 1   10 sky130_fd_sc_hd__buf_1  A =   3.75  Df = 438.5 -186.0 ps  S = 565.9 ps  Cin =  2.1 ff  Cout =  48.4 ff  Cmax = 130.0 ff  G = 2213  
ABC: Path  2 --     313 : 3    1 sky130_fd_sc_hd__mux2_2 A =  11.26  Df =2473.0 -252.0 ps  S =  49.0 ps  Cin =  2.3 ff  Cout =   2.2 ff  Cmax = 297.6 ff  G =   92  
ABC: Path  3 --     314 : 1    1 sky130_fd_sc_hd__buf_1  A =   3.75  Df =2798.2 -358.2 ps  S = 397.1 ps  Cin =  2.1 ff  Cout =  33.4 ff  Cmax = 130.0 ff  G = 1590  
ABC: Start-point = pi4 (\u_sort.bucket_counter [1]).  End-point = po49 ($auto$rtlil.cc:2607:MuxGate$2178).
ABC: + print_stats -m 
ABC: netlist                       : i/o =   80/   65  lat =    0  nd =   211  edge =    495  area =1676.42  delay = 9.00  lev = 9
ABC: + write_blif /tmp/yosys-abc-GG7zsJ/output.blif 

57.1.2. Re-integrating ABC results.
ABC RESULTS:   sky130_fd_sc_hd__and2_2 cells:        1
ABC RESULTS:   sky130_fd_sc_hd__a221o_2 cells:        1
ABC RESULTS:   sky130_fd_sc_hd__and2b_2 cells:        1
ABC RESULTS:   sky130_fd_sc_hd__a221oi_2 cells:        1
ABC RESULTS:   sky130_fd_sc_hd__or2b_2 cells:        2
ABC RESULTS:   sky130_fd_sc_hd__xnor2_2 cells:        3
ABC RESULTS:   sky130_fd_sc_hd__a2111o_2 cells:        2
ABC RESULTS:   sky130_fd_sc_hd__and4_2 cells:        2
ABC RESULTS:   sky130_fd_sc_hd__and3b_2 cells:        1
ABC RESULTS:   sky130_fd_sc_hd__and4b_2 cells:        1
ABC RESULTS:   sky130_fd_sc_hd__a2111oi_2 cells:        1
ABC RESULTS:   sky130_fd_sc_hd__a31o_2 cells:        1
ABC RESULTS:   sky130_fd_sc_hd__nand3_2 cells:        1
ABC RESULTS:   sky130_fd_sc_hd__nand3b_2 cells:        1
ABC RESULTS:   sky130_fd_sc_hd__a22oi_2 cells:        1
ABC RESULTS:   sky130_fd_sc_hd__o2111a_2 cells:        2
ABC RESULTS:   sky130_fd_sc_hd__inv_2 cells:       22
ABC RESULTS:   sky130_fd_sc_hd__a22o_2 cells:        5
ABC RESULTS:   sky130_fd_sc_hd__o221a_2 cells:        5
ABC RESULTS:   sky130_fd_sc_hd__a21o_2 cells:        6
ABC RESULTS:   sky130_fd_sc_hd__mux2_2 cells:       46
ABC RESULTS:   sky130_fd_sc_hd__or3_2 cells:        1
ABC RESULTS:   sky130_fd_sc_hd__and3_2 cells:        2
ABC RESULTS:   sky130_fd_sc_hd__a211o_2 cells:        2
ABC RESULTS:   sky130_fd_sc_hd__o211a_2 cells:        6
ABC RESULTS:   sky130_fd_sc_hd__o31ai_2 cells:        1
ABC RESULTS:   sky130_fd_sc_hd__or4_2 cells:        1
ABC RESULTS:   sky130_fd_sc_hd__o21ai_2 cells:        8
ABC RESULTS:   sky130_fd_sc_hd__nand2_2 cells:        6
ABC RESULTS:   sky130_fd_sc_hd__o31a_2 cells:        2
ABC RESULTS:   sky130_fd_sc_hd__or2_2 cells:        5
ABC RESULTS:   sky130_fd_sc_hd__buf_1 cells:       56
ABC RESULTS:   sky130_fd_sc_hd__xor2_2 cells:        6
ABC RESULTS:   sky130_fd_sc_hd__a21oi_2 cells:        5
ABC RESULTS:   sky130_fd_sc_hd__nor2_2 cells:        4
ABC RESULTS:        internal signals:      179
ABC RESULTS:           input signals:       80
ABC RESULTS:          output signals:       65
Removing temp directory.

58. Executing SETUNDEF pass (replace undef values with defined constants).

59. Executing HILOMAP pass (mapping to constant drivers).

60. Executing SPLITNETS pass (splitting up multi-bit signals).

61. Executing OPT_CLEAN pass (remove unused cells and wires).
Finding unused cells or wires in module \top..
Removed 0 unused cells and 327 unused wires.
<suppressed ~4 debug messages>

62. Executing INSBUF pass (insert buffer cells for connected wires).

63. Executing CHECK pass (checking for obvious problems).
Checking module top...
Warning: Wire top.\o_valid is used but has no driver.
Warning: Wire top.\o_index [2] is used but has no driver.
Warning: Wire top.\o_index [1] is used but has no driver.
Warning: Wire top.\o_index [0] is used but has no driver.
Warning: Wire top.\o_bucket [2] is used but has no driver.
Warning: Wire top.\o_bucket [1] is used but has no driver.
Warning: Wire top.\o_bucket [0] is used but has no driver.
Found and reported 7 problems.

64. Printing statistics.

=== top ===

   Number of wires:                280
   Number of wire bits:            294
   Number of public wires:          69
   Number of public wire bits:      83
   Number of memories:               0
   Number of memory bits:            0
   Number of processes:              0
   Number of cells:                276
     sky130_fd_sc_hd__a2111o_2       2
     sky130_fd_sc_hd__a2111oi_2      1
     sky130_fd_sc_hd__a211o_2        2
     sky130_fd_sc_hd__a21o_2         6
     sky130_fd_sc_hd__a21oi_2        5
     sky130_fd_sc_hd__a221o_2        1
     sky130_fd_sc_hd__a221oi_2       1
     sky130_fd_sc_hd__a22o_2         5
     sky130_fd_sc_hd__a22oi_2        1
     sky130_fd_sc_hd__a31o_2         1
     sky130_fd_sc_hd__and2_2         1
     sky130_fd_sc_hd__and2b_2        1
     sky130_fd_sc_hd__and3_2         2
     sky130_fd_sc_hd__and3b_2        1
     sky130_fd_sc_hd__and4_2         2
     sky130_fd_sc_hd__and4b_2        1
     sky130_fd_sc_hd__buf_1         56
     sky130_fd_sc_hd__dfrtp_2       65
     sky130_fd_sc_hd__inv_2         22
     sky130_fd_sc_hd__mux2_2        46
     sky130_fd_sc_hd__nand2_2        6
     sky130_fd_sc_hd__nand3_2        1
     sky130_fd_sc_hd__nand3b_2       1
     sky130_fd_sc_hd__nor2_2         4
     sky130_fd_sc_hd__o2111a_2       2
     sky130_fd_sc_hd__o211a_2        6
     sky130_fd_sc_hd__o21ai_2        8
     sky130_fd_sc_hd__o221a_2        5
     sky130_fd_sc_hd__o31a_2         2
     sky130_fd_sc_hd__o31ai_2        1
     sky130_fd_sc_hd__or2_2          5
     sky130_fd_sc_hd__or2b_2         2
     sky130_fd_sc_hd__or3_2          1
     sky130_fd_sc_hd__or4_2          1
     sky130_fd_sc_hd__xnor2_2        3
     sky130_fd_sc_hd__xor2_2         6

   Chip area for module '\top': 3384.496000

65. Executing Verilog backend.
Dumping module `\top'.

Warnings: 8 unique messages, 8 total
End of script. Logfile hash: decd729c6a, CPU: user 0.46s system 0.02s, MEM: 29.38 MB peak
Yosys 0.30+48 (git sha1 14d50a176d5, gcc 8.3.1 -fPIC -Os)
Time spent: 42% 2x abc (0 sec), 12% 28x opt_expr (0 sec), ...
