
===========================================================================
 report_power
============================================================================
======================= Fastest Corner ===================================

Group                  Internal  Switching    Leakage      Total
                          Power      Power      Power      Power (Watts)
----------------------------------------------------------------
Sequential             1.71e-04   3.52e-05   3.09e-07   2.07e-04  32.4%
Combinational          2.46e-04   1.84e-04   3.59e-09   4.30e-04  67.6%
Macro                  0.00e+00   0.00e+00   0.00e+00   0.00e+00   0.0%
Pad                    0.00e+00   0.00e+00   0.00e+00   0.00e+00   0.0%
----------------------------------------------------------------
Total                  4.17e-04   2.19e-04   3.13e-07   6.37e-04 100.0%
                          65.5%      34.4%       0.0%

======================= Slowest Corner ===================================

Group                  Internal  Switching    Leakage      Total
                          Power      Power      Power      Power (Watts)
----------------------------------------------------------------
Sequential             1.15e-04   2.29e-05   1.23e-06   1.39e-04  31.8%
Combinational          1.77e-04   1.19e-04   1.56e-06   2.98e-04  68.2%
Macro                  0.00e+00   0.00e+00   0.00e+00   0.00e+00   0.0%
Pad                    0.00e+00   0.00e+00   0.00e+00   0.00e+00   0.0%
----------------------------------------------------------------
Total                  2.92e-04   1.42e-04   2.79e-06   4.37e-04 100.0%
                          66.8%      32.5%       0.6%

======================= Typical Corner ===================================

Group                  Internal  Switching    Leakage      Total
                          Power      Power      Power      Power (Watts)
----------------------------------------------------------------
Sequential             1.48e-04   2.94e-05   3.09e-07   1.78e-04  32.3%
Combinational          2.18e-04   1.54e-04   1.90e-09   3.73e-04  67.7%
Macro                  0.00e+00   0.00e+00   0.00e+00   0.00e+00   0.0%
Pad                    0.00e+00   0.00e+00   0.00e+00   0.00e+00   0.0%
----------------------------------------------------------------
Total                  3.66e-04   1.84e-04   3.11e-07   5.50e-04 100.0%
                          66.6%      33.4%       0.1%

