OpenROAD 41a51eaf4ca2171c92ff38afb91eb37bbd3f36da 
This program is licensed under the BSD-3 license. See the LICENSE file for details.
Components of this program may be licensed under more restrictive licenses which must be honored.
[INFO]: Reading ODB at '/openlane/designs/Reformer/runs/MS2/tmp/17-top.odb'…
define_corners Typical
read_liberty -corner Typical /home/charlie/.ciel/sky130A/libs.ref/sky130_fd_sc_hd/lib/sky130_fd_sc_hd__tt_025C_1v80.lib
Using 1e-12 for capacitance...
Using 1e+03 for resistance...
Using 1e-09 for time...
Using 1e+00 for voltage...
Using 1e-03 for current...
Using 1e-09 for power...
Using 1e-06 for distance...
Reading design constraints file at '/openlane/designs/Reformer/runs/MS2/tmp/17-top.sdc'…
[INFO]: Setting signal min routing layer to: met1 and clock min routing layer to met3. 
[INFO]: Setting signal max routing layer to: met5 and clock max routing layer to met5. 
-congestion_iterations 50 -verbose -congestion_report_file /openlane/designs/Reformer/runs/MS2/tmp/routing/groute-congestion.rpt
[INFO GRT-0020] Min routing layer: met1
[INFO GRT-0021] Max routing layer: met5
[INFO GRT-0022] Global adjustment: 30%
[INFO GRT-0023] Grid origin: (0, 0)
[INFO GRT-0043] No OR_DEFAULT vias defined.
[INFO GRT-0088] Layer li1     Track-Pitch = 0.4600  line-2-Via Pitch: 0.3400
[INFO GRT-0088] Layer met1    Track-Pitch = 0.3400  line-2-Via Pitch: 0.3400
[INFO GRT-0088] Layer met2    Track-Pitch = 0.4600  line-2-Via Pitch: 0.3500
[INFO GRT-0088] Layer met3    Track-Pitch = 0.6800  line-2-Via Pitch: 0.6150
[INFO GRT-0088] Layer met4    Track-Pitch = 0.9200  line-2-Via Pitch: 1.0400
[INFO GRT-0088] Layer met5    Track-Pitch = 3.4000  line-2-Via Pitch: 3.1100
[INFO GRT-0019] Found 10 clock nets.
[INFO GRT-0001] Minimum degree: 2
[INFO GRT-0002] Maximum degree: 66
[INFO GRT-0003] Macros: 0
[INFO GRT-0004] Blockages: 910

[INFO GRT-0053] Routing resources analysis:
          Routing      Original      Derated      Resource
Layer     Direction    Resources     Resources    Reduction (%)
---------------------------------------------------------------
li1        Vertical            0             0          0.00%
met1       Horizontal       3900          1895          51.41%
met2       Vertical         2925          1968          32.72%
met3       Horizontal       1950          1290          33.85%
met4       Vertical         1170           682          41.71%
met5       Horizontal        390           144          63.08%
---------------------------------------------------------------

[INFO GRT-0197] Via related to pin nodes: 1394
[INFO GRT-0198] Via related Steiner nodes: 22
[INFO GRT-0199] Via filling finished.
[INFO GRT-0111] Final number of vias: 1496
[INFO GRT-0112] Final usage 3D: 5390

[INFO GRT-0096] Final congestion report:
Layer         Resource        Demand        Usage (%)    Max H / Max V / Total Overflow
---------------------------------------------------------------------------------------
li1                  0             0            0.00%             0 /  0 /  0
met1              1895           422           22.27%             0 /  0 /  0
met2              1968           459           23.32%             0 /  0 /  0
met3              1290            12            0.93%             0 /  0 /  0
met4               682             9            1.32%             0 /  0 /  0
met5               144             0            0.00%             0 /  0 /  0
---------------------------------------------------------------------------------------
Total             5979           902           15.09%             0 /  0 /  0

[INFO GRT-0018] Total wirelength: 11205 um
[INFO GRT-0014] Routed nets: 376
[INFO GRT-0006] Repairing antennas, iteration 1.
[INFO GRT-0043] No OR_DEFAULT vias defined.
[INFO GRT-0012] Found 0 antenna violations.
Setting global connections for newly added cells…
Writing OpenROAD database to '/openlane/designs/Reformer/runs/MS2/tmp/routing/19-global.odb'…
Writing layout to '/openlane/designs/Reformer/runs/MS2/tmp/routing/19-global.def'…
Writing routing guides to '/openlane/designs/Reformer/runs/MS2/tmp/routing/19-global.guide'…
