OpenROAD 41a51eaf4ca2171c92ff38afb91eb37bbd3f36da 
This program is licensed under the BSD-3 license. See the LICENSE file for details.
Components of this program may be licensed under more restrictive licenses which must be honored.
[INFO]: Reading ODB at '/openlane/designs/Reformer/runs/MS2/tmp/routing/22-fill.odb'…
define_corners Typical
read_liberty -corner Typical /home/charlie/.ciel/sky130A/libs.ref/sky130_fd_sc_hd/lib/sky130_fd_sc_hd__tt_025C_1v80.lib
Using 1e-12 for capacitance...
Using 1e+03 for resistance...
Using 1e-09 for time...
Using 1e+00 for voltage...
Using 1e-03 for current...
Using 1e-09 for power...
Using 1e-06 for distance...
Reading design constraints file at '/openlane/designs/Reformer/runs/MS2/tmp/17-top.sdc'…
[INFO ORD-0030] Using 2 thread(s).
[INFO DRT-0149] Reading tech and libs.

Units:                1000
Number of layers:     13
Number of macros:     441
Number of vias:       25
Number of viarulegen: 25

[INFO DRT-0150] Reading design.

Design:                   top
Die area:                 ( 0 0 ) ( 93315 104035 )
Number of track patterns: 12
Number of DEF vias:       0
Number of components:     898
Number of terminals:      27
Number of snets:          2
Number of nets:           376

[INFO DRT-0167] List of default vias:
  Layer mcon
    default via: L1M1_PR
  Layer via
    default via: M1M2_PR
  Layer via2
    default via: M2M3_PR
  Layer via3
    default via: M3M4_PR
  Layer via4
    default via: M4M5_PR
[INFO DRT-0162] Library cell analysis.
[INFO DRT-0163] Instance analysis.
[INFO DRT-0164] Number of unique instances = 121.
[INFO DRT-0168] Init region query.
[INFO DRT-0024]   Complete FR_MASTERSLICE.
[INFO DRT-0024]   Complete licon.
[INFO DRT-0024]   Complete li1.
[INFO DRT-0024]   Complete mcon.
[INFO DRT-0024]   Complete met1.
[INFO DRT-0024]   Complete via.
[INFO DRT-0024]   Complete met2.
[INFO DRT-0024]   Complete via2.
[INFO DRT-0024]   Complete met3.
[INFO DRT-0024]   Complete via3.
[INFO DRT-0024]   Complete met4.
[INFO DRT-0024]   Complete via4.
[INFO DRT-0024]   Complete met5.
[INFO DRT-0033] FR_MASTERSLICE shape region query size = 0.
[INFO DRT-0033] licon shape region query size = 0.
[INFO DRT-0033] li1 shape region query size = 13940.
[INFO DRT-0033] mcon shape region query size = 1584.
[INFO DRT-0033] met1 shape region query size = 3251.
[INFO DRT-0033] via shape region query size = 620.
[INFO DRT-0033] met2 shape region query size = 385.
[INFO DRT-0033] via2 shape region query size = 496.
[INFO DRT-0033] met3 shape region query size = 384.
[INFO DRT-0033] via3 shape region query size = 496.
[INFO DRT-0033] met4 shape region query size = 172.
[INFO DRT-0033] via4 shape region query size = 32.
[INFO DRT-0033] met5 shape region query size = 48.
[INFO DRT-0165] Start pin access.
[INFO DRT-0076]   Complete 100 pins.
[INFO DRT-0076]   Complete 200 pins.
[INFO DRT-0076]   Complete 300 pins.
[INFO DRT-0078]   Complete 368 pins.
[INFO DRT-0079]   Complete 100 unique inst patterns.
[INFO DRT-0081]   Complete 103 unique inst patterns.
[INFO DRT-0084]   Complete 225 groups.
#scanned instances     = 898
#unique  instances     = 121
#stdCellGenAp          = 3015
#stdCellValidPlanarAp  = 24
#stdCellValidViaAp     = 2244
#stdCellPinNoAp        = 0
#stdCellPinCnt         = 1130
#instTermValidViaApCnt = 0
#macroGenAp            = 0
#macroValidPlanarAp    = 0
#macroValidViaAp       = 0
#macroNoAp             = 0
[INFO DRT-0166] Complete pin access.
[INFO DRT-0267] cpu time = 00:00:09, elapsed time = 00:00:04, memory = 115.56 (MB), peak = 115.44 (MB)

Number of guides:     2367

[INFO DRT-0169] Post process guides.
[INFO DRT-0176] GCELLGRID X 0 DO 13 STEP 6900 ;
[INFO DRT-0177] GCELLGRID Y 0 DO 15 STEP 6900 ;
[INFO DRT-0028]   Complete FR_MASTERSLICE.
[INFO DRT-0028]   Complete licon.
[INFO DRT-0028]   Complete li1.
[INFO DRT-0028]   Complete mcon.
[INFO DRT-0028]   Complete met1.
[INFO DRT-0028]   Complete via.
[INFO DRT-0028]   Complete met2.
[INFO DRT-0028]   Complete via2.
[INFO DRT-0028]   Complete met3.
[INFO DRT-0028]   Complete via3.
[INFO DRT-0028]   Complete met4.
[INFO DRT-0028]   Complete via4.
[INFO DRT-0028]   Complete met5.
[INFO DRT-0178] Init guide query.
[INFO DRT-0035]   Complete FR_MASTERSLICE (guide).
[INFO DRT-0035]   Complete licon (guide).
[INFO DRT-0035]   Complete li1 (guide).
[INFO DRT-0035]   Complete mcon (guide).
[INFO DRT-0035]   Complete met1 (guide).
[INFO DRT-0035]   Complete via (guide).
[INFO DRT-0035]   Complete met2 (guide).
[INFO DRT-0035]   Complete via2 (guide).
[INFO DRT-0035]   Complete met3 (guide).
[INFO DRT-0035]   Complete via3 (guide).
[INFO DRT-0035]   Complete met4 (guide).
[INFO DRT-0035]   Complete via4 (guide).
[INFO DRT-0035]   Complete met5 (guide).
[INFO DRT-0036] FR_MASTERSLICE guide region query size = 0.
[INFO DRT-0036] licon guide region query size = 0.
[INFO DRT-0036] li1 guide region query size = 827.
[INFO DRT-0036] mcon guide region query size = 0.
[INFO DRT-0036] met1 guide region query size = 610.
[INFO DRT-0036] via guide region query size = 0.
[INFO DRT-0036] met2 guide region query size = 321.
[INFO DRT-0036] via2 guide region query size = 0.
[INFO DRT-0036] met3 guide region query size = 18.
[INFO DRT-0036] via3 guide region query size = 0.
[INFO DRT-0036] met4 guide region query size = 4.
[INFO DRT-0036] via4 guide region query size = 0.
[INFO DRT-0036] met5 guide region query size = 0.
[INFO DRT-0179] Init gr pin query.
[INFO DRT-0245] skipped writing guide updates to database.
[INFO DRT-0185] Post process initialize RPin region query.
[INFO DRT-0181] Start track assignment.
[INFO DRT-0184] Done with 1152 vertical wires in 1 frboxes and 628 horizontal wires in 1 frboxes.
[INFO DRT-0186] Done with 97 vertical wires in 1 frboxes and 171 horizontal wires in 1 frboxes.
[INFO DRT-0182] Complete track assignment.
[INFO DRT-0267] cpu time = 00:00:00, elapsed time = 00:00:00, memory = 119.61 (MB), peak = 120.56 (MB)
[INFO DRT-0187] Start routing data preparation.
[INFO DRT-0267] cpu time = 00:00:00, elapsed time = 00:00:00, memory = 119.61 (MB), peak = 120.56 (MB)
[INFO DRT-0194] Start detail routing.
[INFO DRT-0195] Start 0th optimization iteration.
    Completing 10% with 0 violations.
    elapsed time = 00:00:00, memory = 124.61 (MB).
    Completing 20% with 0 violations.
    elapsed time = 00:00:00, memory = 140.57 (MB).
    Completing 30% with 24 violations.
    elapsed time = 00:00:01, memory = 141.86 (MB).
    Completing 40% with 38 violations.
    elapsed time = 00:00:01, memory = 142.23 (MB).
    Completing 50% with 38 violations.
    elapsed time = 00:00:02, memory = 164.98 (MB).
    Completing 60% with 58 violations.
    elapsed time = 00:00:02, memory = 174.24 (MB).
[INFO DRT-0199]   Number of violations = 184.
Viol/Layer         li1   met1   met2   met3
Metal Spacing        3     22      2      0
Min Hole             0      3      0      0
Recheck              0     69     27      2
Short                0     53      3      0
[INFO DRT-0267] cpu time = 00:00:03, elapsed time = 00:00:03, memory = 481.67 (MB), peak = 481.67 (MB)
Total wire length = 6695 um.
Total wire length on LAYER li1 = 0 um.
Total wire length on LAYER met1 = 3420 um.
Total wire length on LAYER met2 = 3122 um.
Total wire length on LAYER met3 = 114 um.
Total wire length on LAYER met4 = 37 um.
Total wire length on LAYER met5 = 0 um.
Total number of vias = 2156.
Up-via summary (total 2156):.

-----------------------
 FR_MASTERSLICE       0
            li1    1065
           met1    1066
           met2      20
           met3       5
           met4       0
-----------------------
                   2156


[INFO DRT-0195] Start 1st optimization iteration.
    Completing 10% with 184 violations.
    elapsed time = 00:00:00, memory = 486.30 (MB).
    Completing 20% with 184 violations.
    elapsed time = 00:00:00, memory = 486.55 (MB).
    Completing 30% with 184 violations.
    elapsed time = 00:00:00, memory = 487.30 (MB).
    Completing 40% with 184 violations.
    elapsed time = 00:00:00, memory = 487.30 (MB).
    Completing 50% with 179 violations.
    elapsed time = 00:00:00, memory = 494.67 (MB).
    Completing 60% with 179 violations.
    elapsed time = 00:00:00, memory = 503.55 (MB).
    Completing 70% with 170 violations.
    elapsed time = 00:00:00, memory = 490.23 (MB).
    Completing 80% with 170 violations.
    elapsed time = 00:00:00, memory = 490.23 (MB).
    Completing 90% with 132 violations.
    elapsed time = 00:00:02, memory = 522.57 (MB).
    Completing 100% with 41 violations.
    elapsed time = 00:00:02, memory = 481.74 (MB).
[INFO DRT-0199]   Number of violations = 41.
Viol/Layer        met1   met2
Metal Spacing        6      1
Min Hole             1      0
Short               33      0
[INFO DRT-0267] cpu time = 00:00:03, elapsed time = 00:00:02, memory = 481.74 (MB), peak = 533.73 (MB)
Total wire length = 6567 um.
Total wire length on LAYER li1 = 0 um.
Total wire length on LAYER met1 = 3354 um.
Total wire length on LAYER met2 = 3061 um.
Total wire length on LAYER met3 = 109 um.
Total wire length on LAYER met4 = 42 um.
Total wire length on LAYER met5 = 0 um.
Total number of vias = 2135.
Up-via summary (total 2135):.

-----------------------
 FR_MASTERSLICE       0
            li1    1065
           met1    1046
           met2      19
           met3       5
           met4       0
-----------------------
                   2135


[INFO DRT-0195] Start 2nd optimization iteration.
    Completing 10% with 41 violations.
    elapsed time = 00:00:00, memory = 481.74 (MB).
    Completing 20% with 41 violations.
    elapsed time = 00:00:00, memory = 481.74 (MB).
    Completing 30% with 41 violations.
    elapsed time = 00:00:00, memory = 489.62 (MB).
    Completing 40% with 41 violations.
    elapsed time = 00:00:00, memory = 494.24 (MB).
    Completing 50% with 35 violations.
    elapsed time = 00:00:00, memory = 494.24 (MB).
    Completing 60% with 35 violations.
    elapsed time = 00:00:00, memory = 494.24 (MB).
    Completing 70% with 28 violations.
    elapsed time = 00:00:00, memory = 494.24 (MB).
    Completing 80% with 28 violations.
    elapsed time = 00:00:01, memory = 494.24 (MB).
    Completing 90% with 19 violations.
    elapsed time = 00:00:02, memory = 527.74 (MB).
    Completing 100% with 26 violations.
    elapsed time = 00:00:02, memory = 481.50 (MB).
[INFO DRT-0199]   Number of violations = 26.
Viol/Layer        met1   met2
Metal Spacing       10      3
Min Hole             1      0
Short               12      0
[INFO DRT-0267] cpu time = 00:00:02, elapsed time = 00:00:02, memory = 481.62 (MB), peak = 533.73 (MB)
Total wire length = 6523 um.
Total wire length on LAYER li1 = 0 um.
Total wire length on LAYER met1 = 3348 um.
Total wire length on LAYER met2 = 3069 um.
Total wire length on LAYER met3 = 85 um.
Total wire length on LAYER met4 = 19 um.
Total wire length on LAYER met5 = 0 um.
Total number of vias = 2148.
Up-via summary (total 2148):.

-----------------------
 FR_MASTERSLICE       0
            li1    1065
           met1    1065
           met2      16
           met3       2
           met4       0
-----------------------
                   2148


[INFO DRT-0195] Start 3rd optimization iteration.
    Completing 10% with 26 violations.
    elapsed time = 00:00:00, memory = 481.62 (MB).
    Completing 20% with 26 violations.
    elapsed time = 00:00:00, memory = 481.62 (MB).
    Completing 30% with 22 violations.
    elapsed time = 00:00:01, memory = 524.62 (MB).
    Completing 40% with 16 violations.
    elapsed time = 00:00:01, memory = 481.54 (MB).
    Completing 50% with 16 violations.
    elapsed time = 00:00:01, memory = 505.79 (MB).
    Completing 60% with 12 violations.
    elapsed time = 00:00:02, memory = 509.86 (MB).
[INFO DRT-0199]   Number of violations = 5.
Viol/Layer        met1
Short                5
[INFO DRT-0267] cpu time = 00:00:02, elapsed time = 00:00:02, memory = 481.35 (MB), peak = 533.73 (MB)
Total wire length = 6530 um.
Total wire length on LAYER li1 = 0 um.
Total wire length on LAYER met1 = 3354 um.
Total wire length on LAYER met2 = 3054 um.
Total wire length on LAYER met3 = 102 um.
Total wire length on LAYER met4 = 19 um.
Total wire length on LAYER met5 = 0 um.
Total number of vias = 2163.
Up-via summary (total 2163):.

-----------------------
 FR_MASTERSLICE       0
            li1    1065
           met1    1076
           met2      20
           met3       2
           met4       0
-----------------------
                   2163


[INFO DRT-0195] Start 4th optimization iteration.
    Completing 10% with 5 violations.
    elapsed time = 00:00:00, memory = 481.35 (MB).
    Completing 20% with 5 violations.
    elapsed time = 00:00:00, memory = 481.35 (MB).
    Completing 30% with 5 violations.
    elapsed time = 00:00:00, memory = 481.35 (MB).
    Completing 40% with 5 violations.
    elapsed time = 00:00:00, memory = 481.35 (MB).
    Completing 50% with 5 violations.
    elapsed time = 00:00:00, memory = 481.35 (MB).
    Completing 60% with 0 violations.
    elapsed time = 00:00:00, memory = 481.35 (MB).
[INFO DRT-0199]   Number of violations = 0.
[INFO DRT-0267] cpu time = 00:00:00, elapsed time = 00:00:00, memory = 481.35 (MB), peak = 533.73 (MB)
Total wire length = 6534 um.
Total wire length on LAYER li1 = 0 um.
Total wire length on LAYER met1 = 3357 um.
Total wire length on LAYER met2 = 3055 um.
Total wire length on LAYER met3 = 102 um.
Total wire length on LAYER met4 = 19 um.
Total wire length on LAYER met5 = 0 um.
Total number of vias = 2164.
Up-via summary (total 2164):.

-----------------------
 FR_MASTERSLICE       0
            li1    1065
           met1    1077
           met2      20
           met3       2
           met4       0
-----------------------
                   2164


[INFO DRT-0198] Complete detail routing.
Total wire length = 6534 um.
Total wire length on LAYER li1 = 0 um.
Total wire length on LAYER met1 = 3357 um.
Total wire length on LAYER met2 = 3055 um.
Total wire length on LAYER met3 = 102 um.
Total wire length on LAYER met4 = 19 um.
Total wire length on LAYER met5 = 0 um.
Total number of vias = 2164.
Up-via summary (total 2164):.

-----------------------
 FR_MASTERSLICE       0
            li1    1065
           met1    1077
           met2      20
           met3       2
           met4       0
-----------------------
                   2164


[INFO DRT-0267] cpu time = 00:00:11, elapsed time = 00:00:11, memory = 481.35 (MB), peak = 533.73 (MB)

[INFO DRT-0180] Post processing.
Setting global connections for newly added cells…
Writing OpenROAD database to '/openlane/designs/Reformer/runs/MS2/results/routing/top.odb'…
Writing netlist to '/openlane/designs/Reformer/runs/MS2/results/routing/top.nl.v'…
Writing powered netlist to '/openlane/designs/Reformer/runs/MS2/results/routing/top.pnl.v'…
Writing layout to '/openlane/designs/Reformer/runs/MS2/results/routing/top.def'…
