
===========================================================================
 report_power
============================================================================
======================= Fastest Corner ===================================

Group                  Internal  Switching    Leakage      Total
                          Power      Power      Power      Power (Watts)
----------------------------------------------------------------
Sequential             1.71e-04   3.61e-05   3.09e-07   2.07e-04  32.3%
Combinational          2.46e-04   1.89e-04   3.59e-09   4.35e-04  67.7%
Macro                  0.00e+00   0.00e+00   0.00e+00   0.00e+00   0.0%
Pad                    0.00e+00   0.00e+00   0.00e+00   0.00e+00   0.0%
----------------------------------------------------------------
Total                  4.17e-04   2.25e-04   3.13e-07   6.43e-04 100.0%
                          64.9%      35.0%       0.0%

======================= Slowest Corner ===================================

Group                  Internal  Switching    Leakage      Total
                          Power      Power      Power      Power (Watts)
----------------------------------------------------------------
Sequential             1.15e-04   2.35e-05   1.23e-06   1.40e-04  31.7%
Combinational          1.77e-04   1.23e-04   1.56e-06   3.01e-04  68.3%
Macro                  0.00e+00   0.00e+00   0.00e+00   0.00e+00   0.0%
Pad                    0.00e+00   0.00e+00   0.00e+00   0.00e+00   0.0%
----------------------------------------------------------------
Total                  2.92e-04   1.46e-04   2.79e-06   4.41e-04 100.0%
                          66.2%      33.1%       0.6%

======================= Typical Corner ===================================

Group                  Internal  Switching    Leakage      Total
                          Power      Power      Power      Power (Watts)
----------------------------------------------------------------
Sequential             1.48e-04   3.02e-05   3.09e-07   1.78e-04  32.1%
Combinational          2.19e-04   1.58e-04   1.90e-09   3.77e-04  67.9%
Macro                  0.00e+00   0.00e+00   0.00e+00   0.00e+00   0.0%
Pad                    0.00e+00   0.00e+00   0.00e+00   0.00e+00   0.0%
----------------------------------------------------------------
Total                  3.66e-04   1.89e-04   3.11e-07   5.55e-04 100.0%
                          66.0%      34.0%       0.1%

