OpenROAD 41a51eaf4ca2171c92ff38afb91eb37bbd3f36da 
This program is licensed under the BSD-3 license. See the LICENSE file for details.
Components of this program may be licensed under more restrictive licenses which must be honored.
Top-level design name: top
Block boundaries: 0 0 103025 113745
Horizontal Tracks Origin: 340, Count: 167, Step: 680
Vertical Tracks Origin: 230, Count: 224, Step: 460
Placement details for the #E side
Virtual pin count:  0
Actual pin count:  7
Total pin count:  7
Tracks count:  84
Tracks per pin:  12
Used tracks count:  73
Unused track count:  11
Starting track index:  5
Placement Map:
[340, 1700, 3060, 4420, 5780, [91m7140[0m, 8500, 9860, 11220, 12580, 13940, 15300, 16660, 18020, 19380, 20740, 22100, [91m23460[0m, 24820, 26180, 27540, 28900, 30260, 31620, 32980, 34340, 35700, 37060, 38420, [91m39780[0m, 41140, 42500, 43860, 45220, 46580, 47940, 49300, 50660, 52020, 53380, 54740, [91m56100[0m, 57460, 58820, 60180, 61540, 62900, 64260, 65620, 66980, 68340, 69700, 71060, [91m72420[0m, 73780, 75140, 76500, 77860, 79220, 80580, 81940, 83300, 84660, 86020, 87380, [91m88740[0m, 90100, 91460, 92820, 94180, 95540, 96900, 98260, 99620, 100980, 102340, 103700, [91m105060[0m, 106420, 107780, 109140, 110500, 111860, 113220, ]
Indices of used tracks: [5, 17, 29, 41, 53, 65, 77]
---
Placement details for the #W side
Virtual pin count:  0
Actual pin count:  18
Total pin count:  18
Tracks count:  84
Tracks per pin:  4
Used tracks count:  69
Unused track count:  15
Starting track index:  7
Placement Map:
[340, 1700, 3060, 4420, 5780, 7140, 8500, [91m9860[0m, 11220, 12580, 13940, [91m15300[0m, 16660, 18020, 19380, [91m20740[0m, 22100, 23460, 24820, [91m26180[0m, 27540, 28900, 30260, [91m31620[0m, 32980, 34340, 35700, [91m37060[0m, 38420, 39780, 41140, [91m42500[0m, 43860, 45220, 46580, [91m47940[0m, 49300, 50660, 52020, [91m53380[0m, 54740, 56100, 57460, [91m58820[0m, 60180, 61540, 62900, [91m64260[0m, 65620, 66980, 68340, [91m69700[0m, 71060, 72420, 73780, [91m75140[0m, 76500, 77860, 79220, [91m80580[0m, 81940, 83300, 84660, [91m86020[0m, 87380, 88740, 90100, [91m91460[0m, 92820, 94180, 95540, [91m96900[0m, 98260, 99620, 100980, [91m102340[0m, 103700, 105060, 106420, 107780, 109140, 110500, 111860, 113220, ]
Indices of used tracks: [7, 11, 15, 19, 23, 27, 31, 35, 39, 43, 47, 51, 55, 59, 63, 67, 71, 75]
---
