
===========================================================================
 report_power
============================================================================
======================= Fastest Corner ===================================

Group                  Internal  Switching    Leakage      Total
                          Power      Power      Power      Power (Watts)
----------------------------------------------------------------
Sequential             1.71e-04   3.60e-05   3.09e-07   2.07e-04  32.2%
Combinational          2.47e-04   1.90e-04   3.41e-09   4.36e-04  67.8%
Macro                  0.00e+00   0.00e+00   0.00e+00   0.00e+00   0.0%
Pad                    0.00e+00   0.00e+00   0.00e+00   0.00e+00   0.0%
----------------------------------------------------------------
Total                  4.18e-04   2.26e-04   3.13e-07   6.44e-04 100.0%
                          64.9%      35.1%       0.0%

======================= Slowest Corner ===================================

Group                  Internal  Switching    Leakage      Total
                          Power      Power      Power      Power (Watts)
----------------------------------------------------------------
Sequential             1.15e-04   2.34e-05   1.23e-06   1.40e-04  31.6%
Combinational          1.77e-04   1.23e-04   1.56e-06   3.02e-04  68.4%
Macro                  0.00e+00   0.00e+00   0.00e+00   0.00e+00   0.0%
Pad                    0.00e+00   0.00e+00   0.00e+00   0.00e+00   0.0%
----------------------------------------------------------------
Total                  2.92e-04   1.46e-04   2.79e-06   4.42e-04 100.0%
                          66.2%      33.2%       0.6%

======================= Typical Corner ===================================

Group                  Internal  Switching    Leakage      Total
                          Power      Power      Power      Power (Watts)
----------------------------------------------------------------
Sequential             1.48e-04   3.01e-05   3.09e-07   1.78e-04  32.1%
Combinational          2.19e-04   1.59e-04   1.72e-09   3.78e-04  67.9%
Macro                  0.00e+00   0.00e+00   0.00e+00   0.00e+00   0.0%
Pad                    0.00e+00   0.00e+00   0.00e+00   0.00e+00   0.0%
----------------------------------------------------------------
Total                  3.67e-04   1.89e-04   3.11e-07   5.56e-04 100.0%
                          65.9%      34.0%       0.1%

