OpenROAD 41a51eaf4ca2171c92ff38afb91eb37bbd3f36da 
This program is licensed under the BSD-3 license. See the LICENSE file for details.
Components of this program may be licensed under more restrictive licenses which must be honored.
[INFO]: Reading ODB at '/openlane/designs/Reformer/runs/MS3/tmp/routing/22-fill.odb'…
define_corners Typical
read_liberty -corner Typical /home/charlie/.ciel/sky130A/libs.ref/sky130_fd_sc_hd/lib/sky130_fd_sc_hd__tt_025C_1v80.lib
Using 1e-12 for capacitance...
Using 1e+03 for resistance...
Using 1e-09 for time...
Using 1e+00 for voltage...
Using 1e-03 for current...
Using 1e-09 for power...
Using 1e-06 for distance...
Reading design constraints file at '/openlane/designs/Reformer/runs/MS3/tmp/17-top.sdc'…
[INFO ORD-0030] Using 4 thread(s).
[INFO DRT-0149] Reading tech and libs.

Units:                1000
Number of layers:     13
Number of macros:     441
Number of vias:       25
Number of viarulegen: 25

[INFO DRT-0150] Reading design.

Design:                   top
Die area:                 ( 0 0 ) ( 103025 113745 )
Number of track patterns: 12
Number of DEF vias:       0
Number of components:     1055
Number of terminals:      27
Number of snets:          2
Number of nets:           376

[INFO DRT-0167] List of default vias:
  Layer mcon
    default via: L1M1_PR
  Layer via
    default via: M1M2_PR
  Layer via2
    default via: M2M3_PR
  Layer via3
    default via: M3M4_PR
  Layer via4
    default via: M4M5_PR
[INFO DRT-0162] Library cell analysis.
[INFO DRT-0163] Instance analysis.
[INFO DRT-0164] Number of unique instances = 115.
[INFO DRT-0168] Init region query.
[INFO DRT-0024]   Complete FR_MASTERSLICE.
[INFO DRT-0024]   Complete licon.
[INFO DRT-0024]   Complete li1.
[INFO DRT-0024]   Complete mcon.
[INFO DRT-0024]   Complete met1.
[INFO DRT-0024]   Complete via.
[INFO DRT-0024]   Complete met2.
[INFO DRT-0024]   Complete via2.
[INFO DRT-0024]   Complete met3.
[INFO DRT-0024]   Complete via3.
[INFO DRT-0024]   Complete met4.
[INFO DRT-0024]   Complete via4.
[INFO DRT-0024]   Complete met5.
[INFO DRT-0033] FR_MASTERSLICE shape region query size = 0.
[INFO DRT-0033] licon shape region query size = 0.
[INFO DRT-0033] li1 shape region query size = 14816.
[INFO DRT-0033] mcon shape region query size = 3480.
[INFO DRT-0033] met1 shape region query size = 3580.
[INFO DRT-0033] via shape region query size = 816.
[INFO DRT-0033] met2 shape region query size = 272.
[INFO DRT-0033] via2 shape region query size = 680.
[INFO DRT-0033] met3 shape region query size = 433.
[INFO DRT-0033] via3 shape region query size = 680.
[INFO DRT-0033] met4 shape region query size = 232.
[INFO DRT-0033] via4 shape region query size = 72.
[INFO DRT-0033] met5 shape region query size = 96.
[INFO DRT-0165] Start pin access.
[INFO DRT-0076]   Complete 100 pins.
[INFO DRT-0076]   Complete 200 pins.
[INFO DRT-0076]   Complete 300 pins.
[INFO DRT-0078]   Complete 347 pins.
[INFO DRT-0081]   Complete 97 unique inst patterns.
[INFO DRT-0084]   Complete 228 groups.
#scanned instances     = 1055
#unique  instances     = 115
#stdCellGenAp          = 2813
#stdCellValidPlanarAp  = 24
#stdCellValidViaAp     = 2084
#stdCellPinNoAp        = 0
#stdCellPinCnt         = 1130
#instTermValidViaApCnt = 0
#macroGenAp            = 0
#macroValidPlanarAp    = 0
#macroValidViaAp       = 0
#macroNoAp             = 0
[INFO DRT-0166] Complete pin access.
[INFO DRT-0267] cpu time = 00:00:10, elapsed time = 00:00:02, memory = 116.58 (MB), peak = 116.58 (MB)

Number of guides:     2344

[INFO DRT-0169] Post process guides.
[INFO DRT-0176] GCELLGRID X 0 DO 14 STEP 6900 ;
[INFO DRT-0177] GCELLGRID Y 0 DO 16 STEP 6900 ;
[INFO DRT-0028]   Complete FR_MASTERSLICE.
[INFO DRT-0028]   Complete licon.
[INFO DRT-0028]   Complete li1.
[INFO DRT-0028]   Complete mcon.
[INFO DRT-0028]   Complete met1.
[INFO DRT-0028]   Complete via.
[INFO DRT-0028]   Complete met2.
[INFO DRT-0028]   Complete via2.
[INFO DRT-0028]   Complete met3.
[INFO DRT-0028]   Complete via3.
[INFO DRT-0028]   Complete met4.
[INFO DRT-0028]   Complete via4.
[INFO DRT-0028]   Complete met5.
[INFO DRT-0178] Init guide query.
[INFO DRT-0035]   Complete FR_MASTERSLICE (guide).
[INFO DRT-0035]   Complete licon (guide).
[INFO DRT-0035]   Complete li1 (guide).
[INFO DRT-0035]   Complete mcon (guide).
[INFO DRT-0035]   Complete met1 (guide).
[INFO DRT-0035]   Complete via (guide).
[INFO DRT-0035]   Complete met2 (guide).
[INFO DRT-0035]   Complete via2 (guide).
[INFO DRT-0035]   Complete met3 (guide).
[INFO DRT-0035]   Complete via3 (guide).
[INFO DRT-0035]   Complete met4 (guide).
[INFO DRT-0035]   Complete via4 (guide).
[INFO DRT-0035]   Complete met5 (guide).
[INFO DRT-0036] FR_MASTERSLICE guide region query size = 0.
[INFO DRT-0036] licon guide region query size = 0.
[INFO DRT-0036] li1 guide region query size = 814.
[INFO DRT-0036] mcon guide region query size = 0.
[INFO DRT-0036] met1 guide region query size = 606.
[INFO DRT-0036] via guide region query size = 0.
[INFO DRT-0036] met2 guide region query size = 313.
[INFO DRT-0036] via2 guide region query size = 0.
[INFO DRT-0036] met3 guide region query size = 30.
[INFO DRT-0036] via3 guide region query size = 0.
[INFO DRT-0036] met4 guide region query size = 3.
[INFO DRT-0036] via4 guide region query size = 0.
[INFO DRT-0036] met5 guide region query size = 0.
[INFO DRT-0179] Init gr pin query.
[INFO DRT-0245] skipped writing guide updates to database.
[INFO DRT-0185] Post process initialize RPin region query.
[INFO DRT-0181] Start track assignment.
[INFO DRT-0184] Done with 1130 vertical wires in 1 frboxes and 636 horizontal wires in 1 frboxes.
[INFO DRT-0186] Done with 97 vertical wires in 1 frboxes and 157 horizontal wires in 1 frboxes.
[INFO DRT-0182] Complete track assignment.
[INFO DRT-0267] cpu time = 00:00:00, elapsed time = 00:00:00, memory = 116.57 (MB), peak = 120.95 (MB)
[INFO DRT-0187] Start routing data preparation.
[INFO DRT-0267] cpu time = 00:00:00, elapsed time = 00:00:00, memory = 116.69 (MB), peak = 120.95 (MB)
[INFO DRT-0194] Start detail routing.
[INFO DRT-0195] Start 0th optimization iteration.
    Completing 10% with 0 violations.
    elapsed time = 00:00:00, memory = 139.39 (MB).
    Completing 20% with 0 violations.
    elapsed time = 00:00:00, memory = 138.01 (MB).
    Completing 30% with 14 violations.
    elapsed time = 00:00:01, memory = 148.55 (MB).
    Completing 40% with 33 violations.
    elapsed time = 00:00:01, memory = 130.66 (MB).
    Completing 50% with 33 violations.
    elapsed time = 00:00:01, memory = 145.54 (MB).
    Completing 60% with 36 violations.
    elapsed time = 00:00:02, memory = 173.85 (MB).
[INFO DRT-0199]   Number of violations = 133.
Viol/Layer         li1   mcon   met1   met2
Metal Spacing        5      0     11      2
Recheck              0      0     65     19
Short                0      1     28      2
[INFO DRT-0267] cpu time = 00:00:02, elapsed time = 00:00:02, memory = 484.75 (MB), peak = 484.75 (MB)
Total wire length = 5914 um.
Total wire length on LAYER li1 = 0 um.
Total wire length on LAYER met1 = 3077 um.
Total wire length on LAYER met2 = 2622 um.
Total wire length on LAYER met3 = 154 um.
Total wire length on LAYER met4 = 59 um.
Total wire length on LAYER met5 = 0 um.
Total number of vias = 2141.
Up-via summary (total 2141):.

-----------------------
 FR_MASTERSLICE       0
            li1    1067
           met1    1039
           met2      31
           met3       4
           met4       0
-----------------------
                   2141


[INFO DRT-0195] Start 1st optimization iteration.
    Completing 10% with 133 violations.
    elapsed time = 00:00:00, memory = 495.62 (MB).
    Completing 20% with 133 violations.
    elapsed time = 00:00:00, memory = 495.62 (MB).
    Completing 30% with 133 violations.
    elapsed time = 00:00:00, memory = 498.75 (MB).
    Completing 40% with 133 violations.
    elapsed time = 00:00:00, memory = 500.00 (MB).
    Completing 50% with 117 violations.
    elapsed time = 00:00:00, memory = 520.38 (MB).
    Completing 60% with 117 violations.
    elapsed time = 00:00:00, memory = 522.25 (MB).
    Completing 70% with 109 violations.
    elapsed time = 00:00:00, memory = 497.45 (MB).
    Completing 80% with 109 violations.
    elapsed time = 00:00:00, memory = 497.45 (MB).
    Completing 90% with 90 violations.
    elapsed time = 00:00:02, memory = 529.82 (MB).
    Completing 100% with 39 violations.
    elapsed time = 00:00:02, memory = 485.30 (MB).
[INFO DRT-0199]   Number of violations = 44.
Viol/Layer        met1   met2
Metal Spacing       10      2
Min Hole             2      0
Recheck              4      1
Short               22      3
[INFO DRT-0267] cpu time = 00:00:02, elapsed time = 00:00:02, memory = 485.30 (MB), peak = 529.82 (MB)
Total wire length = 5860 um.
Total wire length on LAYER li1 = 0 um.
Total wire length on LAYER met1 = 3020 um.
Total wire length on LAYER met2 = 2637 um.
Total wire length on LAYER met3 = 156 um.
Total wire length on LAYER met4 = 45 um.
Total wire length on LAYER met5 = 0 um.
Total number of vias = 2128.
Up-via summary (total 2128):.

-----------------------
 FR_MASTERSLICE       0
            li1    1065
           met1    1032
           met2      29
           met3       2
           met4       0
-----------------------
                   2128


[INFO DRT-0195] Start 2nd optimization iteration.
    Completing 10% with 44 violations.
    elapsed time = 00:00:00, memory = 485.30 (MB).
    Completing 20% with 44 violations.
    elapsed time = 00:00:00, memory = 485.30 (MB).
    Completing 30% with 44 violations.
    elapsed time = 00:00:00, memory = 491.05 (MB).
    Completing 40% with 44 violations.
    elapsed time = 00:00:00, memory = 491.05 (MB).
    Completing 50% with 39 violations.
    elapsed time = 00:00:00, memory = 491.05 (MB).
    Completing 60% with 39 violations.
    elapsed time = 00:00:00, memory = 491.05 (MB).
    Completing 70% with 53 violations.
    elapsed time = 00:00:00, memory = 491.05 (MB).
    Completing 80% with 53 violations.
    elapsed time = 00:00:01, memory = 518.55 (MB).
    Completing 90% with 44 violations.
    elapsed time = 00:00:02, memory = 488.28 (MB).
    Completing 100% with 43 violations.
    elapsed time = 00:00:02, memory = 488.28 (MB).
[INFO DRT-0199]   Number of violations = 53.
Viol/Layer        met1   met2
Metal Spacing       13      2
Min Hole             1      0
Recheck              9      1
Short               27      0
[INFO DRT-0267] cpu time = 00:00:02, elapsed time = 00:00:02, memory = 491.15 (MB), peak = 529.82 (MB)
Total wire length = 5852 um.
Total wire length on LAYER li1 = 0 um.
Total wire length on LAYER met1 = 3022 um.
Total wire length on LAYER met2 = 2609 um.
Total wire length on LAYER met3 = 159 um.
Total wire length on LAYER met4 = 61 um.
Total wire length on LAYER met5 = 0 um.
Total number of vias = 2129.
Up-via summary (total 2129):.

-----------------------
 FR_MASTERSLICE       0
            li1    1065
           met1    1030
           met2      30
           met3       4
           met4       0
-----------------------
                   2129


[INFO DRT-0195] Start 3rd optimization iteration.
    Completing 10% with 53 violations.
    elapsed time = 00:00:00, memory = 491.15 (MB).
    Completing 20% with 53 violations.
    elapsed time = 00:00:00, memory = 491.15 (MB).
    Completing 30% with 53 violations.
    elapsed time = 00:00:00, memory = 521.90 (MB).
    Completing 40% with 39 violations.
    elapsed time = 00:00:00, memory = 485.45 (MB).
    Completing 50% with 39 violations.
    elapsed time = 00:00:01, memory = 485.45 (MB).
    Completing 60% with 39 violations.
    elapsed time = 00:00:02, memory = 525.70 (MB).
[INFO DRT-0199]   Number of violations = 4.
Viol/Layer        met1
Metal Spacing        3
Short                1
[INFO DRT-0267] cpu time = 00:00:02, elapsed time = 00:00:02, memory = 485.65 (MB), peak = 529.82 (MB)
Total wire length = 5865 um.
Total wire length on LAYER li1 = 0 um.
Total wire length on LAYER met1 = 2990 um.
Total wire length on LAYER met2 = 2611 um.
Total wire length on LAYER met3 = 201 um.
Total wire length on LAYER met4 = 61 um.
Total wire length on LAYER met5 = 0 um.
Total number of vias = 2143.
Up-via summary (total 2143):.

-----------------------
 FR_MASTERSLICE       0
            li1    1065
           met1    1034
           met2      40
           met3       4
           met4       0
-----------------------
                   2143


[INFO DRT-0195] Start 4th optimization iteration.
    Completing 10% with 4 violations.
    elapsed time = 00:00:00, memory = 485.65 (MB).
    Completing 20% with 4 violations.
    elapsed time = 00:00:00, memory = 485.65 (MB).
    Completing 30% with 4 violations.
    elapsed time = 00:00:00, memory = 485.65 (MB).
    Completing 40% with 4 violations.
    elapsed time = 00:00:00, memory = 485.65 (MB).
    Completing 50% with 4 violations.
    elapsed time = 00:00:00, memory = 485.65 (MB).
    Completing 60% with 4 violations.
    elapsed time = 00:00:00, memory = 485.65 (MB).
    Completing 70% with 4 violations.
    elapsed time = 00:00:00, memory = 485.65 (MB).
    Completing 80% with 4 violations.
    elapsed time = 00:00:00, memory = 503.52 (MB).
    Completing 90% with 3 violations.
    elapsed time = 00:00:00, memory = 520.46 (MB).
    Completing 100% with 0 violations.
    elapsed time = 00:00:00, memory = 485.76 (MB).
[INFO DRT-0199]   Number of violations = 0.
[INFO DRT-0267] cpu time = 00:00:00, elapsed time = 00:00:00, memory = 485.76 (MB), peak = 530.73 (MB)
Total wire length = 5866 um.
Total wire length on LAYER li1 = 0 um.
Total wire length on LAYER met1 = 2982 um.
Total wire length on LAYER met2 = 2620 um.
Total wire length on LAYER met3 = 201 um.
Total wire length on LAYER met4 = 61 um.
Total wire length on LAYER met5 = 0 um.
Total number of vias = 2144.
Up-via summary (total 2144):.

-----------------------
 FR_MASTERSLICE       0
            li1    1065
           met1    1035
           met2      40
           met3       4
           met4       0
-----------------------
                   2144


[INFO DRT-0198] Complete detail routing.
Total wire length = 5866 um.
Total wire length on LAYER li1 = 0 um.
Total wire length on LAYER met1 = 2982 um.
Total wire length on LAYER met2 = 2620 um.
Total wire length on LAYER met3 = 201 um.
Total wire length on LAYER met4 = 61 um.
Total wire length on LAYER met5 = 0 um.
Total number of vias = 2144.
Up-via summary (total 2144):.

-----------------------
 FR_MASTERSLICE       0
            li1    1065
           met1    1035
           met2      40
           met3       4
           met4       0
-----------------------
                   2144


[INFO DRT-0267] cpu time = 00:00:11, elapsed time = 00:00:10, memory = 485.76 (MB), peak = 530.73 (MB)

[INFO DRT-0180] Post processing.
Setting global connections for newly added cells…
Writing OpenROAD database to '/openlane/designs/Reformer/runs/MS3/results/routing/top.odb'…
Writing netlist to '/openlane/designs/Reformer/runs/MS3/results/routing/top.nl.v'…
Writing powered netlist to '/openlane/designs/Reformer/runs/MS3/results/routing/top.pnl.v'…
Writing layout to '/openlane/designs/Reformer/runs/MS3/results/routing/top.def'…
