Startpoint: rst_n (input port clocked by clk)
Endpoint: _475_ (recovery check against rising-edge clock clk)
Path Group: asynchronous
Path Type: max

    Delay      Time   Description
-------------------------------------------------------------
   0.0000    0.0000   clock clk (rise edge)
   0.0000    0.0000   clock network delay (propagated)
   5.0000    5.0000 ^ input external delay
   0.0553    5.0553 ^ rst_n (in)
   0.5196    5.5749 ^ input17/X (sky130_fd_sc_hd__buf_12)
   0.0502    5.6251 ^ _475_/RESET_B (sky130_fd_sc_hd__dfrtp_4)
             5.6251   data arrival time

  25.0000   25.0000   clock clk (rise edge)
   0.6592   25.6592   clock network delay (propagated)
  -0.2500   25.4092   clock uncertainty
   0.0000   25.4092   clock reconvergence pessimism
            25.4092 ^ _475_/CLK (sky130_fd_sc_hd__dfrtp_4)
   0.2276   25.6367   library recovery time
            25.6367   data required time
-------------------------------------------------------------
            25.6367   data required time
            -5.6251   data arrival time
-------------------------------------------------------------
            20.0116   slack (MET)


Startpoint: rst_n (input port clocked by clk)
Endpoint: _483_ (recovery check against rising-edge clock clk)
Path Group: asynchronous
Path Type: max

    Delay      Time   Description
-------------------------------------------------------------
   0.0000    0.0000   clock clk (rise edge)
   0.0000    0.0000   clock network delay (propagated)
   5.0000    5.0000 ^ input external delay
   0.0553    5.0553 ^ rst_n (in)
   0.5196    5.5749 ^ input17/X (sky130_fd_sc_hd__buf_12)
   0.0504    5.6253 ^ _483_/RESET_B (sky130_fd_sc_hd__dfrtp_1)
             5.6253   data arrival time

  25.0000   25.0000   clock clk (rise edge)
   0.6591   25.6591   clock network delay (propagated)
  -0.2500   25.4091   clock uncertainty
   0.0000   25.4091   clock reconvergence pessimism
            25.4091 ^ _483_/CLK (sky130_fd_sc_hd__dfrtp_1)
   0.2913   25.7005   library recovery time
            25.7005   data required time
-------------------------------------------------------------
            25.7005   data required time
            -5.6253   data arrival time
-------------------------------------------------------------
            20.0751   slack (MET)


Startpoint: rst_n (input port clocked by clk)
Endpoint: _469_ (recovery check against rising-edge clock clk)
Path Group: asynchronous
Path Type: max

    Delay      Time   Description
-------------------------------------------------------------
   0.0000    0.0000   clock clk (rise edge)
   0.0000    0.0000   clock network delay (propagated)
   5.0000    5.0000 ^ input external delay
   0.0553    5.0553 ^ rst_n (in)
   0.5196    5.5749 ^ input17/X (sky130_fd_sc_hd__buf_12)
   0.0501    5.6250 ^ _469_/RESET_B (sky130_fd_sc_hd__dfrtp_1)
             5.6250   data arrival time

  25.0000   25.0000   clock clk (rise edge)
   0.6593   25.6593   clock network delay (propagated)
  -0.2500   25.4093   clock uncertainty
   0.0000   25.4093   clock reconvergence pessimism
            25.4093 ^ _469_/CLK (sky130_fd_sc_hd__dfrtp_1)
   0.2913   25.7006   library recovery time
            25.7006   data required time
-------------------------------------------------------------
            25.7006   data required time
            -5.6250   data arrival time
-------------------------------------------------------------
            20.0756   slack (MET)


Startpoint: rst_n (input port clocked by clk)
Endpoint: _470_ (recovery check against rising-edge clock clk)
Path Group: asynchronous
Path Type: max

    Delay      Time   Description
-------------------------------------------------------------
   0.0000    0.0000   clock clk (rise edge)
   0.0000    0.0000   clock network delay (propagated)
   5.0000    5.0000 ^ input external delay
   0.0553    5.0553 ^ rst_n (in)
   0.5196    5.5749 ^ input17/X (sky130_fd_sc_hd__buf_12)
   0.0501    5.6251 ^ _470_/RESET_B (sky130_fd_sc_hd__dfrtp_1)
             5.6251   data arrival time

  25.0000   25.0000   clock clk (rise edge)
   0.6594   25.6594   clock network delay (propagated)
  -0.2500   25.4094   clock uncertainty
   0.0000   25.4094   clock reconvergence pessimism
            25.4094 ^ _470_/CLK (sky130_fd_sc_hd__dfrtp_1)
   0.2913   25.7007   library recovery time
            25.7007   data required time
-------------------------------------------------------------
            25.7007   data required time
            -5.6251   data arrival time
-------------------------------------------------------------
            20.0756   slack (MET)


Startpoint: rst_n (input port clocked by clk)
Endpoint: _471_ (recovery check against rising-edge clock clk)
Path Group: asynchronous
Path Type: max

    Delay      Time   Description
-------------------------------------------------------------
   0.0000    0.0000   clock clk (rise edge)
   0.0000    0.0000   clock network delay (propagated)
   5.0000    5.0000 ^ input external delay
   0.0553    5.0553 ^ rst_n (in)
   0.5196    5.5749 ^ input17/X (sky130_fd_sc_hd__buf_12)
   0.0502    5.6251 ^ _471_/RESET_B (sky130_fd_sc_hd__dfrtp_1)
             5.6251   data arrival time

  25.0000   25.0000   clock clk (rise edge)
   0.6594   25.6594   clock network delay (propagated)
  -0.2500   25.4094   clock uncertainty
   0.0000   25.4094   clock reconvergence pessimism
            25.4094 ^ _471_/CLK (sky130_fd_sc_hd__dfrtp_1)
   0.2913   25.7007   library recovery time
            25.7007   data required time
-------------------------------------------------------------
            25.7007   data required time
            -5.6251   data arrival time
-------------------------------------------------------------
            20.0756   slack (MET)


Startpoint: rst_n (input port clocked by clk)
Endpoint: _476_ (recovery check against rising-edge clock clk)
Path Group: asynchronous
Path Type: max

    Delay      Time   Description
-------------------------------------------------------------
   0.0000    0.0000   clock clk (rise edge)
   0.0000    0.0000   clock network delay (propagated)
   5.0000    5.0000 ^ input external delay
   0.0553    5.0553 ^ rst_n (in)
   0.5196    5.5749 ^ input17/X (sky130_fd_sc_hd__buf_12)
   0.0498    5.6247 ^ _476_/RESET_B (sky130_fd_sc_hd__dfrtp_1)
             5.6247   data arrival time

  25.0000   25.0000   clock clk (rise edge)
   0.6593   25.6593   clock network delay (propagated)
  -0.2500   25.4093   clock uncertainty
   0.0000   25.4093   clock reconvergence pessimism
            25.4093 ^ _476_/CLK (sky130_fd_sc_hd__dfrtp_1)
   0.2914   25.7006   library recovery time
            25.7006   data required time
-------------------------------------------------------------
            25.7006   data required time
            -5.6247   data arrival time
-------------------------------------------------------------
            20.0759   slack (MET)


Startpoint: rst_n (input port clocked by clk)
Endpoint: _477_ (recovery check against rising-edge clock clk)
Path Group: asynchronous
Path Type: max

    Delay      Time   Description
-------------------------------------------------------------
   0.0000    0.0000   clock clk (rise edge)
   0.0000    0.0000   clock network delay (propagated)
   5.0000    5.0000 ^ input external delay
   0.0553    5.0553 ^ rst_n (in)
   0.5196    5.5749 ^ input17/X (sky130_fd_sc_hd__buf_12)
   0.0491    5.6240 ^ _477_/RESET_B (sky130_fd_sc_hd__dfrtp_1)
             5.6240   data arrival time

  25.0000   25.0000   clock clk (rise edge)
   0.6593   25.6593   clock network delay (propagated)
  -0.2500   25.4093   clock uncertainty
   0.0000   25.4093   clock reconvergence pessimism
            25.4093 ^ _477_/CLK (sky130_fd_sc_hd__dfrtp_1)
   0.2914   25.7007   library recovery time
            25.7007   data required time
-------------------------------------------------------------
            25.7007   data required time
            -5.6240   data arrival time
-------------------------------------------------------------
            20.0768   slack (MET)


Startpoint: rst_n (input port clocked by clk)
Endpoint: _484_ (recovery check against rising-edge clock clk)
Path Group: asynchronous
Path Type: max

    Delay      Time   Description
-------------------------------------------------------------
   0.0000    0.0000   clock clk (rise edge)
   0.0000    0.0000   clock network delay (propagated)
   5.0000    5.0000 ^ input external delay
   0.0553    5.0553 ^ rst_n (in)
   0.5196    5.5749 ^ input17/X (sky130_fd_sc_hd__buf_12)
   0.0219    5.5968 ^ _484_/RESET_B (sky130_fd_sc_hd__dfrtp_4)
             5.5968   data arrival time

  25.0000   25.0000   clock clk (rise edge)
   0.6857   25.6857   clock network delay (propagated)
  -0.2500   25.4357   clock uncertainty
   0.0000   25.4357   clock reconvergence pessimism
            25.4357 ^ _484_/CLK (sky130_fd_sc_hd__dfrtp_4)
   0.2389   25.6746   library recovery time
            25.6746   data required time
-------------------------------------------------------------
            25.6746   data required time
            -5.5968   data arrival time
-------------------------------------------------------------
            20.0778   slack (MET)


Startpoint: rst_n (input port clocked by clk)
Endpoint: _485_ (recovery check against rising-edge clock clk)
Path Group: asynchronous
Path Type: max

    Delay      Time   Description
-------------------------------------------------------------
   0.0000    0.0000   clock clk (rise edge)
   0.0000    0.0000   clock network delay (propagated)
   5.0000    5.0000 ^ input external delay
   0.0553    5.0553 ^ rst_n (in)
   0.5196    5.5749 ^ input17/X (sky130_fd_sc_hd__buf_12)
   0.0217    5.5967 ^ _485_/RESET_B (sky130_fd_sc_hd__dfrtp_4)
             5.5967   data arrival time

  25.0000   25.0000   clock clk (rise edge)
   0.6857   25.6857   clock network delay (propagated)
  -0.2500   25.4357   clock uncertainty
   0.0000   25.4357   clock reconvergence pessimism
            25.4357 ^ _485_/CLK (sky130_fd_sc_hd__dfrtp_4)
   0.2389   25.6746   library recovery time
            25.6746   data required time
-------------------------------------------------------------
            25.6746   data required time
            -5.5967   data arrival time
-------------------------------------------------------------
            20.0779   slack (MET)


Startpoint: rst_n (input port clocked by clk)
Endpoint: _472_ (recovery check against rising-edge clock clk)
Path Group: asynchronous
Path Type: max

    Delay      Time   Description
-------------------------------------------------------------
   0.0000    0.0000   clock clk (rise edge)
   0.0000    0.0000   clock network delay (propagated)
   5.0000    5.0000 ^ input external delay
   0.0553    5.0553 ^ rst_n (in)
   0.5196    5.5749 ^ input17/X (sky130_fd_sc_hd__buf_12)
   0.0508    5.6257 ^ _472_/RESET_B (sky130_fd_sc_hd__dfrtp_1)
             5.6257   data arrival time

  25.0000   25.0000   clock clk (rise edge)
   0.6619   25.6619   clock network delay (propagated)
  -0.2500   25.4119   clock uncertainty
   0.0000   25.4119   clock reconvergence pessimism
            25.4119 ^ _472_/CLK (sky130_fd_sc_hd__dfrtp_1)
   0.2922   25.7041   library recovery time
            25.7041   data required time
-------------------------------------------------------------
            25.7041   data required time
            -5.6257   data arrival time
-------------------------------------------------------------
            20.0784   slack (MET)


Startpoint: _473_ (rising edge-triggered flip-flop clocked by clk)
Endpoint: o_index[1] (output port clocked by clk)
Path Group: clk
Path Type: max

    Delay      Time   Description
-------------------------------------------------------------
   0.0000    0.0000   clock clk (rise edge)
   0.7316    0.7316   clock network delay (propagated)
   0.0000    0.7316 ^ _473_/CLK (sky130_fd_sc_hd__dfrtp_1)
   0.7917    1.5234 v _473_/Q (sky130_fd_sc_hd__dfrtp_1)
   0.3729    1.8963 v output22/X (sky130_fd_sc_hd__buf_2)
   0.0007    1.8970 v o_index[1] (out)
             1.8970   data arrival time

  25.0000   25.0000   clock clk (rise edge)
   0.0000   25.0000   clock network delay (propagated)
  -0.2500   24.7500   clock uncertainty
   0.0000   24.7500   clock reconvergence pessimism
  -5.0000   19.7500   output external delay
            19.7500   data required time
-------------------------------------------------------------
            19.7500   data required time
            -1.8970   data arrival time
-------------------------------------------------------------
            17.8530   slack (MET)


Startpoint: _472_ (rising edge-triggered flip-flop clocked by clk)
Endpoint: o_index[0] (output port clocked by clk)
Path Group: clk
Path Type: max

    Delay      Time   Description
-------------------------------------------------------------
   0.0000    0.0000   clock clk (rise edge)
   0.7315    0.7315   clock network delay (propagated)
   0.0000    0.7315 ^ _472_/CLK (sky130_fd_sc_hd__dfrtp_1)
   0.8050    1.5366 v _472_/Q (sky130_fd_sc_hd__dfrtp_1)
   0.3588    1.8953 v output21/X (sky130_fd_sc_hd__clkbuf_4)
   0.0008    1.8961 v o_index[0] (out)
             1.8961   data arrival time

  25.0000   25.0000   clock clk (rise edge)
   0.0000   25.0000   clock network delay (propagated)
  -0.2500   24.7500   clock uncertainty
   0.0000   24.7500   clock reconvergence pessimism
  -5.0000   19.7500   output external delay
            19.7500   data required time
-------------------------------------------------------------
            19.7500   data required time
            -1.8961   data arrival time
-------------------------------------------------------------
            17.8539   slack (MET)


Startpoint: _474_ (rising edge-triggered flip-flop clocked by clk)
Endpoint: o_index[2] (output port clocked by clk)
Path Group: clk
Path Type: max

    Delay      Time   Description
-------------------------------------------------------------
   0.0000    0.0000   clock clk (rise edge)
   0.7318    0.7318   clock network delay (propagated)
   0.0000    0.7318 ^ _474_/CLK (sky130_fd_sc_hd__dfrtp_1)
   0.7953    1.5271 v _474_/Q (sky130_fd_sc_hd__dfrtp_1)
   0.3556    1.8826 v output23/X (sky130_fd_sc_hd__clkbuf_4)
   0.0007    1.8833 v o_index[2] (out)
             1.8833   data arrival time

  25.0000   25.0000   clock clk (rise edge)
   0.0000   25.0000   clock network delay (propagated)
  -0.2500   24.7500   clock uncertainty
   0.0000   24.7500   clock reconvergence pessimism
  -5.0000   19.7500   output external delay
            19.7500   data required time
-------------------------------------------------------------
            19.7500   data required time
            -1.8833   data arrival time
-------------------------------------------------------------
            17.8667   slack (MET)


Startpoint: _468_ (rising edge-triggered flip-flop clocked by clk)
Endpoint: o_bucket[0] (output port clocked by clk)
Path Group: clk
Path Type: max

    Delay      Time   Description
-------------------------------------------------------------
   0.0000    0.0000   clock clk (rise edge)
   0.7319    0.7319   clock network delay (propagated)
   0.0000    0.7319 ^ _468_/CLK (sky130_fd_sc_hd__dfrtp_1)
   0.7928    1.5247 v _468_/Q (sky130_fd_sc_hd__dfrtp_1)
   0.3545    1.8791 v output18/X (sky130_fd_sc_hd__clkbuf_4)
   0.0009    1.8800 v o_bucket[0] (out)
             1.8800   data arrival time

  25.0000   25.0000   clock clk (rise edge)
   0.0000   25.0000   clock network delay (propagated)
  -0.2500   24.7500   clock uncertainty
   0.0000   24.7500   clock reconvergence pessimism
  -5.0000   19.7500   output external delay
            19.7500   data required time
-------------------------------------------------------------
            19.7500   data required time
            -1.8800   data arrival time
-------------------------------------------------------------
            17.8700   slack (MET)


Startpoint: _469_ (rising edge-triggered flip-flop clocked by clk)
Endpoint: o_bucket[1] (output port clocked by clk)
Path Group: clk
Path Type: max

    Delay      Time   Description
-------------------------------------------------------------
   0.0000    0.0000   clock clk (rise edge)
   0.7287    0.7287   clock network delay (propagated)
   0.0000    0.7287 ^ _469_/CLK (sky130_fd_sc_hd__dfrtp_1)
   0.7807    1.5094 v _469_/Q (sky130_fd_sc_hd__dfrtp_1)
   0.3693    1.8787 v output19/X (sky130_fd_sc_hd__buf_2)
   0.0007    1.8794 v o_bucket[1] (out)
             1.8794   data arrival time

  25.0000   25.0000   clock clk (rise edge)
   0.0000   25.0000   clock network delay (propagated)
  -0.2500   24.7500   clock uncertainty
   0.0000   24.7500   clock reconvergence pessimism
  -5.0000   19.7500   output external delay
            19.7500   data required time
-------------------------------------------------------------
            19.7500   data required time
            -1.8794   data arrival time
-------------------------------------------------------------
            17.8706   slack (MET)


Startpoint: i_value1[2] (input port clocked by clk)
Endpoint: _440_ (rising edge-triggered flip-flop clocked by clk)
Path Group: clk
Path Type: max

    Delay      Time   Description
-------------------------------------------------------------
   0.0000    0.0000   clock clk (rise edge)
   0.0000    0.0000   clock network delay (propagated)
   5.0000    5.0000 v input external delay
   0.0093    5.0093 v i_value1[2] (in)
   0.2268    5.2362 v input7/X (sky130_fd_sc_hd__buf_1)
   0.4718    5.7080 v _288_/X (sky130_fd_sc_hd__a22o_1)
   0.5985    6.3065 v _289_/X (sky130_fd_sc_hd__o221a_2)
   0.7783    7.0848 v _316_/X (sky130_fd_sc_hd__mux2_1)
   0.1896    7.2744 v _317_/X (sky130_fd_sc_hd__clkbuf_1)
   0.0001    7.2745 v _440_/D (sky130_fd_sc_hd__dfrtp_1)
             7.2745   data arrival time

  25.0000   25.0000   clock clk (rise edge)
   0.6640   25.6640   clock network delay (propagated)
  -0.2500   25.4140   clock uncertainty
   0.0000   25.4140   clock reconvergence pessimism
            25.4140 ^ _440_/CLK (sky130_fd_sc_hd__dfrtp_1)
  -0.2682   25.1458   library setup time
            25.1458   data required time
-------------------------------------------------------------
            25.1458   data required time
            -7.2745   data arrival time
-------------------------------------------------------------
            17.8713   slack (MET)


Startpoint: _470_ (rising edge-triggered flip-flop clocked by clk)
Endpoint: o_bucket[2] (output port clocked by clk)
Path Group: clk
Path Type: max

    Delay      Time   Description
-------------------------------------------------------------
   0.0000    0.0000   clock clk (rise edge)
   0.7288    0.7288   clock network delay (propagated)
   0.0000    0.7288 ^ _470_/CLK (sky130_fd_sc_hd__dfrtp_1)
   0.7876    1.5164 v _470_/Q (sky130_fd_sc_hd__dfrtp_1)
   0.3520    1.8684 v output20/X (sky130_fd_sc_hd__clkbuf_4)
   0.0007    1.8691 v o_bucket[2] (out)
             1.8691   data arrival time

  25.0000   25.0000   clock clk (rise edge)
   0.0000   25.0000   clock network delay (propagated)
  -0.2500   24.7500   clock uncertainty
   0.0000   24.7500   clock reconvergence pessimism
  -5.0000   19.7500   output external delay
            19.7500   data required time
-------------------------------------------------------------
            19.7500   data required time
            -1.8691   data arrival time
-------------------------------------------------------------
            17.8809   slack (MET)


Startpoint: i_value1[2] (input port clocked by clk)
Endpoint: _438_ (rising edge-triggered flip-flop clocked by clk)
Path Group: clk
Path Type: max

    Delay      Time   Description
-------------------------------------------------------------
   0.0000    0.0000   clock clk (rise edge)
   0.0000    0.0000   clock network delay (propagated)
   5.0000    5.0000 v input external delay
   0.0093    5.0093 v i_value1[2] (in)
   0.2268    5.2362 v input7/X (sky130_fd_sc_hd__buf_1)
   0.4718    5.7080 v _288_/X (sky130_fd_sc_hd__a22o_1)
   0.5985    6.3065 v _289_/X (sky130_fd_sc_hd__o221a_2)
   0.7712    7.0777 v _312_/X (sky130_fd_sc_hd__mux2_1)
   0.1852    7.2629 v _313_/X (sky130_fd_sc_hd__clkbuf_1)
   0.0001    7.2630 v _438_/D (sky130_fd_sc_hd__dfrtp_1)
             7.2630   data arrival time

  25.0000   25.0000   clock clk (rise edge)
   0.6642   25.6642   clock network delay (propagated)
  -0.2500   25.4142   clock uncertainty
   0.0000   25.4142   clock reconvergence pessimism
            25.4142 ^ _438_/CLK (sky130_fd_sc_hd__dfrtp_1)
  -0.2672   25.1470   library setup time
            25.1470   data required time
-------------------------------------------------------------
            25.1470   data required time
            -7.2630   data arrival time
-------------------------------------------------------------
            17.8840   slack (MET)


Startpoint: i_value4[1] (input port clocked by clk)
Endpoint: _424_ (rising edge-triggered flip-flop clocked by clk)
Path Group: clk
Path Type: max

    Delay      Time   Description
-------------------------------------------------------------
   0.0000    0.0000   clock clk (rise edge)
   0.0000    0.0000   clock network delay (propagated)
   5.0000    5.0000 v input external delay
   0.0096    5.0096 v i_value4[1] (in)
   0.2101    5.2198 v input15/X (sky130_fd_sc_hd__buf_1)
   0.4508    5.6706 v _264_/X (sky130_fd_sc_hd__o211a_1)
   0.6238    6.2944 v _266_/X (sky130_fd_sc_hd__o221a_2)
   0.7749    7.0693 v _269_/X (sky130_fd_sc_hd__mux2_1)
   0.1982    7.2675 v _270_/X (sky130_fd_sc_hd__clkbuf_1)
   0.0001    7.2676 v _424_/D (sky130_fd_sc_hd__dfrtp_1)
             7.2676   data arrival time

  25.0000   25.0000   clock clk (rise edge)
   0.6752   25.6752   clock network delay (propagated)
  -0.2500   25.4252   clock uncertainty
   0.0000   25.4252   clock reconvergence pessimism
            25.4252 ^ _424_/CLK (sky130_fd_sc_hd__dfrtp_1)
  -0.2690   25.1562   library setup time
            25.1562   data required time
-------------------------------------------------------------
            25.1562   data required time
            -7.2676   data arrival time
-------------------------------------------------------------
            17.8886   slack (MET)


Startpoint: _471_ (rising edge-triggered flip-flop clocked by clk)
Endpoint: o_valid (output port clocked by clk)
Path Group: clk
Path Type: max

    Delay      Time   Description
-------------------------------------------------------------
   0.0000    0.0000   clock clk (rise edge)
   0.7288    0.7288   clock network delay (propagated)
   0.0000    0.7288 ^ _471_/CLK (sky130_fd_sc_hd__dfrtp_1)
   0.7698    1.4986 v _471_/Q (sky130_fd_sc_hd__dfrtp_1)
   0.3464    1.8450 v output24/X (sky130_fd_sc_hd__clkbuf_4)
   0.0008    1.8458 v o_valid (out)
             1.8458   data arrival time

  25.0000   25.0000   clock clk (rise edge)
   0.0000   25.0000   clock network delay (propagated)
  -0.2500   24.7500   clock uncertainty
   0.0000   24.7500   clock reconvergence pessimism
  -5.0000   19.7500   output external delay
            19.7500   data required time
-------------------------------------------------------------
            19.7500   data required time
            -1.8458   data arrival time
-------------------------------------------------------------
            17.9042   slack (MET)


