
===========================================================================
report_checks -unconstrained
===========================================================================
======================= Typical Corner ===================================

Startpoint: rst_n (input port clocked by clk)
Endpoint: _471_ (recovery check against rising-edge clock clk)
Path Group: asynchronous
Path Type: max

Fanout     Cap    Slew   Delay    Time   Description
-----------------------------------------------------------------------------
                  0.15    0.00    0.00   clock clk (rise edge)
                          0.00    0.00   clock network delay (ideal)
                          5.00    5.00 ^ input external delay
                  1.26    0.92    5.92 ^ rst_n (in)
    65    0.28                           rst_n (net)
                  1.26    0.00    5.92 ^ _471_/RESET_B (sky130_fd_sc_hd__dfrtp_2)
                                  5.92   data arrival time

                  0.15   25.00   25.00   clock clk (rise edge)
                          0.00   25.00   clock network delay (ideal)
                         -0.25   24.75   clock uncertainty
                          0.00   24.75   clock reconvergence pessimism
                                 24.75 ^ _471_/CLK (sky130_fd_sc_hd__dfrtp_2)
                         -0.14   24.61   library recovery time
                                 24.61   data required time
-----------------------------------------------------------------------------
                                 24.61   data required time
                                 -5.92   data arrival time
-----------------------------------------------------------------------------
                                 18.69   slack (MET)


Startpoint: i_valid (input port clocked by clk)
Endpoint: _440_ (rising edge-triggered flip-flop clocked by clk)
Path Group: clk
Path Type: max

Fanout     Cap    Slew   Delay    Time   Description
-----------------------------------------------------------------------------
                  0.15    0.00    0.00   clock clk (rise edge)
                          0.00    0.00   clock network delay (ideal)
                          5.00    5.00 ^ input external delay
                  0.02    0.01    5.01 ^ i_valid (in)
     1    0.00                           i_valid (net)
                  0.02    0.00    5.01 ^ _211_/A (sky130_fd_sc_hd__buf_1)
                  0.65    0.52    5.53 ^ _211_/X (sky130_fd_sc_hd__buf_1)
    13    0.06                           _065_ (net)
                  0.65    0.00    5.53 ^ _289_/C1 (sky130_fd_sc_hd__o221a_2)
                  0.13    0.41    5.94 ^ _289_/X (sky130_fd_sc_hd__o221a_2)
     5    0.02                           _134_ (net)
                  0.13    0.00    5.94 ^ _316_/S (sky130_fd_sc_hd__mux2_2)
                  0.05    0.36    6.29 v _316_/X (sky130_fd_sc_hd__mux2_2)
     1    0.00                           _150_ (net)
                  0.05    0.00    6.29 v _317_/A (sky130_fd_sc_hd__buf_1)
                  0.02    0.09    6.38 v _317_/X (sky130_fd_sc_hd__buf_1)
     1    0.00                           _020_ (net)
                  0.02    0.00    6.38 v _440_/D (sky130_fd_sc_hd__dfrtp_2)
                                  6.38   data arrival time

                  0.15   25.00   25.00   clock clk (rise edge)
                          0.00   25.00   clock network delay (ideal)
                         -0.25   24.75   clock uncertainty
                          0.00   24.75   clock reconvergence pessimism
                                 24.75 ^ _440_/CLK (sky130_fd_sc_hd__dfrtp_2)
                         -0.08   24.67   library setup time
                                 24.67   data required time
-----------------------------------------------------------------------------
                                 24.67   data required time
                                 -6.38   data arrival time
-----------------------------------------------------------------------------
                                 18.29   slack (MET)




===========================================================================
report_checks --slack_max -0.01
============================================================================
======================= Typical Corner ===================================

No paths found.


===========================================================================
 report_check_types -max_slew -max_cap -max_fanout -violators
============================================================================
======================= Typical Corner ===================================

max slew

Pin                                    Limit    Slew   Slack
------------------------------------------------------------
_471_/RESET_B                           0.75    1.26   -0.51 (VIOLATED)
_429_/RESET_B                           0.75    1.26   -0.51 (VIOLATED)
_430_/RESET_B                           0.75    1.26   -0.51 (VIOLATED)
_470_/RESET_B                           0.75    1.26   -0.51 (VIOLATED)
_440_/RESET_B                           0.75    1.26   -0.51 (VIOLATED)
_464_/RESET_B                           0.75    1.26   -0.51 (VIOLATED)
_474_/RESET_B                           0.75    1.26   -0.51 (VIOLATED)
_439_/RESET_B                           0.75    1.26   -0.51 (VIOLATED)
_463_/RESET_B                           0.75    1.26   -0.51 (VIOLATED)
_481_/RESET_B                           0.75    1.26   -0.51 (VIOLATED)
_436_/RESET_B                           0.75    1.26   -0.51 (VIOLATED)
_435_/RESET_B                           0.75    1.26   -0.51 (VIOLATED)
_446_/RESET_B                           0.75    1.26   -0.51 (VIOLATED)
_461_/RESET_B                           0.75    1.26   -0.51 (VIOLATED)
_445_/RESET_B                           0.75    1.26   -0.51 (VIOLATED)
_444_/RESET_B                           0.75    1.26   -0.51 (VIOLATED)
_459_/RESET_B                           0.75    1.26   -0.51 (VIOLATED)
_460_/RESET_B                           0.75    1.26   -0.51 (VIOLATED)
_443_/RESET_B                           0.75    1.26   -0.51 (VIOLATED)
_442_/RESET_B                           0.75    1.26   -0.51 (VIOLATED)
_437_/RESET_B                           0.75    1.26   -0.51 (VIOLATED)
_452_/RESET_B                           0.75    1.26   -0.51 (VIOLATED)
_458_/RESET_B                           0.75    1.26   -0.51 (VIOLATED)
_451_/RESET_B                           0.75    1.26   -0.51 (VIOLATED)
_457_/RESET_B                           0.75    1.26   -0.51 (VIOLATED)
_441_/RESET_B                           0.75    1.26   -0.51 (VIOLATED)
_450_/RESET_B                           0.75    1.26   -0.51 (VIOLATED)
_486_/RESET_B                           0.75    1.26   -0.51 (VIOLATED)
_456_/RESET_B                           0.75    1.26   -0.51 (VIOLATED)
_485_/RESET_B                           0.75    1.26   -0.51 (VIOLATED)
_422_/RESET_B                           0.75    1.26   -0.51 (VIOLATED)
_482_/RESET_B                           0.75    1.26   -0.51 (VIOLATED)
_455_/RESET_B                           0.75    1.26   -0.51 (VIOLATED)
_473_/RESET_B                           0.75    1.26   -0.51 (VIOLATED)
_431_/RESET_B                           0.75    1.26   -0.51 (VIOLATED)
_472_/RESET_B                           0.75    1.26   -0.51 (VIOLATED)
_476_/RESET_B                           0.75    1.26   -0.51 (VIOLATED)
_438_/RESET_B                           0.75    1.26   -0.51 (VIOLATED)
_462_/RESET_B                           0.75    1.26   -0.51 (VIOLATED)
_447_/RESET_B                           0.75    1.26   -0.51 (VIOLATED)
_449_/RESET_B                           0.75    1.26   -0.51 (VIOLATED)
_477_/RESET_B                           0.75    1.26   -0.51 (VIOLATED)
_448_/RESET_B                           0.75    1.26   -0.51 (VIOLATED)
_465_/RESET_B                           0.75    1.26   -0.51 (VIOLATED)
_425_/RESET_B                           0.75    1.26   -0.51 (VIOLATED)
_480_/RESET_B                           0.75    1.26   -0.51 (VIOLATED)
_475_/RESET_B                           0.75    1.26   -0.51 (VIOLATED)
_484_/RESET_B                           0.75    1.26   -0.51 (VIOLATED)
_423_/RESET_B                           0.75    1.26   -0.51 (VIOLATED)
_424_/RESET_B                           0.75    1.26   -0.51 (VIOLATED)
_479_/RESET_B                           0.75    1.26   -0.51 (VIOLATED)
_478_/RESET_B                           0.75    1.26   -0.51 (VIOLATED)
_426_/RESET_B                           0.75    1.26   -0.51 (VIOLATED)
_427_/RESET_B                           0.75    1.26   -0.51 (VIOLATED)
_428_/RESET_B                           0.75    1.26   -0.51 (VIOLATED)
_469_/RESET_B                           0.75    1.26   -0.51 (VIOLATED)
_432_/RESET_B                           0.75    1.26   -0.51 (VIOLATED)
_454_/RESET_B                           0.75    1.26   -0.51 (VIOLATED)
_433_/RESET_B                           0.75    1.26   -0.51 (VIOLATED)
_434_/RESET_B                           0.75    1.26   -0.51 (VIOLATED)
_468_/RESET_B                           0.75    1.26   -0.51 (VIOLATED)
_483_/RESET_B                           0.75    1.26   -0.51 (VIOLATED)
_466_/RESET_B                           0.75    1.26   -0.51 (VIOLATED)
_467_/RESET_B                           0.75    1.26   -0.51 (VIOLATED)
_453_/RESET_B                           0.75    1.26   -0.51 (VIOLATED)
rst_n                                   0.75    1.26   -0.51 (VIOLATED)
_368_/S                                 0.75    0.97   -0.22 (VIOLATED)
_366_/S                                 0.75    0.97   -0.22 (VIOLATED)
_246_/A                                 0.75    0.97   -0.22 (VIOLATED)
_362_/S                                 0.75    0.97   -0.22 (VIOLATED)
_364_/S                                 0.75    0.97   -0.22 (VIOLATED)
_409_/A                                 0.75    0.97   -0.22 (VIOLATED)
_358_/S                                 0.75    0.97   -0.22 (VIOLATED)
_403_/B1                                0.75    0.97   -0.22 (VIOLATED)
_370_/S                                 0.75    0.97   -0.22 (VIOLATED)
_360_/S                                 0.75    0.97   -0.22 (VIOLATED)
_372_/S                                 0.75    0.97   -0.22 (VIOLATED)
_374_/S                                 0.75    0.97   -0.22 (VIOLATED)
_346_/S                                 0.75    0.97   -0.22 (VIOLATED)
_356_/S                                 0.75    0.97   -0.22 (VIOLATED)
_348_/S                                 0.75    0.97   -0.22 (VIOLATED)
_415_/A                                 0.75    0.97   -0.22 (VIOLATED)
_245_/X                                 0.75    0.97   -0.22 (VIOLATED)
_350_/S                                 0.75    0.97   -0.22 (VIOLATED)
_352_/S                                 0.75    0.97   -0.22 (VIOLATED)
_354_/S                                 0.75    0.97   -0.22 (VIOLATED)
_412_/A                                 0.75    0.97   -0.22 (VIOLATED)



===========================================================================
report_parasitic_annotation -report_unannotated
============================================================================
Found 294 unannotated drivers.
 clk
 i_valid
 i_value0[0]
 i_value0[1]
 i_value0[2]
 i_value1[0]
 i_value1[1]
 i_value1[2]
 i_value2[0]
 i_value2[1]
 i_value2[2]
 i_value3[0]
 i_value3[1]
 i_value3[2]
 i_value4[0]
 i_value4[1]
 i_value4[2]
 rst_n
 _211_/X
 _212_/X
 _213_/X
 _214_/X
 _215_/Y
 _216_/Y
 _217_/Y
 _218_/X
 _219_/X
 _220_/Y
 _221_/X
 _222_/X
 _223_/X
 _224_/X
 _225_/Y
 _226_/X
 _227_/Y
 _228_/X
 _229_/X
 _230_/X
 _231_/Y
 _232_/Y
 _233_/Y
 _234_/X
 _235_/Y
 _236_/Y
 _237_/X
 _238_/X
 _239_/X
 _240_/Y
 _241_/X
 _242_/X
 _243_/X
 _244_/X
 _245_/X
 _246_/Y
 _247_/X
 _248_/X
 _249_/Y
 _250_/X
 _251_/Y
 _252_/Y
 _253_/X
 _254_/Y
 _255_/Y
 _256_/Y
 _257_/X
 _258_/Y
 _259_/X
 _260_/Y
 _261_/Y
 _262_/Y
 _263_/Y
 _264_/X
 _265_/X
 _266_/X
 _267_/X
 _268_/X
 _269_/X
 _270_/X
 _271_/X
 _272_/X
 _273_/Y
 _274_/Y
 _275_/Y
 _276_/X
 _277_/X
 _278_/X
 _279_/X
 _280_/X
 _281_/X
 _282_/X
 _283_/X
 _284_/Y
 _285_/Y
 _286_/Y
 _287_/X
 _288_/X
 _289_/X
 _290_/X
 _291_/X
 _292_/X
 _293_/X
 _294_/X
 _295_/X
 _296_/X
 _297_/X
 _298_/X
 _299_/X
 _300_/X
 _301_/Y
 _302_/Y
 _303_/Y
 _304_/X
 _305_/X
 _306_/X
 _307_/X
 _308_/X
 _309_/X
 _310_/X
 _311_/X
 _312_/X
 _313_/X
 _314_/X
 _315_/X
 _316_/X
 _317_/X
 _318_/Y
 _319_/Y
 _320_/Y
 _321_/X
 _322_/X
 _323_/X
 _324_/X
 _325_/X
 _326_/X
 _327_/X
 _328_/X
 _329_/X
 _330_/X
 _331_/X
 _332_/X
 _333_/X
 _334_/X
 _335_/X
 _336_/X
 _337_/X
 _338_/X
 _339_/X
 _340_/X
 _341_/X
 _342_/X
 _343_/X
 _344_/X
 _345_/X
 _346_/X
 _347_/X
 _348_/X
 _349_/X
 _350_/X
 _351_/X
 _352_/X
 _353_/X
 _354_/X
 _355_/X
 _356_/X
 _357_/X
 _358_/X
 _359_/X
 _360_/X
 _361_/X
 _362_/X
 _363_/X
 _364_/X
 _365_/X
 _366_/X
 _367_/X
 _368_/X
 _369_/X
 _370_/X
 _371_/X
 _372_/X
 _373_/X
 _374_/X
 _375_/X
 _376_/X
 _377_/X
 _378_/X
 _379_/X
 _380_/X
 _381_/X
 _382_/Y
 _383_/Y
 _384_/X
 _385_/X
 _386_/Y
 _387_/X
 _388_/X
 _389_/X
 _390_/X
 _391_/Y
 _392_/X
 _393_/Y
 _394_/X
 _395_/X
 _396_/Y
 _397_/Y
 _398_/X
 _399_/X
 _400_/X
 _401_/Y
 _402_/X
 _403_/Y
 _404_/Y
 _405_/Y
 _406_/Y
 _407_/Y
 _408_/X
 _409_/X
 _410_/X
 _411_/X
 _412_/X
 _413_/X
 _414_/Y
 _415_/X
 _416_/X
 _417_/X
 _418_/Y
 _419_/Y
 _420_/Y
 _421_/Y
 _422_/Q
 _423_/Q
 _424_/Q
 _425_/Q
 _426_/Q
 _427_/Q
 _428_/Q
 _429_/Q
 _430_/Q
 _431_/Q
 _432_/Q
 _433_/Q
 _434_/Q
 _435_/Q
 _436_/Q
 _437_/Q
 _438_/Q
 _439_/Q
 _440_/Q
 _441_/Q
 _442_/Q
 _443_/Q
 _444_/Q
 _445_/Q
 _446_/Q
 _447_/Q
 _448_/Q
 _449_/Q
 _450_/Q
 _451_/Q
 _452_/Q
 _453_/Q
 _454_/Q
 _455_/Q
 _456_/Q
 _457_/Q
 _458_/Q
 _459_/Q
 _460_/Q
 _461_/Q
 _462_/Q
 _463_/Q
 _464_/Q
 _465_/Q
 _466_/Q
 _467_/Q
 _468_/Q
 _469_/Q
 _470_/Q
 _471_/Q
 _472_/Q
 _473_/Q
 _474_/Q
 _475_/Q
 _476_/Q
 _477_/Q
 _478_/Q
 _479_/Q
 _480_/Q
 _481_/Q
 _482_/Q
 _483_/Q
 _484_/Q
 _485_/Q
 _486_/Q
Found 0 partially unannotated drivers.

===========================================================================
max slew violation count 87
max fanout violation count 0
max cap violation count 0
============================================================================

===========================================================================
check_setup -verbose -unconstrained_endpoints -multiple_clock -no_clock -no_input_delay -loops -generated_clocks
===========================================================================
