
===========================================================================
report_checks -unconstrained
===========================================================================
======================= Fastest Corner ===================================

Startpoint: rst_n (input port clocked by clk)
Endpoint: _486_ (recovery check against rising-edge clock clk)
Path Group: asynchronous
Path Type: max
Corner: Fastest

Fanout     Cap    Slew   Delay    Time   Description
-----------------------------------------------------------------------------
                          0.00    0.00   clock clk (rise edge)
                          0.00    0.00   clock network delay (propagated)
                          5.00    5.00 ^ input external delay
                  0.04    0.03    5.03 ^ rst_n (in)
     1    0.01                           rst_n (net)
                  0.04    0.00    5.03 ^ input17/A (sky130_fd_sc_hd__buf_12)
                  0.27    0.24    5.27 ^ input17/X (sky130_fd_sc_hd__buf_12)
    65    0.31                           net17 (net)
                  0.27    0.01    5.28 ^ _486_/RESET_B (sky130_fd_sc_hd__dfrtp_4)
                                  5.28   data arrival time

                         25.00   25.00   clock clk (rise edge)
                          0.00   25.00   clock source latency
                  0.06    0.04   25.04 ^ clk (in)
     1    0.02                           clk (net)
                  0.06    0.00   25.04 ^ clkbuf_0_clk/A (sky130_fd_sc_hd__clkbuf_16)
                  0.07    0.12   25.16 ^ clkbuf_0_clk/X (sky130_fd_sc_hd__clkbuf_16)
     8    0.08                           clknet_0_clk (net)
                  0.07    0.00   25.16 ^ clkbuf_3_2__f_clk/A (sky130_fd_sc_hd__clkbuf_16)
                  0.03    0.09   25.26 ^ clkbuf_3_2__f_clk/X (sky130_fd_sc_hd__clkbuf_16)
     8    0.02                           clknet_3_2__leaf_clk (net)
                  0.03    0.00   25.26 ^ _486_/CLK (sky130_fd_sc_hd__dfrtp_4)
                         -0.25   25.01   clock uncertainty
                          0.00   25.01   clock reconvergence pessimism
                          0.06   25.06   library recovery time
                                 25.06   data required time
-----------------------------------------------------------------------------
                                 25.06   data required time
                                 -5.28   data arrival time
-----------------------------------------------------------------------------
                                 19.79   slack (MET)


Startpoint: _473_ (rising edge-triggered flip-flop clocked by clk)
Endpoint: o_index[1] (output port clocked by clk)
Path Group: clk
Path Type: max
Corner: Fastest

Fanout     Cap    Slew   Delay    Time   Description
-----------------------------------------------------------------------------
                          0.00    0.00   clock clk (rise edge)
                          0.00    0.00   clock source latency
                  0.06    0.04    0.04 ^ clk (in)
     1    0.02                           clk (net)
                  0.06    0.00    0.04 ^ clkbuf_0_clk/A (sky130_fd_sc_hd__clkbuf_16)
                  0.07    0.13    0.18 ^ clkbuf_0_clk/X (sky130_fd_sc_hd__clkbuf_16)
     8    0.08                           clknet_0_clk (net)
                  0.07    0.00    0.18 ^ clkbuf_3_3__f_clk/A (sky130_fd_sc_hd__clkbuf_16)
                  0.03    0.10    0.28 ^ clkbuf_3_3__f_clk/X (sky130_fd_sc_hd__clkbuf_16)
     8    0.02                           clknet_3_3__leaf_clk (net)
                  0.03    0.00    0.28 ^ _473_/CLK (sky130_fd_sc_hd__dfrtp_1)
                  0.05    0.26    0.54 v _473_/Q (sky130_fd_sc_hd__dfrtp_1)
     2    0.01                           net22 (net)
                  0.05    0.00    0.54 v output22/A (sky130_fd_sc_hd__clkbuf_4)
                  0.06    0.14    0.68 v output22/X (sky130_fd_sc_hd__clkbuf_4)
     1    0.04                           o_index[1] (net)
                  0.06    0.00    0.68 v o_index[1] (out)
                                  0.68   data arrival time

                         25.00   25.00   clock clk (rise edge)
                          0.00   25.00   clock network delay (propagated)
                         -0.25   24.75   clock uncertainty
                          0.00   24.75   clock reconvergence pessimism
                         -5.00   19.75   output external delay
                                 19.75   data required time
-----------------------------------------------------------------------------
                                 19.75   data required time
                                 -0.68   data arrival time
-----------------------------------------------------------------------------
                                 19.07   slack (MET)



======================= Slowest Corner ===================================

Startpoint: rst_n (input port clocked by clk)
Endpoint: _486_ (recovery check against rising-edge clock clk)
Path Group: asynchronous
Path Type: max
Corner: Slowest

Fanout     Cap    Slew   Delay    Time   Description
-----------------------------------------------------------------------------
                          0.00    0.00   clock clk (rise edge)
                          0.00    0.00   clock network delay (propagated)
                          5.00    5.00 ^ input external delay
                  0.08    0.05    5.05 ^ rst_n (in)
     1    0.01                           rst_n (net)
                  0.08    0.00    5.05 ^ input17/A (sky130_fd_sc_hd__buf_12)
                  0.50    0.53    5.58 ^ input17/X (sky130_fd_sc_hd__buf_12)
    65    0.29                           net17 (net)
                  0.50    0.01    5.59 ^ _486_/RESET_B (sky130_fd_sc_hd__dfrtp_4)
                                  5.59   data arrival time

                         25.00   25.00   clock clk (rise edge)
                          0.00   25.00   clock source latency
                  0.13    0.08   25.08 ^ clk (in)
     1    0.02                           clk (net)
                  0.13    0.00   25.08 ^ clkbuf_0_clk/A (sky130_fd_sc_hd__clkbuf_16)
                  0.15    0.30   25.38 ^ clkbuf_0_clk/X (sky130_fd_sc_hd__clkbuf_16)
     8    0.08                           clknet_0_clk (net)
                  0.15    0.00   25.39 ^ clkbuf_3_2__f_clk/A (sky130_fd_sc_hd__clkbuf_16)
                  0.07    0.25   25.63 ^ clkbuf_3_2__f_clk/X (sky130_fd_sc_hd__clkbuf_16)
     8    0.02                           clknet_3_2__leaf_clk (net)
                  0.07    0.00   25.63 ^ _486_/CLK (sky130_fd_sc_hd__dfrtp_4)
                         -0.25   25.38   clock uncertainty
                          0.00   25.38   clock reconvergence pessimism
                          0.24   25.62   library recovery time
                                 25.62   data required time
-----------------------------------------------------------------------------
                                 25.62   data required time
                                 -5.59   data arrival time
-----------------------------------------------------------------------------
                                 20.03   slack (MET)


Startpoint: i_value4[0] (input port clocked by clk)
Endpoint: _425_ (rising edge-triggered flip-flop clocked by clk)
Path Group: clk
Path Type: max
Corner: Slowest

Fanout     Cap    Slew   Delay    Time   Description
-----------------------------------------------------------------------------
                          0.00    0.00   clock clk (rise edge)
                          0.00    0.00   clock network delay (propagated)
                          5.00    5.00 ^ input external delay
                  0.04    0.02    5.02 ^ i_value4[0] (in)
     1    0.00                           i_value4[0] (net)
                  0.04    0.00    5.02 ^ input14/A (sky130_fd_sc_hd__buf_1)
                  0.34    0.35    5.37 ^ input14/X (sky130_fd_sc_hd__buf_1)
     2    0.02                           net14 (net)
                  0.34    0.00    5.37 ^ _264_/B1 (sky130_fd_sc_hd__o211a_1)
                  0.08    0.41    5.78 ^ _264_/X (sky130_fd_sc_hd__o211a_1)
     1    0.00                           _115_ (net)
                  0.08    0.00    5.78 ^ _266_/B1 (sky130_fd_sc_hd__o221a_2)
                  0.23    0.57    6.34 ^ _266_/X (sky130_fd_sc_hd__o221a_2)
     5    0.02                           _117_ (net)
                  0.23    0.00    6.34 ^ _271_/S (sky130_fd_sc_hd__mux2_1)
                  0.11    0.80    7.15 v _271_/X (sky130_fd_sc_hd__mux2_1)
     1    0.00                           _120_ (net)
                  0.11    0.00    7.15 v _272_/A (sky130_fd_sc_hd__clkbuf_1)
                  0.05    0.19    7.33 v _272_/X (sky130_fd_sc_hd__clkbuf_1)
     1    0.00                           _005_ (net)
                  0.05    0.00    7.33 v _425_/D (sky130_fd_sc_hd__dfrtp_1)
                                  7.33   data arrival time

                         25.00   25.00   clock clk (rise edge)
                          0.00   25.00   clock source latency
                  0.13    0.08   25.08 ^ clk (in)
     1    0.02                           clk (net)
                  0.13    0.00   25.08 ^ clkbuf_0_clk/A (sky130_fd_sc_hd__clkbuf_16)
                  0.15    0.30   25.38 ^ clkbuf_0_clk/X (sky130_fd_sc_hd__clkbuf_16)
     8    0.08                           clknet_0_clk (net)
                  0.15    0.00   25.39 ^ clkbuf_3_3__f_clk/A (sky130_fd_sc_hd__clkbuf_16)
                  0.07    0.25   25.63 ^ clkbuf_3_3__f_clk/X (sky130_fd_sc_hd__clkbuf_16)
     8    0.02                           clknet_3_3__leaf_clk (net)
                  0.07    0.00   25.63 ^ _425_/CLK (sky130_fd_sc_hd__dfrtp_1)
                         -0.25   25.38   clock uncertainty
                          0.00   25.38   clock reconvergence pessimism
                         -0.27   25.12   library setup time
                                 25.12   data required time
-----------------------------------------------------------------------------
                                 25.12   data required time
                                 -7.33   data arrival time
-----------------------------------------------------------------------------
                                 17.78   slack (MET)



======================= Typical Corner ===================================

Startpoint: rst_n (input port clocked by clk)
Endpoint: _486_ (recovery check against rising-edge clock clk)
Path Group: asynchronous
Path Type: max
Corner: Typical

Fanout     Cap    Slew   Delay    Time   Description
-----------------------------------------------------------------------------
                          0.00    0.00   clock clk (rise edge)
                          0.00    0.00   clock network delay (propagated)
                          5.00    5.00 ^ input external delay
                  0.05    0.04    5.04 ^ rst_n (in)
     1    0.01                           rst_n (net)
                  0.05    0.00    5.04 ^ input17/A (sky130_fd_sc_hd__buf_12)
                  0.35    0.34    5.37 ^ input17/X (sky130_fd_sc_hd__buf_12)
    65    0.31                           net17 (net)
                  0.35    0.01    5.38 ^ _486_/RESET_B (sky130_fd_sc_hd__dfrtp_4)
                                  5.38   data arrival time

                         25.00   25.00   clock clk (rise edge)
                          0.00   25.00   clock source latency
                  0.08    0.05   25.05 ^ clk (in)
     1    0.02                           clk (net)
                  0.08    0.00   25.05 ^ clkbuf_0_clk/A (sky130_fd_sc_hd__clkbuf_16)
                  0.10    0.18   25.23 ^ clkbuf_0_clk/X (sky130_fd_sc_hd__clkbuf_16)
     8    0.08                           clknet_0_clk (net)
                  0.10    0.00   25.23 ^ clkbuf_3_2__f_clk/A (sky130_fd_sc_hd__clkbuf_16)
                  0.05    0.14   25.37 ^ clkbuf_3_2__f_clk/X (sky130_fd_sc_hd__clkbuf_16)
     8    0.02                           clknet_3_2__leaf_clk (net)
                  0.05    0.00   25.37 ^ _486_/CLK (sky130_fd_sc_hd__dfrtp_4)
                         -0.25   25.12   clock uncertainty
                          0.00   25.12   clock reconvergence pessimism
                          0.12   25.24   library recovery time
                                 25.24   data required time
-----------------------------------------------------------------------------
                                 25.24   data required time
                                 -5.38   data arrival time
-----------------------------------------------------------------------------
                                 19.86   slack (MET)


Startpoint: _473_ (rising edge-triggered flip-flop clocked by clk)
Endpoint: o_index[1] (output port clocked by clk)
Path Group: clk
Path Type: max
Corner: Typical

Fanout     Cap    Slew   Delay    Time   Description
-----------------------------------------------------------------------------
                          0.00    0.00   clock clk (rise edge)
                          0.00    0.00   clock source latency
                  0.08    0.06    0.06 ^ clk (in)
     1    0.02                           clk (net)
                  0.08    0.00    0.06 ^ clkbuf_0_clk/A (sky130_fd_sc_hd__clkbuf_16)
                  0.10    0.19    0.25 ^ clkbuf_0_clk/X (sky130_fd_sc_hd__clkbuf_16)
     8    0.08                           clknet_0_clk (net)
                  0.10    0.00    0.25 ^ clkbuf_3_3__f_clk/A (sky130_fd_sc_hd__clkbuf_16)
                  0.04    0.15    0.41 ^ clkbuf_3_3__f_clk/X (sky130_fd_sc_hd__clkbuf_16)
     8    0.02                           clknet_3_3__leaf_clk (net)
                  0.04    0.00    0.41 ^ _473_/CLK (sky130_fd_sc_hd__dfrtp_1)
                  0.07    0.41    0.81 v _473_/Q (sky130_fd_sc_hd__dfrtp_1)
     2    0.01                           net22 (net)
                  0.07    0.00    0.81 v output22/A (sky130_fd_sc_hd__clkbuf_4)
                  0.08    0.20    1.02 v output22/X (sky130_fd_sc_hd__clkbuf_4)
     1    0.04                           o_index[1] (net)
                  0.08    0.00    1.02 v o_index[1] (out)
                                  1.02   data arrival time

                         25.00   25.00   clock clk (rise edge)
                          0.00   25.00   clock network delay (propagated)
                         -0.25   24.75   clock uncertainty
                          0.00   24.75   clock reconvergence pessimism
                         -5.00   19.75   output external delay
                                 19.75   data required time
-----------------------------------------------------------------------------
                                 19.75   data required time
                                 -1.02   data arrival time
-----------------------------------------------------------------------------
                                 18.73   slack (MET)




===========================================================================
report_checks --slack_max -0.01
============================================================================
======================= Fastest Corner ===================================

No paths found.

======================= Slowest Corner ===================================

No paths found.

======================= Typical Corner ===================================

No paths found.


===========================================================================
 report_check_types -max_slew -max_cap -max_fanout -violators
============================================================================
======================= Fastest Corner ===================================


======================= Slowest Corner ===================================


======================= Typical Corner ===================================



===========================================================================
report_parasitic_annotation -report_unannotated
============================================================================
Found 0 unannotated drivers.
Found 0 partially unannotated drivers.

===========================================================================
max slew violation count 0
max fanout violation count 0
max cap violation count 0
============================================================================

===========================================================================
check_setup -verbose -unconstrained_endpoints -multiple_clock -no_clock -no_input_delay -loops -generated_clocks
===========================================================================
