
64. Printing statistics.

=== top ===

   Number of wires:                280
   Number of wire bits:            294
   Number of public wires:          69
   Number of public wire bits:      83
   Number of memories:               0
   Number of memory bits:            0
   Number of processes:              0
   Number of cells:                276
     sky130_fd_sc_hd__a2111o_2       2
     sky130_fd_sc_hd__a2111oi_2      1
     sky130_fd_sc_hd__a211o_2        2
     sky130_fd_sc_hd__a21o_2         6
     sky130_fd_sc_hd__a21oi_2        5
     sky130_fd_sc_hd__a221o_2        1
     sky130_fd_sc_hd__a221oi_2       1
     sky130_fd_sc_hd__a22o_2         5
     sky130_fd_sc_hd__a22oi_2        1
     sky130_fd_sc_hd__a31o_2         1
     sky130_fd_sc_hd__and2_2         1
     sky130_fd_sc_hd__and2b_2        1
     sky130_fd_sc_hd__and3_2         2
     sky130_fd_sc_hd__and3b_2        1
     sky130_fd_sc_hd__and4_2         2
     sky130_fd_sc_hd__and4b_2        1
     sky130_fd_sc_hd__buf_1         56
     sky130_fd_sc_hd__dfrtp_2       65
     sky130_fd_sc_hd__inv_2         22
     sky130_fd_sc_hd__mux2_2        46
     sky130_fd_sc_hd__nand2_2        6
     sky130_fd_sc_hd__nand3_2        1
     sky130_fd_sc_hd__nand3b_2       1
     sky130_fd_sc_hd__nor2_2         4
     sky130_fd_sc_hd__o2111a_2       2
     sky130_fd_sc_hd__o211a_2        6
     sky130_fd_sc_hd__o21ai_2        8
     sky130_fd_sc_hd__o221a_2        5
     sky130_fd_sc_hd__o31a_2         2
     sky130_fd_sc_hd__o31ai_2        1
     sky130_fd_sc_hd__or2_2          5
     sky130_fd_sc_hd__or2b_2         2
     sky130_fd_sc_hd__or3_2          1
     sky130_fd_sc_hd__or4_2          1
     sky130_fd_sc_hd__xnor2_2        3
     sky130_fd_sc_hd__xor2_2         6

   Chip area for module '\top': 3384.496000

