
===========================================================================
 report_power
============================================================================
======================= Fastest Corner ===================================

Group                  Internal  Switching    Leakage      Total
                          Power      Power      Power      Power (Watts)
----------------------------------------------------------------
Sequential             1.71e-04   3.71e-05   3.09e-07   2.08e-04  32.0%
Combinational          2.47e-04   1.95e-04   3.41e-09   4.42e-04  68.0%
Macro                  0.00e+00   0.00e+00   0.00e+00   0.00e+00   0.0%
Pad                    0.00e+00   0.00e+00   0.00e+00   0.00e+00   0.0%
----------------------------------------------------------------
Total                  4.18e-04   2.32e-04   3.13e-07   6.50e-04 100.0%
                          64.2%      35.7%       0.0%

======================= Slowest Corner ===================================

Group                  Internal  Switching    Leakage      Total
                          Power      Power      Power      Power (Watts)
----------------------------------------------------------------
Sequential             1.15e-04   2.42e-05   1.23e-06   1.40e-04  31.4%
Combinational          1.78e-04   1.27e-04   1.56e-06   3.06e-04  68.6%
Macro                  0.00e+00   0.00e+00   0.00e+00   0.00e+00   0.0%
Pad                    0.00e+00   0.00e+00   0.00e+00   0.00e+00   0.0%
----------------------------------------------------------------
Total                  2.92e-04   1.51e-04   2.79e-06   4.46e-04 100.0%
                          65.5%      33.8%       0.6%

======================= Typical Corner ===================================

Group                  Internal  Switching    Leakage      Total
                          Power      Power      Power      Power (Watts)
----------------------------------------------------------------
Sequential             1.48e-04   3.11e-05   3.09e-07   1.79e-04  31.9%
Combinational          2.19e-04   1.64e-04   1.72e-09   3.83e-04  68.1%
Macro                  0.00e+00   0.00e+00   0.00e+00   0.00e+00   0.0%
Pad                    0.00e+00   0.00e+00   0.00e+00   0.00e+00   0.0%
----------------------------------------------------------------
Total                  3.67e-04   1.95e-04   3.11e-07   5.61e-04 100.0%
                          65.3%      34.7%       0.1%

