
===========================================================================
report_checks -unconstrained
===========================================================================
======================= Fastest Corner ===================================

Startpoint: rst_n (input port clocked by clk)
Endpoint: _474_ (recovery check against rising-edge clock clk)
Path Group: asynchronous
Path Type: max
Corner: Fastest

Fanout     Cap    Slew   Delay    Time   Description
-----------------------------------------------------------------------------
                          0.00    0.00   clock clk (rise edge)
                          0.00    0.00   clock network delay (propagated)
                          5.00    5.00 ^ input external delay
                  0.04    0.03    5.03 ^ rst_n (in)
     1    0.01                           rst_n (net)
                  0.04    0.00    5.03 ^ input17/A (sky130_fd_sc_hd__buf_12)
                  0.28    0.23    5.25 ^ input17/X (sky130_fd_sc_hd__buf_12)
    65    0.33                           net17 (net)
                  0.31    0.07    5.32 ^ _474_/RESET_B (sky130_fd_sc_hd__dfrtp_1)
                                  5.32   data arrival time

                         25.00   25.00   clock clk (rise edge)
                          0.00   25.00   clock source latency
                  0.07    0.04   25.04 ^ clk (in)
     1    0.02                           clk (net)
                  0.07    0.00   25.04 ^ clkbuf_0_clk/A (sky130_fd_sc_hd__clkbuf_16)
                  0.08    0.12   25.17 ^ clkbuf_0_clk/X (sky130_fd_sc_hd__clkbuf_16)
     8    0.08                           clknet_0_clk (net)
                  0.08    0.00   25.17 ^ clkbuf_3_4__f_clk/A (sky130_fd_sc_hd__clkbuf_16)
                  0.03    0.09   25.26 ^ clkbuf_3_4__f_clk/X (sky130_fd_sc_hd__clkbuf_16)
     6    0.02                           clknet_3_4__leaf_clk (net)
                  0.03    0.00   25.26 ^ _474_/CLK (sky130_fd_sc_hd__dfrtp_1)
                         -0.25   25.01   clock uncertainty
                          0.00   25.01   clock reconvergence pessimism
                          0.09   25.10   library recovery time
                                 25.10   data required time
-----------------------------------------------------------------------------
                                 25.10   data required time
                                 -5.32   data arrival time
-----------------------------------------------------------------------------
                                 19.78   slack (MET)


Startpoint: _473_ (rising edge-triggered flip-flop clocked by clk)
Endpoint: o_index[1] (output port clocked by clk)
Path Group: clk
Path Type: max
Corner: Fastest

Fanout     Cap    Slew   Delay    Time   Description
-----------------------------------------------------------------------------
                          0.00    0.00   clock clk (rise edge)
                          0.00    0.00   clock source latency
                  0.07    0.05    0.05 ^ clk (in)
     1    0.02                           clk (net)
                  0.07    0.00    0.05 ^ clkbuf_0_clk/A (sky130_fd_sc_hd__clkbuf_16)
                  0.08    0.14    0.18 ^ clkbuf_0_clk/X (sky130_fd_sc_hd__clkbuf_16)
     8    0.08                           clknet_0_clk (net)
                  0.08    0.00    0.19 ^ clkbuf_3_3__f_clk/A (sky130_fd_sc_hd__clkbuf_16)
                  0.04    0.11    0.29 ^ clkbuf_3_3__f_clk/X (sky130_fd_sc_hd__clkbuf_16)
     8    0.03                           clknet_3_3__leaf_clk (net)
                  0.04    0.00    0.30 ^ _473_/CLK (sky130_fd_sc_hd__dfrtp_1)
                  0.05    0.26    0.56 v _473_/Q (sky130_fd_sc_hd__dfrtp_1)
     2    0.01                           net22 (net)
                  0.05    0.00    0.56 v output22/A (sky130_fd_sc_hd__clkbuf_4)
                  0.06    0.14    0.70 v output22/X (sky130_fd_sc_hd__clkbuf_4)
     1    0.04                           o_index[1] (net)
                  0.06    0.00    0.70 v o_index[1] (out)
                                  0.70   data arrival time

                         25.00   25.00   clock clk (rise edge)
                          0.00   25.00   clock network delay (propagated)
                         -0.25   24.75   clock uncertainty
                          0.00   24.75   clock reconvergence pessimism
                         -5.00   19.75   output external delay
                                 19.75   data required time
-----------------------------------------------------------------------------
                                 19.75   data required time
                                 -0.70   data arrival time
-----------------------------------------------------------------------------
                                 19.05   slack (MET)



======================= Slowest Corner ===================================

Startpoint: rst_n (input port clocked by clk)
Endpoint: _486_ (recovery check against rising-edge clock clk)
Path Group: asynchronous
Path Type: max
Corner: Slowest

Fanout     Cap    Slew   Delay    Time   Description
-----------------------------------------------------------------------------
                          0.00    0.00   clock clk (rise edge)
                          0.00    0.00   clock network delay (propagated)
                          5.00    5.00 ^ input external delay
                  0.08    0.06    5.06 ^ rst_n (in)
     1    0.01                           rst_n (net)
                  0.08    0.00    5.06 ^ input17/A (sky130_fd_sc_hd__buf_12)
                  0.54    0.53    5.58 ^ input17/X (sky130_fd_sc_hd__buf_12)
    65    0.31                           net17 (net)
                  0.54    0.03    5.61 ^ _486_/RESET_B (sky130_fd_sc_hd__dfrtp_4)
                                  5.61   data arrival time

                         25.00   25.00   clock clk (rise edge)
                          0.00   25.00   clock source latency
                  0.14    0.09   25.09 ^ clk (in)
     1    0.02                           clk (net)
                  0.14    0.00   25.09 ^ clkbuf_0_clk/A (sky130_fd_sc_hd__clkbuf_16)
                  0.15    0.31   25.40 ^ clkbuf_0_clk/X (sky130_fd_sc_hd__clkbuf_16)
     8    0.08                           clknet_0_clk (net)
                  0.15    0.00   25.40 ^ clkbuf_3_2__f_clk/A (sky130_fd_sc_hd__clkbuf_16)
                  0.07    0.25   25.66 ^ clkbuf_3_2__f_clk/X (sky130_fd_sc_hd__clkbuf_16)
     8    0.03                           clknet_3_2__leaf_clk (net)
                  0.07    0.00   25.66 ^ _486_/CLK (sky130_fd_sc_hd__dfrtp_4)
                         -0.25   25.41   clock uncertainty
                          0.00   25.41   clock reconvergence pessimism
                          0.22   25.63   library recovery time
                                 25.63   data required time
-----------------------------------------------------------------------------
                                 25.63   data required time
                                 -5.61   data arrival time
-----------------------------------------------------------------------------
                                 20.02   slack (MET)


Startpoint: i_value4[0] (input port clocked by clk)
Endpoint: _425_ (rising edge-triggered flip-flop clocked by clk)
Path Group: clk
Path Type: max
Corner: Slowest

Fanout     Cap    Slew   Delay    Time   Description
-----------------------------------------------------------------------------
                          0.00    0.00   clock clk (rise edge)
                          0.00    0.00   clock network delay (propagated)
                          5.00    5.00 ^ input external delay
                  0.04    0.02    5.02 ^ i_value4[0] (in)
     1    0.00                           i_value4[0] (net)
                  0.04    0.00    5.02 ^ input14/A (sky130_fd_sc_hd__buf_1)
                  0.40    0.39    5.41 ^ input14/X (sky130_fd_sc_hd__buf_1)
     2    0.02                           net14 (net)
                  0.40    0.00    5.41 ^ _264_/B1 (sky130_fd_sc_hd__o211a_1)
                  0.08    0.43    5.84 ^ _264_/X (sky130_fd_sc_hd__o211a_1)
     1    0.00                           _115_ (net)
                  0.08    0.00    5.84 ^ _266_/B1 (sky130_fd_sc_hd__o221a_2)
                  0.24    0.58    6.42 ^ _266_/X (sky130_fd_sc_hd__o221a_2)
     5    0.02                           _117_ (net)
                  0.24    0.00    6.42 ^ _271_/S (sky130_fd_sc_hd__mux2_1)
                  0.12    0.81    7.23 v _271_/X (sky130_fd_sc_hd__mux2_1)
     1    0.00                           _120_ (net)
                  0.12    0.00    7.23 v _272_/A (sky130_fd_sc_hd__clkbuf_1)
                  0.05    0.19    7.42 v _272_/X (sky130_fd_sc_hd__clkbuf_1)
     1    0.00                           _005_ (net)
                  0.05    0.00    7.42 v _425_/D (sky130_fd_sc_hd__dfrtp_1)
                                  7.42   data arrival time

                         25.00   25.00   clock clk (rise edge)
                          0.00   25.00   clock source latency
                  0.14    0.09   25.09 ^ clk (in)
     1    0.02                           clk (net)
                  0.14    0.00   25.09 ^ clkbuf_0_clk/A (sky130_fd_sc_hd__clkbuf_16)
                  0.15    0.31   25.40 ^ clkbuf_0_clk/X (sky130_fd_sc_hd__clkbuf_16)
     8    0.08                           clknet_0_clk (net)
                  0.15    0.00   25.40 ^ clkbuf_3_3__f_clk/A (sky130_fd_sc_hd__clkbuf_16)
                  0.07    0.25   25.66 ^ clkbuf_3_3__f_clk/X (sky130_fd_sc_hd__clkbuf_16)
     8    0.02                           clknet_3_3__leaf_clk (net)
                  0.07    0.00   25.66 ^ _425_/CLK (sky130_fd_sc_hd__dfrtp_1)
                         -0.25   25.41   clock uncertainty
                          0.00   25.41   clock reconvergence pessimism
                         -0.27   25.14   library setup time
                                 25.14   data required time
-----------------------------------------------------------------------------
                                 25.14   data required time
                                 -7.42   data arrival time
-----------------------------------------------------------------------------
                                 17.72   slack (MET)



======================= Typical Corner ===================================

Startpoint: rst_n (input port clocked by clk)
Endpoint: _474_ (recovery check against rising-edge clock clk)
Path Group: asynchronous
Path Type: max
Corner: Typical

Fanout     Cap    Slew   Delay    Time   Description
-----------------------------------------------------------------------------
                          0.00    0.00   clock clk (rise edge)
                          0.00    0.00   clock network delay (propagated)
                          5.00    5.00 ^ input external delay
                  0.05    0.04    5.04 ^ rst_n (in)
     1    0.01                           rst_n (net)
                  0.05    0.00    5.04 ^ input17/A (sky130_fd_sc_hd__buf_12)
                  0.37    0.33    5.36 ^ input17/X (sky130_fd_sc_hd__buf_12)
    65    0.33                           net17 (net)
                  0.39    0.07    5.43 ^ _474_/RESET_B (sky130_fd_sc_hd__dfrtp_1)
                                  5.43   data arrival time

                         25.00   25.00   clock clk (rise edge)
                          0.00   25.00   clock source latency
                  0.09    0.06   25.06 ^ clk (in)
     1    0.02                           clk (net)
                  0.09    0.00   25.06 ^ clkbuf_0_clk/A (sky130_fd_sc_hd__clkbuf_16)
                  0.10    0.18   25.24 ^ clkbuf_0_clk/X (sky130_fd_sc_hd__clkbuf_16)
     8    0.08                           clknet_0_clk (net)
                  0.10    0.00   25.24 ^ clkbuf_3_4__f_clk/A (sky130_fd_sc_hd__clkbuf_16)
                  0.04    0.14   25.38 ^ clkbuf_3_4__f_clk/X (sky130_fd_sc_hd__clkbuf_16)
     6    0.02                           clknet_3_4__leaf_clk (net)
                  0.04    0.00   25.38 ^ _474_/CLK (sky130_fd_sc_hd__dfrtp_1)
                         -0.25   25.13   clock uncertainty
                          0.00   25.13   clock reconvergence pessimism
                          0.14   25.27   library recovery time
                                 25.27   data required time
-----------------------------------------------------------------------------
                                 25.27   data required time
                                 -5.43   data arrival time
-----------------------------------------------------------------------------
                                 19.84   slack (MET)


Startpoint: _473_ (rising edge-triggered flip-flop clocked by clk)
Endpoint: o_index[1] (output port clocked by clk)
Path Group: clk
Path Type: max
Corner: Typical

Fanout     Cap    Slew   Delay    Time   Description
-----------------------------------------------------------------------------
                          0.00    0.00   clock clk (rise edge)
                          0.00    0.00   clock source latency
                  0.09    0.06    0.06 ^ clk (in)
     1    0.02                           clk (net)
                  0.09    0.00    0.06 ^ clkbuf_0_clk/A (sky130_fd_sc_hd__clkbuf_16)
                  0.10    0.20    0.26 ^ clkbuf_0_clk/X (sky130_fd_sc_hd__clkbuf_16)
     8    0.08                           clknet_0_clk (net)
                  0.10    0.00    0.27 ^ clkbuf_3_3__f_clk/A (sky130_fd_sc_hd__clkbuf_16)
                  0.05    0.16    0.42 ^ clkbuf_3_3__f_clk/X (sky130_fd_sc_hd__clkbuf_16)
     8    0.03                           clknet_3_3__leaf_clk (net)
                  0.05    0.00    0.42 ^ _473_/CLK (sky130_fd_sc_hd__dfrtp_1)
                  0.07    0.41    0.84 v _473_/Q (sky130_fd_sc_hd__dfrtp_1)
     2    0.01                           net22 (net)
                  0.07    0.00    0.84 v output22/A (sky130_fd_sc_hd__clkbuf_4)
                  0.08    0.21    1.04 v output22/X (sky130_fd_sc_hd__clkbuf_4)
     1    0.04                           o_index[1] (net)
                  0.08    0.00    1.05 v o_index[1] (out)
                                  1.05   data arrival time

                         25.00   25.00   clock clk (rise edge)
                          0.00   25.00   clock network delay (propagated)
                         -0.25   24.75   clock uncertainty
                          0.00   24.75   clock reconvergence pessimism
                         -5.00   19.75   output external delay
                                 19.75   data required time
-----------------------------------------------------------------------------
                                 19.75   data required time
                                 -1.05   data arrival time
-----------------------------------------------------------------------------
                                 18.70   slack (MET)




===========================================================================
report_checks --slack_max -0.01
============================================================================
======================= Fastest Corner ===================================

No paths found.

======================= Slowest Corner ===================================

No paths found.

======================= Typical Corner ===================================

No paths found.


===========================================================================
 report_check_types -max_slew -max_cap -max_fanout -violators
============================================================================
======================= Fastest Corner ===================================


======================= Slowest Corner ===================================


======================= Typical Corner ===================================



===========================================================================
report_parasitic_annotation -report_unannotated
============================================================================
Found 0 unannotated drivers.
Found 0 partially unannotated drivers.

===========================================================================
max slew violation count 0
max fanout violation count 0
max cap violation count 0
============================================================================

===========================================================================
check_setup -verbose -unconstrained_endpoints -multiple_clock -no_clock -no_input_delay -loops -generated_clocks
===========================================================================
