Instance name,  X location,  Y location,  Voltage 
FILLER_0_32_165, 81.84, 100.64, 1.79987
FILLER_0_31_161, 81.84, 95.2, 1.79987
FILLER_0_28_165, 81.84, 89.76, 1.79986
FILLER_0_29_165, 81.84, 89.76, 1.79986
FILLER_0_26_165, 81.84, 84.32, 1.79986
FILLER_0_27_161, 81.84, 84.32, 1.79986
FILLER_0_28_173, 81.84, 84.32, 1.79986
_221_, 81.84, 78.88, 1.79985
_381_, 81.84, 78.88, 1.79985
_477_, 81.84, 78.88, 1.79985
FILLER_0_25_158, 81.84, 78.88, 1.79985
_379_, 81.84, 73.44, 1.79985
_400_, 81.84, 73.44, 1.79985
_402_, 81.84, 73.44, 1.79985
_476_, 81.84, 73.44, 1.79985
FILLER_0_23_163, 81.84, 73.44, 1.79985
FILLER_0_23_169, 81.84, 73.44, 1.79985
_394_, 81.84, 68, 1.79986
FILLER_0_21_158, 81.84, 68, 1.79986
_395_, 81.84, 62.56, 1.79985
_475_, 81.84, 62.56, 1.79985
FILLER_0_18_160, 81.84, 62.56, 1.79985
FILLER_0_19_157, 81.84, 62.56, 1.79985
FILLER_0_19_165, 81.84, 62.56, 1.79985
_247_, 81.84, 57.12, 1.79983
_248_, 81.84, 57.12, 1.79983
_415_, 81.84, 57.12, 1.79983
_416_, 81.84, 57.12, 1.79983
_483_, 81.84, 57.12, 1.79983
FILLER_0_17_162, 81.84, 57.12, 1.79983
_249_, 81.84, 51.68, 1.79987
_414_, 81.84, 51.68, 1.79987
FILLER_0_16_170, 81.84, 51.68, 1.79987
_246_, 81.84, 46.24, 1.79988
_390_, 81.84, 46.24, 1.79988
FILLER_0_13_162, 81.84, 46.24, 1.79988
FILLER_0_13_169, 81.84, 46.24, 1.79988
_407_, 81.84, 40.8, 1.79987
FILLER_0_11_169, 81.84, 40.8, 1.79987
FILLER_0_12_171, 81.84, 40.8, 1.79987
_384_, 81.84, 35.36, 1.79987
FILLER_0_9_157, 81.84, 35.36, 1.79987
FILLER_0_9_165, 81.84, 35.36, 1.79987
_385_, 81.84, 29.92, 1.79988
_472_, 81.84, 29.92, 1.79988
FILLER_0_5_164, 81.84, 24.48, 1.79988
FILLER_0_3_157, 81.84, 19.04, 1.79989
FILLER_0_3_165, 81.84, 19.04, 1.79989
FILLER_0_0_165, 81.84, 13.6, 1.79989
FILLER_0_1_161, 81.84, 13.6, 1.79989
_349_, 61.84, 95.2, 1.79987
_454_, 61.84, 89.76, 1.79986
hold35, 61.84, 89.76, 1.79986
hold36, 61.84, 89.76, 1.79986
FILLER_0_30_131, 61.84, 89.76, 1.79986
_347_, 61.84, 84.32, 1.79986
_348_, 61.84, 84.32, 1.79986
_453_, 61.84, 84.32, 1.79986
hold38, 61.84, 84.32, 1.79986
FILLER_0_27_113, 61.84, 84.32, 1.79986
_222_, 61.84, 78.88, 1.79986
_346_, 61.84, 78.88, 1.79986
FILLER_0_24_118, 61.84, 78.88, 1.79986
FILLER_0_26_123, 61.84, 78.88, 1.79986
_219_, 61.84, 73.44, 1.79986
_220_, 61.84, 73.44, 1.79986
_223_, 61.84, 73.44, 1.79986
FILLER_0_23_125, 61.84, 73.44, 1.79986
FILLER_0_23_133, 61.84, 73.44, 1.79986
_217_, 61.84, 68, 1.79986
_239_, 61.84, 68, 1.79986
_251_, 61.84, 68, 1.79986
FILLER_0_20_121, 61.84, 68, 1.79986
FILLER_0_21_113, 61.84, 68, 1.79986
FILLER_0_22_133, 61.84, 68, 1.79986
_236_, 61.84, 62.56, 1.79985
_413_, 61.84, 62.56, 1.79985
clkbuf_3_7__f_clk, 61.84, 62.56, 1.79985
FILLER_0_19_113, 61.84, 62.56, 1.79985
FILLER_0_19_121, 61.84, 62.56, 1.79985
FILLER_0_20_133, 61.84, 62.56, 1.79985
_240_, 61.84, 57.12, 1.79984
_243_, 61.84, 57.12, 1.79984
_412_, 61.84, 57.12, 1.79984
_482_, 61.84, 57.12, 1.79984
wire26, 61.84, 57.12, 1.79984
FILLER_0_18_124, 61.84, 57.12, 1.79984
_258_, 61.84, 51.68, 1.79987
_382_, 61.84, 51.68, 1.79987
_408_, 61.84, 51.68, 1.79987
_409_, 61.84, 51.68, 1.79987
_411_, 61.84, 51.68, 1.79987
_481_, 61.84, 51.68, 1.79987
_225_, 61.84, 46.24, 1.79989
_227_, 61.84, 46.24, 1.79989
FILLER_0_12_113, 61.84, 46.24, 1.79989
FILLER_0_13_113, 61.84, 46.24, 1.79989
FILLER_0_13_121, 61.84, 46.24, 1.79989
FILLER_0_13_127, 61.84, 46.24, 1.79989
FILLER_0_14_130, 61.84, 46.24, 1.79989
_226_, 61.84, 40.8, 1.79988
_228_, 61.84, 40.8, 1.79988
_229_, 61.84, 40.8, 1.79988
_230_, 61.84, 40.8, 1.79988
FILLER_0_11_130, 61.84, 40.8, 1.79988
_368_, 61.84, 35.36, 1.79986
clkbuf_3_5__f_clk, 61.84, 35.36, 1.79986
hold8, 61.84, 35.36, 1.79986
FILLER_0_9_122, 61.84, 35.36, 1.79986
_231_, 61.84, 29.92, 1.79988
_232_, 61.84, 29.92, 1.79988
_233_, 61.84, 29.92, 1.79988
_371_, 61.84, 29.92, 1.79988
FILLER_0_7_125, 61.84, 29.92, 1.79988
_465_, 61.84, 24.48, 1.79988
hold20, 61.84, 24.48, 1.79988
FILLER_0_4_121, 61.84, 24.48, 1.79988
FILLER_0_5_113, 61.84, 24.48, 1.79988
FILLER_0_6_133, 61.84, 24.48, 1.79988
_370_, 61.84, 19.04, 1.79989
hold19, 61.84, 19.04, 1.79989
FILLER_0_4_133, 61.84, 19.04, 1.79989
FILLER_0_2_133, 61.84, 13.6, 1.79989
FILLER_0_32_81, 41.84, 95.2, 1.79988
_269_, 41.84, 89.76, 1.79986
_424_, 41.84, 89.76, 1.79986
FILLER_0_30_80, 41.84, 89.76, 1.79986
_267_, 41.84, 84.32, 1.79987
_268_, 41.84, 84.32, 1.79987
_423_, 41.84, 84.32, 1.79987
hold30, 41.84, 84.32, 1.79987
_270_, 41.84, 78.88, 1.79987
hold32, 41.84, 78.88, 1.79987
FILLER_0_25_77, 41.84, 78.88, 1.79987
FILLER_0_26_88, 41.84, 78.88, 1.79987
_355_, 41.84, 73.44, 1.79987
_457_, 41.84, 73.44, 1.79987
FILLER_0_22_75, 41.84, 73.44, 1.79987
FILLER_0_24_85, 41.84, 73.44, 1.79987
_353_, 41.84, 68, 1.79987
_362_, 41.84, 68, 1.79987
hold34, 41.84, 68, 1.79987
FILLER_0_21_86, 41.84, 68, 1.79987
FILLER_0_22_81, 41.84, 68, 1.79987
FILLER_0_22_85, 41.84, 68, 1.79987
_363_, 41.84, 62.56, 1.79987
_461_, 41.84, 62.56, 1.79987
hold37, 41.84, 62.56, 1.79987
FILLER_0_19_75, 41.84, 62.56, 1.79987
FILLER_0_20_85, 41.84, 62.56, 1.79987
_358_, 41.84, 57.12, 1.79986
_359_, 41.84, 57.12, 1.79986
_361_, 41.84, 57.12, 1.79986
_460_, 41.84, 57.12, 1.79986
FILLER_0_17_77, 41.84, 57.12, 1.79986
_459_, 41.84, 51.68, 1.79989
FILLER_0_14_77, 41.84, 51.68, 1.79989
FILLER_0_16_85, 41.84, 51.68, 1.79989
_317_, 41.84, 46.24, 1.79991
_366_, 41.84, 46.24, 1.79991
hold13, 41.84, 46.24, 1.79991
FILLER_0_13_73, 41.84, 46.24, 1.79991
FILLER_0_14_85, 41.84, 46.24, 1.79991
_367_, 41.84, 40.8, 1.79989
_463_, 41.84, 40.8, 1.79989
FILLER_0_12_85, 41.84, 40.8, 1.79989
_245_, 41.84, 35.36, 1.79987
hold29, 41.84, 35.36, 1.79987
FILLER_0_9_85, 41.84, 35.36, 1.79987
FILLER_0_10_85, 41.84, 35.36, 1.79987
_299_, 41.84, 29.92, 1.79989
_300_, 41.84, 29.92, 1.79989
_375_, 41.84, 29.92, 1.79989
_434_, 41.84, 29.92, 1.79989
hold9, 41.84, 29.92, 1.79989
FILLER_0_6_69, 41.84, 29.92, 1.79989
FILLER_0_8_80, 41.84, 29.92, 1.79989
_295_, 41.84, 24.48, 1.79989
_296_, 41.84, 24.48, 1.79989
_297_, 41.84, 24.48, 1.79989
_298_, 41.84, 24.48, 1.79989
FILLER_0_5_69, 41.84, 24.48, 1.79989
_433_, 41.84, 19.04, 1.79989
FILLER_0_4_81, 41.84, 19.04, 1.79989
FILLER_0_0_81, 41.84, 13.6, 1.7999
FILLER_0_2_81, 41.84, 13.6, 1.7999
_265_, 21.84, 95.2, 1.79987
_266_, 21.84, 95.2, 1.79987
hold42, 21.84, 95.2, 1.79987
FILLER_0_31_46, 21.84, 95.2, 1.79987
_262_, 21.84, 89.76, 1.79986
_263_, 21.84, 89.76, 1.79986
_336_, 21.84, 89.76, 1.79986
_447_, 21.84, 89.76, 1.79986
FILLER_0_28_29, 21.84, 89.76, 1.79986
_328_, 21.84, 84.32, 1.79987
_335_, 21.84, 84.32, 1.79987
_443_, 21.84, 84.32, 1.79987
hold3, 21.84, 84.32, 1.79987
FILLER_0_27_35, 21.84, 84.32, 1.79987
FILLER_0_28_45, 21.84, 84.32, 1.79987
_318_, 21.84, 78.88, 1.79986
_322_, 21.84, 78.88, 1.79986
_311_, 21.84, 73.44, 1.79987
_343_, 21.84, 73.44, 1.79987
_451_, 21.84, 73.44, 1.79987
hold1, 21.84, 73.44, 1.79987
_305_, 21.84, 68, 1.79987
_342_, 21.84, 68, 1.79987
FILLER_0_21_46, 21.84, 68, 1.79987
_301_, 21.84, 62.56, 1.79986
_306_, 21.84, 62.56, 1.79986
_309_, 21.84, 62.56, 1.79986
FILLER_0_19_45, 21.84, 62.56, 1.79986
FILLER_0_20_39, 21.84, 62.56, 1.79986
clkbuf_3_3__f_clk, 21.84, 57.12, 1.79985
hold44, 21.84, 57.12, 1.79985
FILLER_0_16_29, 21.84, 57.12, 1.79985
FILLER_0_17_43, 21.84, 57.12, 1.79985
FILLER_0_18_38, 21.84, 57.12, 1.79985
_330_, 21.84, 51.68, 1.79989
_444_, 21.84, 51.68, 1.79989
hold5, 21.84, 51.68, 1.79989
FILLER_0_14_29, 21.84, 51.68, 1.79989
FILLER_0_15_40, 21.84, 51.68, 1.79989
FILLER_0_16_37, 21.84, 51.68, 1.79989
_288_, 21.84, 46.24, 1.79989
_294_, 21.84, 46.24, 1.79989
_431_, 21.84, 46.24, 1.79989
_284_, 21.84, 40.8, 1.79987
_439_, 21.84, 40.8, 1.79987
FILLER_0_12_39, 21.84, 40.8, 1.79987
_421_, 21.84, 35.36, 1.79986
_486_, 21.84, 35.36, 1.79986
clkbuf_3_1__f_clk, 21.84, 35.36, 1.79986
FILLER_0_8_29, 21.84, 35.36, 1.79986
_212_, 21.84, 29.92, 1.79989
_213_, 21.84, 29.92, 1.79989
_214_, 21.84, 29.92, 1.79989
_281_, 21.84, 29.92, 1.79989
_420_, 21.84, 29.92, 1.79989
FILLER_0_7_39, 21.84, 29.92, 1.79989
_418_, 21.84, 24.48, 1.79988
_419_, 21.84, 24.48, 1.79988
_485_, 21.84, 24.48, 1.79988
hold47, 21.84, 24.48, 1.79988
FILLER_0_4_29, 21.84, 24.48, 1.79988
_417_, 21.84, 19.04, 1.79989
_484_, 21.84, 13.6, 1.79989
FILLER_0_2_41, 21.84, 13.6, 1.79989
PHY_64, 5.52, 100.64, 1.79988
PHY_65, 97.06, 100.64, 1.79987
_338_, 13.68, 100.64, 1.79988
FILLER_0_32_9, 13.68, 100.64, 1.79988
FILLER_0_32_53, 31.84, 100.64, 1.79988
FILLER_0_32_137, 71.84, 100.64, 1.79988
FILLER_0_32_181, 89.45, 100.64, 1.79987
_339_, 5.52, 95.2, 1.79987
PHY_60, 5.52, 95.2, 1.79987
PHY_62, 5.52, 95.2, 1.79987
input15, 5.52, 95.2, 1.79987
input16, 5.52, 95.2, 1.79987
FILLER_0_31_3, 5.52, 95.2, 1.79987
PHY_61, 97.06, 95.2, 1.79986
PHY_63, 97.06, 95.2, 1.79986
FILLER_0_31_193, 97.06, 95.2, 1.79986
_261_, 13.68, 95.2, 1.79987
_337_, 13.68, 95.2, 1.79987
hold4, 13.68, 95.2, 1.79987
FILLER_0_32_22, 13.68, 95.2, 1.79987
FILLER_0_31_105, 51.84, 95.2, 1.79987
FILLER_0_32_109, 51.84, 95.2, 1.79987
output24, 89.45, 95.2, 1.79986
_448_, 5.52, 89.76, 1.79983
_449_, 5.52, 89.76, 1.79983
PHY_56, 5.52, 89.76, 1.79983
PHY_58, 5.52, 89.76, 1.79983
input14, 5.52, 89.76, 1.79983
PHY_57, 97.06, 89.76, 1.79985
PHY_59, 97.06, 89.76, 1.79985
_264_, 13.68, 89.76, 1.79984
_272_, 31.84, 89.76, 1.79985
_425_, 31.84, 89.76, 1.79985
hold45, 31.84, 89.76, 1.79985
FILLER_0_29_68, 31.84, 89.76, 1.79985
_351_, 51.84, 89.76, 1.79985
_455_, 51.84, 89.76, 1.79985
hold31, 51.84, 89.76, 1.79985
FILLER_0_30_109, 51.84, 89.76, 1.79985
FILLER_0_28_134, 71.84, 89.76, 1.79986
_471_, 89.45, 89.76, 1.79985
output20, 89.45, 89.76, 1.79985
FILLER_0_29_181, 89.45, 89.76, 1.79985
FILLER_0_30_189, 89.45, 89.76, 1.79985
_327_, 5.52, 84.32, 1.79986
PHY_52, 5.52, 84.32, 1.79986
PHY_54, 5.52, 84.32, 1.79986
input13, 5.52, 84.32, 1.79986
FILLER_0_27_3, 5.52, 84.32, 1.79986
PHY_53, 97.06, 84.32, 1.79986
PHY_55, 97.06, 84.32, 1.79986
hold43, 13.68, 84.32, 1.79986
FILLER_0_27_10, 13.68, 84.32, 1.79986
FILLER_0_28_18, 13.68, 84.32, 1.79986
_271_, 31.84, 84.32, 1.79987
FILLER_0_27_48, 31.84, 84.32, 1.79987
FILLER_0_27_68, 31.84, 84.32, 1.79987
_350_, 51.84, 84.32, 1.79986
hold33, 51.84, 84.32, 1.79986
FILLER_0_27_95, 51.84, 84.32, 1.79986
FILLER_0_27_108, 51.84, 84.32, 1.79986
_470_, 89.45, 84.32, 1.79986
hold18, 89.45, 84.32, 1.79986
FILLER_0_27_181, 89.45, 84.32, 1.79986
_319_, 5.52, 78.88, 1.79984
_442_, 5.52, 78.88, 1.79984
PHY_48, 5.52, 78.88, 1.79984
PHY_50, 5.52, 78.88, 1.79984
input12, 5.52, 78.88, 1.79984
PHY_49, 97.06, 78.88, 1.79984
PHY_51, 97.06, 78.88, 1.79984
FILLER_0_24_191, 97.06, 78.88, 1.79984
_321_, 13.68, 78.88, 1.79985
_323_, 13.68, 78.88, 1.79985
_326_, 13.68, 78.88, 1.79985
FILLER_0_26_23, 13.68, 78.88, 1.79985
_344_, 31.84, 78.88, 1.79986
_345_, 31.84, 78.88, 1.79986
_452_, 31.84, 78.88, 1.79986
_356_, 51.84, 78.88, 1.79986
_357_, 51.84, 78.88, 1.79986
_458_, 51.84, 78.88, 1.79986
FILLER_0_26_107, 51.84, 78.88, 1.79986
_215_, 71.84, 78.88, 1.79986
FILLER_0_24_144, 71.84, 78.88, 1.79986
_378_, 89.45, 78.88, 1.79984
_380_, 89.45, 78.88, 1.79984
hold14, 89.45, 78.88, 1.79984
FILLER_0_24_176, 89.45, 78.88, 1.79984
PHY_44, 5.52, 73.44, 1.79986
PHY_46, 5.52, 73.44, 1.79986
input11, 5.52, 73.44, 1.79986
FILLER_0_23_3, 5.52, 73.44, 1.79986
FILLER_0_24_6, 5.52, 73.44, 1.79986
PHY_45, 97.06, 73.44, 1.79983
PHY_47, 97.06, 73.44, 1.79983
output19, 97.06, 73.44, 1.79983
_320_, 13.68, 73.44, 1.79986
_324_, 13.68, 73.44, 1.79986
hold41, 13.68, 73.44, 1.79986
FILLER_0_24_25, 13.68, 73.44, 1.79986
_340_, 31.84, 73.44, 1.79986
_354_, 31.84, 73.44, 1.79986
_450_, 31.84, 73.44, 1.79986
hold10, 31.84, 73.44, 1.79986
FILLER_0_22_50, 31.84, 73.44, 1.79986
_238_, 51.84, 73.44, 1.79986
_352_, 51.84, 73.44, 1.79986
FILLER_0_23_109, 51.84, 73.44, 1.79986
FILLER_0_24_104, 51.84, 73.44, 1.79986
_224_, 71.84, 73.44, 1.79985
_397_, 71.84, 73.44, 1.79985
_401_, 71.84, 73.44, 1.79985
_403_, 71.84, 73.44, 1.79985
FILLER_0_22_141, 71.84, 73.44, 1.79985
FILLER_0_23_144, 71.84, 73.44, 1.79985
_469_, 89.45, 73.44, 1.79984
_325_, 5.52, 68, 1.79985
_441_, 5.52, 68, 1.79985
PHY_40, 5.52, 68, 1.79985
PHY_42, 5.52, 68, 1.79985
input10, 5.52, 68, 1.79985
PHY_41, 97.06, 68, 1.79985
PHY_43, 97.06, 68, 1.79985
FILLER_0_20_192, 97.06, 68, 1.79985
FILLER_0_21_193, 97.06, 68, 1.79985
_437_, 13.68, 68, 1.79986
hold46, 13.68, 68, 1.79986
FILLER_0_21_10, 13.68, 68, 1.79986
FILLER_0_22_23, 13.68, 68, 1.79986
_334_, 31.84, 68, 1.79987
_341_, 31.84, 68, 1.79987
_446_, 31.84, 68, 1.79987
FILLER_0_20_47, 31.84, 68, 1.79987
_237_, 51.84, 68, 1.79986
_456_, 51.84, 68, 1.79986
hold25, 51.84, 68, 1.79986
_396_, 71.84, 68, 1.79986
_398_, 71.84, 68, 1.79986
_399_, 71.84, 68, 1.79986
FILLER_0_21_139, 71.84, 68, 1.79986
FILLER_0_21_147, 71.84, 68, 1.79986
_218_, 89.45, 68, 1.79985
_307_, 5.52, 62.56, 1.79983
PHY_36, 5.52, 62.56, 1.79983
PHY_38, 5.52, 62.56, 1.79983
input9, 5.52, 62.56, 1.79983
FILLER_0_19_3, 5.52, 62.56, 1.79983
PHY_37, 97.06, 62.56, 1.79984
PHY_39, 97.06, 62.56, 1.79984
FILLER_0_18_192, 97.06, 62.56, 1.79984
_304_, 13.68, 62.56, 1.79983
clkbuf_3_2__f_clk, 13.68, 62.56, 1.79983
_333_, 31.84, 62.56, 1.79986
hold21, 31.84, 62.56, 1.79986
FILLER_0_19_53, 31.84, 62.56, 1.79986
_242_, 51.84, 62.56, 1.79984
clkbuf_3_6__f_clk, 51.84, 62.56, 1.79984
FILLER_0_18_97, 51.84, 62.56, 1.79984
_252_, 71.84, 62.56, 1.79985
_392_, 71.84, 62.56, 1.79985
_393_, 71.84, 62.56, 1.79985
max_cap25, 71.84, 62.56, 1.79985
FILLER_0_19_149, 71.84, 62.56, 1.79985
_216_, 89.45, 62.56, 1.79984
output18, 89.45, 62.56, 1.79984
FILLER_0_19_181, 89.45, 62.56, 1.79984
_308_, 5.52, 57.12, 1.79983
_435_, 5.52, 57.12, 1.79983
PHY_32, 5.52, 57.12, 1.79983
PHY_34, 5.52, 57.12, 1.79983
input8, 5.52, 57.12, 1.79983
PHY_33, 97.06, 57.12, 1.79982
PHY_35, 97.06, 57.12, 1.79982
_302_, 13.68, 57.12, 1.79984
_303_, 13.68, 57.12, 1.79984
_436_, 13.68, 57.12, 1.79984
_331_, 31.84, 57.12, 1.79985
_332_, 31.84, 57.12, 1.79985
_445_, 31.84, 57.12, 1.79985
_241_, 51.84, 57.12, 1.79983
clkbuf_0_clk, 51.84, 57.12, 1.79983
FILLER_0_17_105, 51.84, 57.12, 1.79983
_244_, 71.84, 57.12, 1.79982
_250_, 71.84, 57.12, 1.79982
_259_, 71.84, 57.12, 1.79982
_391_, 71.84, 57.12, 1.79982
FILLER_0_18_145, 71.84, 57.12, 1.79982
_377_, 89.45, 57.12, 1.79982
_468_, 89.45, 57.12, 1.79982
hold16, 89.45, 57.12, 1.79982
FILLER_0_17_178, 89.45, 57.12, 1.79982
FILLER_0_17_184, 89.45, 57.12, 1.79982
PHY_28, 5.52, 51.68, 1.79988
PHY_30, 5.52, 51.68, 1.79988
input7, 5.52, 51.68, 1.79988
PHY_29, 97.06, 51.68, 1.79987
PHY_31, 97.06, 51.68, 1.79987
FILLER_0_14_193, 97.06, 51.68, 1.79987
FILLER_0_15_191, 97.06, 51.68, 1.79987
_310_, 13.68, 51.68, 1.79988
hold40, 13.68, 51.68, 1.79988
FILLER_0_15_15, 13.68, 51.68, 1.79988
FILLER_0_16_21, 13.68, 51.68, 1.79988
_313_, 31.84, 51.68, 1.79988
_329_, 31.84, 51.68, 1.79988
_438_, 31.84, 51.68, 1.79988
hold23, 31.84, 51.68, 1.79988
hold24, 31.84, 51.68, 1.79988
FILLER_0_14_47, 31.84, 51.68, 1.79988
FILLER_0_15_68, 31.84, 51.68, 1.79988
_360_, 51.84, 51.68, 1.79988
_365_, 51.84, 51.68, 1.79988
_410_, 51.84, 51.68, 1.79988
FILLER_0_15_102, 51.84, 51.68, 1.79988
FILLER_0_16_110, 51.84, 51.68, 1.79988
_253_, 71.84, 51.68, 1.79986
_386_, 71.84, 51.68, 1.79986
_478_, 71.84, 51.68, 1.79986
FILLER_0_16_151, 71.84, 51.68, 1.79986
_376_, 89.45, 51.68, 1.79987
_293_, 5.52, 46.24, 1.79987
_430_, 5.52, 46.24, 1.79987
PHY_24, 5.52, 46.24, 1.79987
PHY_26, 5.52, 46.24, 1.79987
input6, 5.52, 46.24, 1.79987
PHY_25, 97.06, 46.24, 1.79987
PHY_27, 97.06, 46.24, 1.79987
_285_, 13.68, 46.24, 1.79988
_286_, 13.68, 46.24, 1.79988
_289_, 13.68, 46.24, 1.79988
_292_, 13.68, 46.24, 1.79988
_312_, 31.84, 46.24, 1.7999
FILLER_0_13_51, 31.84, 46.24, 1.7999
FILLER_0_13_57, 31.84, 46.24, 1.7999
_364_, 51.84, 46.24, 1.79989
_462_, 51.84, 46.24, 1.79989
FILLER_0_14_107, 51.84, 46.24, 1.79989
_235_, 71.84, 46.24, 1.79988
_257_, 71.84, 46.24, 1.79988
_260_, 71.84, 46.24, 1.79988
FILLER_0_12_137, 71.84, 46.24, 1.79988
FILLER_0_13_150, 71.84, 46.24, 1.79988
_389_, 89.45, 46.24, 1.79987
_474_, 89.45, 46.24, 1.79987
FILLER_0_14_185, 89.45, 46.24, 1.79987
PHY_20, 5.52, 40.8, 1.79985
PHY_22, 5.52, 40.8, 1.79985
input5, 5.52, 40.8, 1.79985
FILLER_0_11_3, 5.52, 40.8, 1.79985
FILLER_0_12_6, 5.52, 40.8, 1.79985
PHY_21, 97.06, 40.8, 1.79985
PHY_23, 97.06, 40.8, 1.79985
_287_, 13.68, 40.8, 1.79985
_291_, 13.68, 40.8, 1.79985
clkbuf_3_0__f_clk, 13.68, 40.8, 1.79985
FILLER_0_11_13, 13.68, 40.8, 1.79985
_314_, 31.84, 40.8, 1.79988
_315_, 31.84, 40.8, 1.79988
hold22, 31.84, 40.8, 1.79988
FILLER_0_11_53, 31.84, 40.8, 1.79988
FILLER_0_12_65, 31.84, 40.8, 1.79988
_369_, 51.84, 40.8, 1.79988
hold26, 51.84, 40.8, 1.79988
hold27, 51.84, 40.8, 1.79988
FILLER_0_11_95, 51.84, 40.8, 1.79988
_255_, 71.84, 40.8, 1.79986
_256_, 71.84, 40.8, 1.79986
_383_, 71.84, 40.8, 1.79986
_406_, 71.84, 40.8, 1.79986
hold7, 71.84, 40.8, 1.79986
FILLER_0_10_141, 71.84, 40.8, 1.79986
_388_, 89.45, 40.8, 1.79985
_473_, 89.45, 40.8, 1.79985
output23, 89.45, 40.8, 1.79985
hold15, 89.45, 40.8, 1.79985
hold28, 89.45, 40.8, 1.79985
FILLER_0_12_185, 89.45, 40.8, 1.79985
_283_, 5.52, 35.36, 1.79985
_429_, 5.52, 35.36, 1.79985
PHY_16, 5.52, 35.36, 1.79985
PHY_18, 5.52, 35.36, 1.79985
input4, 5.52, 35.36, 1.79985
FILLER_0_9_3, 5.52, 35.36, 1.79985
PHY_17, 97.06, 35.36, 1.79986
PHY_19, 97.06, 35.36, 1.79986
FILLER_0_8_192, 97.06, 35.36, 1.79986
_290_, 13.68, 35.36, 1.79985
hold2, 13.68, 35.36, 1.79985
_316_, 31.84, 35.36, 1.79986
_422_, 31.84, 35.36, 1.79986
_440_, 31.84, 35.36, 1.79986
FILLER_0_9_57, 31.84, 35.36, 1.79986
FILLER_0_9_65, 31.84, 35.36, 1.79986
_464_, 51.84, 35.36, 1.79985
_467_, 51.84, 35.36, 1.79985
clkbuf_3_4__f_clk, 51.84, 35.36, 1.79985
_234_, 71.84, 35.36, 1.79985
_404_, 71.84, 35.36, 1.79985
_405_, 71.84, 35.36, 1.79985
_480_, 71.84, 35.36, 1.79985
hold6, 71.84, 35.36, 1.79985
_387_, 89.45, 35.36, 1.79986
hold39, 89.45, 35.36, 1.79986
_428_, 5.52, 29.92, 1.79987
PHY_12, 5.52, 29.92, 1.79987
PHY_14, 5.52, 29.92, 1.79987
input3, 5.52, 29.92, 1.79987
FILLER_0_7_6, 5.52, 29.92, 1.79987
PHY_13, 97.06, 29.92, 1.79988
PHY_15, 97.06, 29.92, 1.79988
FILLER_0_7_193, 97.06, 29.92, 1.79988
_273_, 13.68, 29.92, 1.79988
_276_, 13.68, 29.92, 1.79988
_277_, 13.68, 29.92, 1.79988
_278_, 13.68, 29.92, 1.79988
hold17, 31.84, 29.92, 1.79988
FILLER_0_7_48, 31.84, 29.92, 1.79988
FILLER_0_7_57, 31.84, 29.92, 1.79988
FILLER_0_8_68, 31.84, 29.92, 1.79988
_374_, 51.84, 29.92, 1.79988
FILLER_0_6_97, 51.84, 29.92, 1.79988
FILLER_0_7_106, 51.84, 29.92, 1.79988
_254_, 71.84, 29.92, 1.79987
_479_, 71.84, 29.92, 1.79987
_280_, 5.52, 24.48, 1.79986
PHY_8, 5.52, 24.48, 1.79986
PHY_10, 5.52, 24.48, 1.79986
input1, 5.52, 24.48, 1.79986
input2, 5.52, 24.48, 1.79986
FILLER_0_6_6, 5.52, 24.48, 1.79986
PHY_9, 97.06, 24.48, 1.79987
PHY_11, 97.06, 24.48, 1.79987
output22, 97.06, 24.48, 1.79987
_274_, 13.68, 24.48, 1.79987
_275_, 13.68, 24.48, 1.79987
_279_, 13.68, 24.48, 1.79987
_282_, 13.68, 24.48, 1.79987
_427_, 13.68, 24.48, 1.79987
FILLER_0_5_10, 13.68, 24.48, 1.79987
FILLER_0_5_49, 31.84, 24.48, 1.79988
_372_, 51.84, 24.48, 1.79988
_373_, 51.84, 24.48, 1.79988
hold11, 51.84, 24.48, 1.79988
hold12, 51.84, 24.48, 1.79988
FILLER_0_4_97, 51.84, 24.48, 1.79988
FILLER_0_5_181, 89.45, 24.48, 1.79988
FILLER_0_5_189, 89.45, 24.48, 1.79988
FILLER_0_6_189, 89.45, 24.48, 1.79988
_211_, 5.52, 19.04, 1.79987
_426_, 5.52, 19.04, 1.79987
PHY_4, 5.52, 19.04, 1.79987
PHY_6, 5.52, 19.04, 1.79987
PHY_5, 97.06, 19.04, 1.79989
PHY_7, 97.06, 19.04, 1.79989
FILLER_0_3_193, 97.06, 19.04, 1.79989
FILLER_0_4_20, 13.68, 19.04, 1.79988
_432_, 31.84, 19.04, 1.79988
FILLER_0_3_47, 31.84, 19.04, 1.79988
FILLER_0_3_57, 31.84, 19.04, 1.79988
FILLER_0_4_58, 31.84, 19.04, 1.79988
FILLER_0_4_66, 31.84, 19.04, 1.79988
_466_, 51.84, 19.04, 1.79988
FILLER_0_3_102, 51.84, 19.04, 1.79988
FILLER_0_4_189, 89.45, 19.04, 1.79989
PHY_0, 5.52, 13.6, 1.79988
PHY_2, 5.52, 13.6, 1.79988
input17, 5.52, 13.6, 1.79988
PHY_1, 97.06, 13.6, 1.79988
PHY_3, 97.06, 13.6, 1.79988
FILLER_0_1_193, 97.06, 13.6, 1.79988
FILLER_0_2_19, 13.68, 13.6, 1.79988
FILLER_0_0_53, 31.84, 13.6, 1.79989
FILLER_0_1_51, 31.84, 13.6, 1.79989
FILLER_0_0_109, 51.84, 13.6, 1.79989
FILLER_0_1_105, 51.84, 13.6, 1.79989
FILLER_0_0_137, 71.84, 13.6, 1.79989
output21, 89.45, 13.6, 1.79988
FILLER_0_0_181, 89.45, 13.6, 1.79988
FILLER_0_2_189, 89.45, 13.6, 1.79988

