Instance name,  X location,  Y location,  Voltage 
FILLER_0_32_165, 85.54, 97.92, 0.000125222
FILLER_0_32_181, 85.54, 97.92, 0.000125222
FILLER_0_29_165, 85.54, 92.48, 0.000127035
_471_, 85.54, 87.04, 0.000130205
FILLER_0_28_165, 85.54, 87.04, 0.000130205
FILLER_0_28_173, 85.54, 87.04, 0.000130205
FILLER_0_29_181, 85.54, 87.04, 0.000130205
_221_, 85.54, 81.6, 0.000136496
_381_, 85.54, 81.6, 0.000136496
_470_, 85.54, 81.6, 0.000136496
FILLER_0_26_165, 85.54, 81.6, 0.000136496
FILLER_0_27_181, 85.54, 81.6, 0.000136496
_378_, 85.54, 76.16, 0.000136944
_379_, 85.54, 76.16, 0.000136944
_380_, 85.54, 76.16, 0.000136944
FILLER_0_23_169, 85.54, 76.16, 0.000136944
FILLER_0_24_176, 85.54, 76.16, 0.000136944
_218_, 85.54, 70.72, 0.000145971
_469_, 85.54, 70.72, 0.000145971
_476_, 85.54, 70.72, 0.000145971
_395_, 85.54, 65.28, 0.000146476
_475_, 85.54, 65.28, 0.000146476
FILLER_0_19_165, 85.54, 65.28, 0.000146476
_415_, 85.54, 59.84, 0.000132932
_416_, 85.54, 59.84, 0.000132932
_483_, 85.54, 59.84, 0.000132932
FILLER_0_19_181, 85.54, 59.84, 0.000132932
_248_, 85.54, 54.4, 0.00014212
_377_, 85.54, 54.4, 0.00014212
_414_, 85.54, 54.4, 0.00014212
_468_, 85.54, 54.4, 0.00014212
FILLER_0_16_170, 85.54, 54.4, 0.00014212
FILLER_0_17_178, 85.54, 54.4, 0.00014212
FILLER_0_17_184, 85.54, 54.4, 0.00014212
_376_, 85.54, 48.96, 0.00011617
_390_, 85.54, 48.96, 0.00011617
FILLER_0_13_169, 85.54, 48.96, 0.00011617
FILLER_0_14_185, 85.54, 48.96, 0.00011617
_389_, 85.54, 43.52, 0.000125686
_474_, 85.54, 43.52, 0.000125686
FILLER_0_11_169, 85.54, 43.52, 0.000125686
FILLER_0_12_171, 85.54, 43.52, 0.000125686
FILLER_0_12_185, 85.54, 43.52, 0.000125686
_384_, 85.54, 38.08, 0.000142616
_388_, 85.54, 38.08, 0.000142616
_473_, 85.54, 38.08, 0.000142616
output23, 85.54, 38.08, 0.000142616
FILLER_0_9_165, 85.54, 38.08, 0.000142616
_385_, 85.54, 32.64, 0.000126453
_387_, 85.54, 32.64, 0.000126453
_472_, 85.54, 32.64, 0.000126453
FILLER_0_5_164, 85.54, 27.2, 0.00011913
FILLER_0_3_165, 85.54, 21.76, 0.000112522
FILLER_0_5_181, 85.54, 21.76, 0.000112522
FILLER_0_0_165, 85.54, 10.88, 0.000115471
FILLER_0_0_181, 85.54, 10.88, 0.000115471
FILLER_0_32_137, 65.54, 97.92, 0.000119896
hold36, 65.54, 92.48, 0.00012567
FILLER_0_30_131, 65.54, 92.48, 0.00012567
_347_, 65.54, 87.04, 0.000131173
_453_, 65.54, 87.04, 0.000131173
FILLER_0_28_134, 65.54, 87.04, 0.000131173
_346_, 65.54, 81.6, 0.000127228
FILLER_0_26_123, 65.54, 81.6, 0.000127228
_215_, 65.54, 76.16, 0.000131025
_219_, 65.54, 76.16, 0.000131025
_220_, 65.54, 76.16, 0.000131025
_223_, 65.54, 76.16, 0.000131025
FILLER_0_23_125, 65.54, 76.16, 0.000131025
_217_, 65.54, 70.72, 0.000133551
_224_, 65.54, 70.72, 0.000133551
_239_, 65.54, 70.72, 0.000133551
FILLER_0_22_133, 65.54, 70.72, 0.000133551
FILLER_0_22_141, 65.54, 70.72, 0.000133551
FILLER_0_23_133, 65.54, 70.72, 0.000133551
_236_, 65.54, 65.28, 0.000148615
_251_, 65.54, 65.28, 0.000148615
_413_, 65.54, 65.28, 0.000148615
clkbuf_3_7__f_clk, 65.54, 65.28, 0.000148615
FILLER_0_19_121, 65.54, 65.28, 0.000148615
FILLER_0_20_121, 65.54, 65.28, 0.000148615
FILLER_0_20_133, 65.54, 65.28, 0.000148615
FILLER_0_21_139, 65.54, 65.28, 0.000148615
_412_, 65.54, 59.84, 0.000127822
_482_, 65.54, 59.84, 0.000127822
max_cap25, 65.54, 59.84, 0.000127822
wire26, 65.54, 59.84, 0.000127822
FILLER_0_18_124, 65.54, 59.84, 0.000127822
_258_, 65.54, 54.4, 0.000127452
_259_, 65.54, 54.4, 0.000127452
_382_, 65.54, 54.4, 0.000127452
_411_, 65.54, 54.4, 0.000127452
_225_, 65.54, 48.96, 0.000113407
_253_, 65.54, 48.96, 0.000113407
_386_, 65.54, 48.96, 0.000113407
_408_, 65.54, 48.96, 0.000113407
FILLER_0_13_121, 65.54, 48.96, 0.000113407
FILLER_0_13_127, 65.54, 48.96, 0.000113407
FILLER_0_14_130, 65.54, 48.96, 0.000113407
_228_, 65.54, 43.52, 0.000121407
_230_, 65.54, 43.52, 0.000121407
_235_, 65.54, 43.52, 0.000121407
_257_, 65.54, 43.52, 0.000121407
FILLER_0_11_130, 65.54, 43.52, 0.000121407
FILLER_0_12_137, 65.54, 43.52, 0.000121407
_229_, 65.54, 38.08, 0.000144694
_255_, 65.54, 38.08, 0.000144694
_256_, 65.54, 38.08, 0.000144694
clkbuf_3_5__f_clk, 65.54, 38.08, 0.000144694
FILLER_0_9_122, 65.54, 38.08, 0.000144694
FILLER_0_10_141, 65.54, 38.08, 0.000144694
_231_, 65.54, 32.64, 0.000122354
_232_, 65.54, 32.64, 0.000122354
_234_, 65.54, 32.64, 0.000122354
FILLER_0_7_125, 65.54, 32.64, 0.000122354
_233_, 65.54, 27.2, 0.000122095
_254_, 65.54, 27.2, 0.000122095
_371_, 65.54, 27.2, 0.000122095
_465_, 65.54, 27.2, 0.000122095
hold20, 65.54, 27.2, 0.000122095
FILLER_0_6_133, 65.54, 27.2, 0.000122095
_370_, 65.54, 21.76, 0.000114381
FILLER_0_4_121, 65.54, 21.76, 0.000114381
FILLER_0_4_133, 65.54, 21.76, 0.000114381
FILLER_0_2_133, 65.54, 16.32, 0.000110611
FILLER_0_0_137, 65.54, 10.88, 0.000109739
FILLER_0_32_81, 45.54, 97.92, 0.000117897
_424_, 45.54, 92.48, 0.000128499
FILLER_0_30_80, 45.54, 92.48, 0.000128499
_455_, 45.54, 87.04, 0.000131774
hold30, 45.54, 87.04, 0.000131774
_270_, 45.54, 81.6, 0.000130246
hold32, 45.54, 81.6, 0.000130246
hold33, 45.54, 81.6, 0.000130246
FILLER_0_25_77, 45.54, 81.6, 0.000130246
FILLER_0_26_88, 45.54, 81.6, 0.000130246
FILLER_0_27_95, 45.54, 81.6, 0.000130246
_356_, 45.54, 76.16, 0.000129547
_457_, 45.54, 76.16, 0.000129547
_458_, 45.54, 76.16, 0.000129547
FILLER_0_24_85, 45.54, 76.16, 0.000129547
_355_, 45.54, 70.72, 0.000122182
hold34, 45.54, 70.72, 0.000122182
FILLER_0_21_86, 45.54, 70.72, 0.000122182
FILLER_0_22_81, 45.54, 70.72, 0.000122182
FILLER_0_22_85, 45.54, 70.72, 0.000122182
_353_, 45.54, 65.28, 0.000136923
_363_, 45.54, 65.28, 0.000136923
_456_, 45.54, 65.28, 0.000136923
_461_, 45.54, 65.28, 0.000136923
hold25, 45.54, 65.28, 0.000136923
FILLER_0_20_85, 45.54, 65.28, 0.000136923
_361_, 45.54, 59.84, 0.000118296
_460_, 45.54, 59.84, 0.000118296
FILLER_0_17_77, 45.54, 59.84, 0.000118296
FILLER_0_18_97, 45.54, 59.84, 0.000118296
clkbuf_0_clk, 45.54, 54.4, 0.000123568
FILLER_0_16_85, 45.54, 54.4, 0.000123568
_360_, 45.54, 48.96, 0.000101544
_365_, 45.54, 48.96, 0.000101544
hold13, 45.54, 48.96, 0.000101544
FILLER_0_14_77, 45.54, 48.96, 0.000101544
FILLER_0_14_85, 45.54, 48.96, 0.000101544
_364_, 45.54, 43.52, 0.000113232
_367_, 45.54, 43.52, 0.000113232
_462_, 45.54, 43.52, 0.000113232
FILLER_0_12_85, 45.54, 43.52, 0.000113232
_369_, 45.54, 38.08, 0.000127996
hold26, 45.54, 38.08, 0.000127996
hold29, 45.54, 38.08, 0.000127996
FILLER_0_9_85, 45.54, 38.08, 0.000127996
FILLER_0_10_85, 45.54, 38.08, 0.000127996
FILLER_0_11_95, 45.54, 38.08, 0.000127996
_375_, 45.54, 32.64, 0.000123283
_464_, 45.54, 32.64, 0.000123283
_467_, 45.54, 32.64, 0.000123283
hold9, 45.54, 32.64, 0.000123283
FILLER_0_8_80, 45.54, 32.64, 0.000123283
_297_, 45.54, 27.2, 0.000118363
_298_, 45.54, 27.2, 0.000118363
_374_, 45.54, 27.2, 0.000118363
FILLER_0_6_97, 45.54, 27.2, 0.000118363
_373_, 45.54, 21.76, 0.000118103
_433_, 45.54, 21.76, 0.000118103
hold11, 45.54, 21.76, 0.000118103
FILLER_0_4_81, 45.54, 21.76, 0.000118103
FILLER_0_4_97, 45.54, 21.76, 0.000118103
FILLER_0_2_81, 45.54, 16.32, 0.000110201
FILLER_0_0_81, 45.54, 10.88, 0.000106451
_265_, 25.54, 97.92, 0.000119961
FILLER_0_32_53, 25.54, 97.92, 0.000119961
_262_, 25.54, 92.48, 0.000137911
_263_, 25.54, 92.48, 0.000137911
_336_, 25.54, 92.48, 0.000137911
_447_, 25.54, 92.48, 0.000137911
FILLER_0_31_46, 25.54, 92.48, 0.000137911
_335_, 25.54, 87.04, 0.000133651
_425_, 25.54, 87.04, 0.000133651
hold3, 25.54, 87.04, 0.000133651
FILLER_0_27_35, 25.54, 87.04, 0.000133651
FILLER_0_28_45, 25.54, 87.04, 0.000133651
_318_, 25.54, 81.6, 0.000134738
FILLER_0_27_48, 25.54, 81.6, 0.000134738
_344_, 25.54, 76.16, 0.0001328
_345_, 25.54, 76.16, 0.0001328
_451_, 25.54, 76.16, 0.0001328
_342_, 25.54, 70.72, 0.000126968
hold1, 25.54, 70.72, 0.000126968
FILLER_0_22_50, 25.54, 70.72, 0.000126968
_301_, 25.54, 65.28, 0.000146377
_306_, 25.54, 65.28, 0.000146377
_334_, 25.54, 65.28, 0.000146377
_446_, 25.54, 65.28, 0.000146377
FILLER_0_20_39, 25.54, 65.28, 0.000146377
FILLER_0_20_47, 25.54, 65.28, 0.000146377
FILLER_0_21_46, 25.54, 65.28, 0.000146377
clkbuf_3_3__f_clk, 25.54, 59.84, 0.000143446
hold44, 25.54, 59.84, 0.000143446
FILLER_0_17_43, 25.54, 59.84, 0.000143446
FILLER_0_18_38, 25.54, 59.84, 0.000143446
FILLER_0_19_45, 25.54, 59.84, 0.000143446
FILLER_0_19_53, 25.54, 59.84, 0.000143446
_332_, 25.54, 54.4, 0.000116014
_444_, 25.54, 54.4, 0.000116014
FILLER_0_15_40, 25.54, 54.4, 0.000116014
FILLER_0_16_37, 25.54, 54.4, 0.000116014
_294_, 25.54, 48.96, 0.000109646
_329_, 25.54, 48.96, 0.000109646
_330_, 25.54, 48.96, 0.000109646
hold5, 25.54, 48.96, 0.000109646
FILLER_0_14_47, 25.54, 48.96, 0.000109646
_284_, 25.54, 43.52, 0.000135376
_439_, 25.54, 43.52, 0.000135376
FILLER_0_12_39, 25.54, 43.52, 0.000135376
FILLER_0_13_51, 25.54, 43.52, 0.000135376
_315_, 25.54, 38.08, 0.000139318
_421_, 25.54, 38.08, 0.000139318
clkbuf_3_1__f_clk, 25.54, 38.08, 0.000139318
FILLER_0_11_53, 25.54, 38.08, 0.000139318
_212_, 25.54, 32.64, 0.000130296
_213_, 25.54, 32.64, 0.000130296
_214_, 25.54, 32.64, 0.000130296
_420_, 25.54, 32.64, 0.000130296
_422_, 25.54, 32.64, 0.000130296
FILLER_0_7_39, 25.54, 32.64, 0.000130296
_418_, 25.54, 27.2, 0.000130847
_485_, 25.54, 27.2, 0.000130847
hold47, 25.54, 27.2, 0.000130847
FILLER_0_7_48, 25.54, 27.2, 0.000130847
_417_, 25.54, 21.76, 0.000117679
_419_, 25.54, 21.76, 0.000117679
FILLER_0_5_49, 25.54, 21.76, 0.000117679
_484_, 25.54, 16.32, 0.00012098
FILLER_0_2_41, 25.54, 16.32, 0.00012098
FILLER_0_3_47, 25.54, 16.32, 0.00012098
FILLER_0_0_53, 25.54, 10.88, 0.000107967
FILLER_0_1_51, 25.54, 10.88, 0.000107967
PHY_62, 5.52, 97.92, 0.000122689
PHY_64, 5.52, 97.92, 0.000122689
input15, 5.52, 97.92, 0.000122689
input16, 5.52, 97.92, 0.000122689
FILLER_0_32_9, 5.52, 97.92, 0.000122689
PHY_63, 97.06, 97.92, 0.000134749
PHY_65, 97.06, 97.92, 0.000134749
output24, 97.06, 97.92, 0.000134749
FILLER_0_31_193, 97.06, 97.92, 0.000134749
_261_, 15.53, 97.92, 0.000122142
_338_, 15.53, 97.92, 0.000122142
hold4, 15.53, 97.92, 0.000122142
FILLER_0_32_22, 15.53, 97.92, 0.000122142
FILLER_0_31_105, 55.54, 97.92, 0.000118896
FILLER_0_32_109, 55.54, 97.92, 0.000118896
_339_, 5.52, 92.48, 0.00016062
_448_, 5.52, 92.48, 0.00016062
PHY_58, 5.52, 92.48, 0.00016062
PHY_60, 5.52, 92.48, 0.00016062
input14, 5.52, 92.48, 0.00016062
FILLER_0_31_3, 5.52, 92.48, 0.00016062
PHY_59, 97.06, 92.48, 0.000136517
PHY_61, 97.06, 92.48, 0.000136517
output20, 97.06, 92.48, 0.000136517
FILLER_0_30_189, 97.06, 92.48, 0.000136517
_266_, 15.53, 92.48, 0.00015298
_337_, 15.53, 92.48, 0.00015298
hold42, 15.53, 92.48, 0.00015298
_272_, 35.54, 92.48, 0.000135572
hold45, 35.54, 92.48, 0.000135572
_349_, 55.54, 92.48, 0.000130229
_351_, 55.54, 92.48, 0.000130229
hold31, 55.54, 92.48, 0.000130229
FILLER_0_30_109, 55.54, 92.48, 0.000130229
FILLER_0_31_161, 75.54, 92.48, 0.000126352
_449_, 5.52, 87.04, 0.000147764
PHY_54, 5.52, 87.04, 0.000147764
PHY_56, 5.52, 87.04, 0.000147764
input13, 5.52, 87.04, 0.000147764
PHY_55, 97.06, 87.04, 0.000133771
PHY_57, 97.06, 87.04, 0.000133771
hold18, 97.06, 87.04, 0.000133771
_264_, 15.53, 87.04, 0.000143105
hold43, 15.53, 87.04, 0.000143105
FILLER_0_28_18, 15.53, 87.04, 0.000143105
FILLER_0_28_29, 15.53, 87.04, 0.000143105
_269_, 35.54, 87.04, 0.000134713
_271_, 35.54, 87.04, 0.000134713
FILLER_0_29_68, 35.54, 87.04, 0.000134713
_350_, 55.54, 87.04, 0.00013806
_454_, 55.54, 87.04, 0.00013806
hold35, 55.54, 87.04, 0.00013806
FILLER_0_27_108, 55.54, 87.04, 0.00013806
_327_, 5.52, 81.6, 0.000159154
_442_, 5.52, 81.6, 0.000159154
PHY_50, 5.52, 81.6, 0.000159154
PHY_52, 5.52, 81.6, 0.000159154
FILLER_0_27_3, 5.52, 81.6, 0.000159154
FILLER_0_27_10, 5.52, 81.6, 0.000159154
PHY_51, 97.06, 81.6, 0.000139905
PHY_53, 97.06, 81.6, 0.000139905
hold14, 97.06, 81.6, 0.000139905
_323_, 15.53, 81.6, 0.000150492
_328_, 15.53, 81.6, 0.000150492
_443_, 15.53, 81.6, 0.000150492
FILLER_0_26_23, 15.53, 81.6, 0.000150492
_267_, 35.54, 81.6, 0.00014051
_268_, 35.54, 81.6, 0.00014051
_423_, 35.54, 81.6, 0.00014051
_452_, 35.54, 81.6, 0.00014051
FILLER_0_27_68, 35.54, 81.6, 0.00014051
_348_, 55.54, 81.6, 0.000132328
_357_, 55.54, 81.6, 0.000132328
hold38, 55.54, 81.6, 0.000132328
FILLER_0_26_107, 55.54, 81.6, 0.000132328
FILLER_0_27_113, 55.54, 81.6, 0.000132328
FILLER_0_27_161, 75.54, 81.6, 0.000131862
_319_, 5.52, 76.16, 0.000147369
_326_, 5.52, 76.16, 0.000147369
PHY_46, 5.52, 76.16, 0.000147369
PHY_48, 5.52, 76.16, 0.000147369
input11, 5.52, 76.16, 0.000147369
input12, 5.52, 76.16, 0.000147369
FILLER_0_24_6, 5.52, 76.16, 0.000147369
PHY_47, 97.06, 76.16, 0.000136944
PHY_49, 97.06, 76.16, 0.000136944
FILLER_0_24_191, 97.06, 76.16, 0.000136944
_320_, 15.53, 76.16, 0.000143444
_321_, 15.53, 76.16, 0.000143444
_322_, 15.53, 76.16, 0.000143444
hold41, 15.53, 76.16, 0.000143444
FILLER_0_24_25, 15.53, 76.16, 0.000143444
_340_, 35.54, 76.16, 0.000133952
hold10, 35.54, 76.16, 0.000133952
_222_, 55.54, 76.16, 0.000132999
_238_, 55.54, 76.16, 0.000132999
FILLER_0_24_104, 55.54, 76.16, 0.000132999
FILLER_0_24_118, 55.54, 76.16, 0.000132999
_397_, 75.54, 76.16, 0.000140478
_401_, 75.54, 76.16, 0.000140478
_403_, 75.54, 76.16, 0.000140478
_477_, 75.54, 76.16, 0.000140478
FILLER_0_23_144, 75.54, 76.16, 0.000140478
FILLER_0_24_144, 75.54, 76.16, 0.000140478
FILLER_0_25_158, 75.54, 76.16, 0.000140478
_324_, 5.52, 70.72, 0.000149575
_441_, 5.52, 70.72, 0.000149575
PHY_42, 5.52, 70.72, 0.000149575
PHY_44, 5.52, 70.72, 0.000149575
FILLER_0_23_3, 5.52, 70.72, 0.000149575
PHY_43, 97.06, 70.72, 0.000154289
PHY_45, 97.06, 70.72, 0.000154289
output19, 97.06, 70.72, 0.000154289
FILLER_0_21_193, 97.06, 70.72, 0.000154289
_311_, 15.53, 70.72, 0.000140571
_343_, 15.53, 70.72, 0.000140571
hold46, 15.53, 70.72, 0.000140571
FILLER_0_22_23, 15.53, 70.72, 0.000140571
_341_, 35.54, 70.72, 0.000129401
_354_, 35.54, 70.72, 0.000129401
_450_, 35.54, 70.72, 0.000129401
FILLER_0_22_75, 35.54, 70.72, 0.000129401
_237_, 55.54, 70.72, 0.000130395
_352_, 55.54, 70.72, 0.000130395
FILLER_0_23_109, 55.54, 70.72, 0.000130395
_398_, 75.54, 70.72, 0.000146398
_399_, 75.54, 70.72, 0.000146398
_400_, 75.54, 70.72, 0.000146398
_402_, 75.54, 70.72, 0.000146398
FILLER_0_21_147, 75.54, 70.72, 0.000146398
FILLER_0_23_163, 75.54, 70.72, 0.000146398
_325_, 5.52, 65.28, 0.000185883
PHY_38, 5.52, 65.28, 0.000185883
PHY_40, 5.52, 65.28, 0.000185883
input9, 5.52, 65.28, 0.000185883
input10, 5.52, 65.28, 0.000185883
FILLER_0_21_10, 5.52, 65.28, 0.000185883
_216_, 97.06, 65.28, 0.000159581
PHY_39, 97.06, 65.28, 0.000159581
PHY_41, 97.06, 65.28, 0.000159581
output18, 97.06, 65.28, 0.000159581
FILLER_0_20_192, 97.06, 65.28, 0.000159581
_304_, 15.53, 65.28, 0.000184037
_305_, 15.53, 65.28, 0.000184037
_437_, 15.53, 65.28, 0.000184037
clkbuf_3_2__f_clk, 15.53, 65.28, 0.000184037
_333_, 35.54, 65.28, 0.000143555
_362_, 35.54, 65.28, 0.000143555
_242_, 55.54, 65.28, 0.000156406
clkbuf_3_6__f_clk, 55.54, 65.28, 0.000156406
FILLER_0_21_113, 55.54, 65.28, 0.000156406
_392_, 75.54, 65.28, 0.000152623
_394_, 75.54, 65.28, 0.000152623
_396_, 75.54, 65.28, 0.000152623
FILLER_0_19_149, 75.54, 65.28, 0.000152623
FILLER_0_21_158, 75.54, 65.28, 0.000152623
_307_, 5.52, 59.84, 0.000173611
_435_, 5.52, 59.84, 0.000173611
PHY_34, 5.52, 59.84, 0.000173611
PHY_36, 5.52, 59.84, 0.000173611
FILLER_0_19_3, 5.52, 59.84, 0.000173611
PHY_35, 97.06, 59.84, 0.000136409
PHY_37, 97.06, 59.84, 0.000136409
hold16, 97.06, 59.84, 0.000136409
FILLER_0_18_192, 97.06, 59.84, 0.000136409
_302_, 15.53, 59.84, 0.000164359
_303_, 15.53, 59.84, 0.000164359
_309_, 15.53, 59.84, 0.000164359
_436_, 15.53, 59.84, 0.000164359
_331_, 35.54, 59.84, 0.000138737
_445_, 35.54, 59.84, 0.000138737
hold21, 35.54, 59.84, 0.000138737
hold37, 35.54, 59.84, 0.000138737
FILLER_0_19_75, 35.54, 59.84, 0.000138737
_241_, 55.54, 59.84, 0.000124173
FILLER_0_17_105, 55.54, 59.84, 0.000124173
FILLER_0_19_113, 55.54, 59.84, 0.000124173
_250_, 75.54, 59.84, 0.00014006
_252_, 75.54, 59.84, 0.00014006
_391_, 75.54, 59.84, 0.00014006
_393_, 75.54, 59.84, 0.00014006
FILLER_0_18_145, 75.54, 59.84, 0.00014006
FILLER_0_18_160, 75.54, 59.84, 0.00014006
FILLER_0_19_157, 75.54, 59.84, 0.00014006
_308_, 5.52, 54.4, 0.000123876
PHY_30, 5.52, 54.4, 0.000123876
PHY_32, 5.52, 54.4, 0.000123876
input7, 5.52, 54.4, 0.000123876
input8, 5.52, 54.4, 0.000123876
PHY_31, 97.06, 54.4, 0.00014212
PHY_33, 97.06, 54.4, 0.00014212
FILLER_0_15_191, 97.06, 54.4, 0.00014212
_310_, 15.53, 54.4, 0.000122093
hold40, 15.53, 54.4, 0.000122093
FILLER_0_15_15, 15.53, 54.4, 0.000122093
FILLER_0_16_21, 15.53, 54.4, 0.000122093
FILLER_0_16_29, 15.53, 54.4, 0.000122093
_313_, 35.54, 54.4, 0.000125306
_358_, 35.54, 54.4, 0.000125306
_359_, 35.54, 54.4, 0.000125306
hold23, 35.54, 54.4, 0.000125306
hold24, 35.54, 54.4, 0.000125306
_240_, 55.54, 54.4, 0.000130376
_243_, 55.54, 54.4, 0.000130376
FILLER_0_15_102, 55.54, 54.4, 0.000130376
FILLER_0_16_110, 55.54, 54.4, 0.000130376
_244_, 75.54, 54.4, 0.000146233
_247_, 75.54, 54.4, 0.000146233
_478_, 75.54, 54.4, 0.000146233
FILLER_0_16_151, 75.54, 54.4, 0.000146233
FILLER_0_17_162, 75.54, 54.4, 0.000146233
_430_, 5.52, 48.96, 0.000127243
PHY_26, 5.52, 48.96, 0.000127243
PHY_28, 5.52, 48.96, 0.000127243
PHY_27, 97.06, 48.96, 0.00011617
PHY_29, 97.06, 48.96, 0.00011617
FILLER_0_14_193, 97.06, 48.96, 0.00011617
_285_, 15.53, 48.96, 0.000120067
_292_, 15.53, 48.96, 0.000120067
FILLER_0_14_29, 15.53, 48.96, 0.000120067
_312_, 35.54, 48.96, 0.000113587
_438_, 35.54, 48.96, 0.000113587
_459_, 35.54, 48.96, 0.000113587
FILLER_0_13_57, 35.54, 48.96, 0.000113587
FILLER_0_15_68, 35.54, 48.96, 0.000113587
_409_, 55.54, 48.96, 0.000113814
_410_, 55.54, 48.96, 0.000113814
_481_, 55.54, 48.96, 0.000113814
FILLER_0_14_107, 55.54, 48.96, 0.000113814
_249_, 75.54, 48.96, 0.000117106
_260_, 75.54, 48.96, 0.000117106
FILLER_0_13_150, 75.54, 48.96, 0.000117106
_293_, 5.52, 43.52, 0.00018113
PHY_22, 5.52, 43.52, 0.00018113
PHY_24, 5.52, 43.52, 0.00018113
input5, 5.52, 43.52, 0.00018113
input6, 5.52, 43.52, 0.00018113
FILLER_0_12_6, 5.52, 43.52, 0.00018113
PHY_23, 97.06, 43.52, 0.00013262
PHY_25, 97.06, 43.52, 0.00013262
hold15, 97.06, 43.52, 0.00013262
hold28, 97.06, 43.52, 0.00013262
_286_, 15.53, 43.52, 0.000179412
_287_, 15.53, 43.52, 0.000179412
_288_, 15.53, 43.52, 0.000179412
_289_, 15.53, 43.52, 0.000179412
_431_, 15.53, 43.52, 0.000179412
clkbuf_3_0__f_clk, 15.53, 43.52, 0.000179412
FILLER_0_11_13, 15.53, 43.52, 0.000179412
_314_, 35.54, 43.52, 0.000126871
_317_, 35.54, 43.52, 0.000126871
_366_, 35.54, 43.52, 0.000126871
FILLER_0_12_65, 35.54, 43.52, 0.000126871
FILLER_0_13_73, 35.54, 43.52, 0.000126871
_227_, 55.54, 43.52, 0.00012268
hold27, 55.54, 43.52, 0.00012268
FILLER_0_12_113, 55.54, 43.52, 0.00012268
FILLER_0_13_113, 55.54, 43.52, 0.00012268
_246_, 75.54, 43.52, 0.000126669
_383_, 75.54, 43.52, 0.000126669
_406_, 75.54, 43.52, 0.000126669
FILLER_0_13_162, 75.54, 43.52, 0.000126669
_291_, 5.52, 38.08, 0.00015883
_429_, 5.52, 38.08, 0.00015883
PHY_18, 5.52, 38.08, 0.00015883
PHY_20, 5.52, 38.08, 0.00015883
input4, 5.52, 38.08, 0.00015883
FILLER_0_11_3, 5.52, 38.08, 0.00015883
PHY_19, 97.06, 38.08, 0.00014613
PHY_21, 97.06, 38.08, 0.00014613
hold39, 97.06, 38.08, 0.00014613
_290_, 15.53, 38.08, 0.000149978
_440_, 35.54, 38.08, 0.000142658
_463_, 35.54, 38.08, 0.000142658
hold22, 35.54, 38.08, 0.000142658
FILLER_0_9_57, 35.54, 38.08, 0.000142658
FILLER_0_9_65, 35.54, 38.08, 0.000142658
_226_, 55.54, 38.08, 0.000149909
clkbuf_3_4__f_clk, 55.54, 38.08, 0.000149909
_404_, 75.54, 38.08, 0.000152651
_405_, 75.54, 38.08, 0.000152651
_407_, 75.54, 38.08, 0.000152651
_480_, 75.54, 38.08, 0.000152651
hold6, 75.54, 38.08, 0.000152651
hold7, 75.54, 38.08, 0.000152651
_283_, 5.52, 32.64, 0.000154031
_428_, 5.52, 32.64, 0.000154031
PHY_14, 5.52, 32.64, 0.000154031
PHY_16, 5.52, 32.64, 0.000154031
FILLER_0_9_3, 5.52, 32.64, 0.000154031
PHY_15, 97.06, 32.64, 0.000126453
PHY_17, 97.06, 32.64, 0.000126453
FILLER_0_7_193, 97.06, 32.64, 0.000126453
FILLER_0_8_192, 97.06, 32.64, 0.000126453
_273_, 15.53, 32.64, 0.000149567
_277_, 15.53, 32.64, 0.000149567
_278_, 15.53, 32.64, 0.000149567
_486_, 15.53, 32.64, 0.000149567
hold2, 15.53, 32.64, 0.000149567
FILLER_0_8_29, 15.53, 32.64, 0.000149567
_245_, 35.54, 32.64, 0.000132163
_316_, 35.54, 32.64, 0.000132163
hold17, 35.54, 32.64, 0.000132163
FILLER_0_7_57, 35.54, 32.64, 0.000132163
FILLER_0_8_68, 35.54, 32.64, 0.000132163
_368_, 55.54, 32.64, 0.000125635
hold8, 55.54, 32.64, 0.000125635
FILLER_0_7_106, 55.54, 32.64, 0.000125635
_479_, 75.54, 32.64, 0.000128056
FILLER_0_9_157, 75.54, 32.64, 0.000128056
PHY_10, 5.52, 27.2, 0.000146358
PHY_12, 5.52, 27.2, 0.000146358
input2, 5.52, 27.2, 0.000146358
input3, 5.52, 27.2, 0.000146358
FILLER_0_6_6, 5.52, 27.2, 0.000146358
FILLER_0_7_6, 5.52, 27.2, 0.000146358
PHY_11, 97.06, 27.2, 0.000127452
PHY_13, 97.06, 27.2, 0.000127452
output22, 97.06, 27.2, 0.000127452
FILLER_0_5_189, 97.06, 27.2, 0.000127452
FILLER_0_6_189, 97.06, 27.2, 0.000127452
_274_, 15.53, 27.2, 0.000145912
_275_, 15.53, 27.2, 0.000145912
_276_, 15.53, 27.2, 0.000145912
_281_, 15.53, 27.2, 0.000145912
_282_, 15.53, 27.2, 0.000145912
_427_, 15.53, 27.2, 0.000145912
_299_, 35.54, 27.2, 0.000129647
_300_, 35.54, 27.2, 0.000129647
_434_, 35.54, 27.2, 0.000129647
FILLER_0_6_69, 35.54, 27.2, 0.000129647
_372_, 55.54, 27.2, 0.000122837
hold12, 55.54, 27.2, 0.000122837
_211_, 5.52, 21.76, 0.000124725
_280_, 5.52, 21.76, 0.000124725
PHY_6, 5.52, 21.76, 0.000124725
PHY_8, 5.52, 21.76, 0.000124725
input1, 5.52, 21.76, 0.000124725
FILLER_0_5_10, 5.52, 21.76, 0.000124725
PHY_7, 97.06, 21.76, 0.000112522
PHY_9, 97.06, 21.76, 0.000112522
FILLER_0_3_193, 97.06, 21.76, 0.000112522
FILLER_0_4_189, 97.06, 21.76, 0.000112522
_279_, 15.53, 21.76, 0.000122076
FILLER_0_4_20, 15.53, 21.76, 0.000122076
FILLER_0_4_29, 15.53, 21.76, 0.000122076
_295_, 35.54, 21.76, 0.000122779
_296_, 35.54, 21.76, 0.000122779
_432_, 35.54, 21.76, 0.000122779
FILLER_0_3_57, 35.54, 21.76, 0.000122779
FILLER_0_4_58, 35.54, 21.76, 0.000122779
FILLER_0_4_66, 35.54, 21.76, 0.000122779
FILLER_0_5_69, 35.54, 21.76, 0.000122779
_466_, 55.54, 21.76, 0.000120086
FILLER_0_3_102, 55.54, 21.76, 0.000120086
FILLER_0_5_113, 55.54, 21.76, 0.000120086
_426_, 5.52, 16.32, 0.000148092
PHY_2, 5.52, 16.32, 0.000148092
PHY_4, 5.52, 16.32, 0.000148092
input17, 5.52, 16.32, 0.000148092
PHY_3, 97.06, 16.32, 0.000111191
PHY_5, 97.06, 16.32, 0.000111191
FILLER_0_1_193, 97.06, 16.32, 0.000111191
FILLER_0_2_189, 97.06, 16.32, 0.000111191
FILLER_0_2_19, 15.53, 16.32, 0.000134536
hold19, 55.54, 16.32, 0.000112377
FILLER_0_1_105, 55.54, 16.32, 0.000112377
FILLER_0_3_157, 75.54, 16.32, 0.000110901
PHY_0, 5.52, 10.88, 0.000107967
PHY_1, 97.06, 10.88, 0.000124975
output21, 97.06, 10.88, 0.000124975
FILLER_0_0_109, 55.54, 10.88, 0.000108095
FILLER_0_1_161, 75.54, 10.88, 0.000112605

