Instance name,  X location,  Y location,  Voltage 
_283_, 77.165, 89.76, 1.79987
_428_, 77.165, 89.76, 1.79987
hold4, 77.165, 89.76, 1.79987
FILLER_0_29_156, 77.165, 89.76, 1.79987
_273_, 77.165, 84.32, 1.79987
_274_, 77.165, 84.32, 1.79987
_277_, 77.165, 84.32, 1.79987
_278_, 77.165, 84.32, 1.79987
FILLER_0_27_164, 77.165, 84.32, 1.79987
_378_, 77.165, 78.88, 1.79985
_379_, 77.165, 78.88, 1.79985
_469_, 77.165, 78.88, 1.79985
hold47, 77.165, 78.88, 1.79985
FILLER_0_26_164, 77.165, 78.88, 1.79985
hold33, 77.165, 73.44, 1.79988
FILLER_0_22_150, 77.165, 73.44, 1.79988
FILLER_0_23_161, 77.165, 73.44, 1.79988
_377_, 77.165, 68, 1.79987
hold30, 77.165, 68, 1.79987
FILLER_0_21_150, 77.165, 68, 1.79987
FILLER_0_21_164, 77.165, 68, 1.79987
_298_, 77.165, 62.56, 1.79987
_373_, 77.165, 62.56, 1.79987
_376_, 77.165, 62.56, 1.79987
_468_, 77.165, 62.56, 1.79987
_232_, 77.165, 57.12, 1.79986
_372_, 77.165, 57.12, 1.79986
_466_, 77.165, 57.12, 1.79986
hold35, 77.165, 57.12, 1.79986
FILLER_0_15_160, 77.165, 51.68, 1.79986
FILLER_0_16_165, 77.165, 51.68, 1.79986
input17, 77.165, 46.24, 1.79985
FILLER_0_13_159, 77.165, 46.24, 1.79985
_346_, 77.165, 40.8, 1.79984
hold21, 77.165, 40.8, 1.79984
hold22, 77.165, 40.8, 1.79984
FILLER_0_11_162, 77.165, 40.8, 1.79984
_267_, 77.165, 35.36, 1.79984
_423_, 77.165, 35.36, 1.79984
FILLER_0_10_166, 77.165, 35.36, 1.79984
_268_, 77.165, 29.92, 1.79983
hold31, 77.165, 29.92, 1.79983
FILLER_0_7_160, 77.165, 29.92, 1.79983
_262_, 77.165, 24.48, 1.79983
FILLER_0_6_165, 77.165, 24.48, 1.79983
hold46, 77.165, 19.04, 1.79983
FILLER_0_3_161, 77.165, 19.04, 1.79983
FILLER_0_4_166, 77.165, 19.04, 1.79983
_338_, 77.165, 13.6, 1.79982
input11, 77.165, 13.6, 1.79982
FILLER_0_0_160, 77.165, 13.6, 1.79982
output21, 56.695, 89.76, 1.79987
FILLER_0_29_107, 56.695, 89.76, 1.79987
_218_, 56.695, 84.32, 1.79986
_426_, 56.695, 84.32, 1.79986
FILLER_0_27_113, 56.695, 84.32, 1.79986
FILLER_0_27_121, 56.695, 84.32, 1.79986
_221_, 56.695, 78.88, 1.79985
_403_, 56.695, 78.88, 1.79985
FILLER_0_24_105, 56.695, 78.88, 1.79985
FILLER_0_25_106, 56.695, 78.88, 1.79985
FILLER_0_25_121, 56.695, 78.88, 1.79985
_371_, 56.695, 73.44, 1.79987
_465_, 56.695, 73.44, 1.79987
FILLER_0_23_102, 56.695, 73.44, 1.79987
FILLER_0_23_113, 56.695, 73.44, 1.79987
_217_, 56.695, 68, 1.79985
_233_, 56.695, 68, 1.79985
clkbuf_3_7__f_clk, 56.695, 68, 1.79985
hold6, 56.695, 68, 1.79985
FILLER_0_21_118, 56.695, 68, 1.79985
_234_, 56.695, 62.56, 1.79988
_434_, 56.695, 62.56, 1.79988
_231_, 56.695, 57.12, 1.79985
_248_, 56.695, 57.12, 1.79985
_414_, 56.695, 57.12, 1.79985
FILLER_0_18_120, 56.695, 57.12, 1.79985
_249_, 56.695, 51.68, 1.79982
_415_, 56.695, 51.68, 1.79982
_483_, 56.695, 51.68, 1.79982
clkbuf_3_6__f_clk, 56.695, 51.68, 1.79982
_224_, 56.695, 46.24, 1.79983
_387_, 56.695, 46.24, 1.79983
_473_, 56.695, 46.24, 1.79983
hold40, 56.695, 46.24, 1.79983
_223_, 56.695, 40.8, 1.79984
FILLER_0_10_102, 56.695, 40.8, 1.79984
FILLER_0_11_113, 56.695, 40.8, 1.79984
_222_, 56.695, 35.36, 1.79983
FILLER_0_9_105, 56.695, 35.36, 1.79983
_272_, 56.695, 29.92, 1.7998
_350_, 56.695, 29.92, 1.7998
_351_, 56.695, 29.92, 1.7998
_425_, 56.695, 29.92, 1.7998
clkbuf_3_2__f_clk, 56.695, 29.92, 1.7998
FILLER_0_7_101, 56.695, 29.92, 1.7998
_245_, 56.695, 24.48, 1.79982
_271_, 56.695, 24.48, 1.79982
FILLER_0_5_122, 56.695, 24.48, 1.79982
_420_, 56.695, 19.04, 1.79982
_447_, 56.695, 19.04, 1.79982
hold36, 56.695, 19.04, 1.79982
FILLER_0_2_106, 56.695, 19.04, 1.79982
_336_, 56.695, 13.6, 1.79981
_339_, 56.695, 13.6, 1.79981
_449_, 56.695, 13.6, 1.79981
FILLER_0_0_102, 56.695, 13.6, 1.79981
FILLER_0_0_119, 56.695, 13.6, 1.79981
FILLER_0_2_114, 56.695, 13.6, 1.79981
FILLER_0_2_120, 56.695, 13.6, 1.79981
_288_, 36.225, 89.76, 1.79986
_294_, 36.225, 89.76, 1.79986
input14, 36.225, 89.76, 1.79986
hold1, 36.225, 89.76, 1.79986
_289_, 36.225, 84.32, 1.79985
_384_, 36.225, 84.32, 1.79985
_364_, 36.225, 78.88, 1.79984
_462_, 36.225, 78.88, 1.79984
_246_, 36.225, 73.44, 1.79985
_398_, 36.225, 73.44, 1.79985
_480_, 36.225, 73.44, 1.79985
hold16, 36.225, 73.44, 1.79985
FILLER_0_22_56, 36.225, 73.44, 1.79985
FILLER_0_23_77, 36.225, 73.44, 1.79985
FILLER_0_24_70, 36.225, 73.44, 1.79985
_225_, 36.225, 68, 1.79985
_227_, 36.225, 68, 1.79985
_229_, 36.225, 68, 1.79985
hold7, 36.225, 68, 1.79985
FILLER_0_21_63, 36.225, 68, 1.79985
FILLER_0_21_69, 36.225, 68, 1.79985
_228_, 36.225, 62.56, 1.79985
_230_, 36.225, 62.56, 1.79985
_255_, 36.225, 62.56, 1.79985
_367_, 36.225, 62.56, 1.79985
FILLER_0_18_60, 36.225, 62.56, 1.79985
FILLER_0_19_57, 36.225, 62.56, 1.79985
FILLER_0_19_77, 36.225, 62.56, 1.79985
_235_, 36.225, 57.12, 1.79984
_257_, 36.225, 57.12, 1.79984
_410_, 36.225, 57.12, 1.79984
_240_, 36.225, 51.68, 1.79981
_250_, 36.225, 51.68, 1.79981
_258_, 36.225, 51.68, 1.79981
_408_, 36.225, 51.68, 1.79981
_409_, 36.225, 51.68, 1.79981
FILLER_0_14_62, 36.225, 51.68, 1.79981
FILLER_0_15_62, 36.225, 51.68, 1.79981
FILLER_0_16_74, 36.225, 51.68, 1.79981
_243_, 36.225, 46.24, 1.79982
_359_, 36.225, 46.24, 1.79982
_411_, 36.225, 46.24, 1.79982
_412_, 36.225, 46.24, 1.79982
_459_, 36.225, 46.24, 1.79982
FILLER_0_14_69, 36.225, 46.24, 1.79982
_241_, 36.225, 40.8, 1.79983
FILLER_0_11_69, 36.225, 40.8, 1.79983
FILLER_0_12_71, 36.225, 40.8, 1.79983
_237_, 36.225, 35.36, 1.79981
_238_, 36.225, 35.36, 1.79981
hold8, 36.225, 35.36, 1.79981
hold29, 36.225, 35.36, 1.79981
_457_, 36.225, 29.92, 1.79979
clkbuf_3_0__f_clk, 36.225, 29.92, 1.79979
FILLER_0_7_57, 36.225, 29.92, 1.79979
_354_, 36.225, 24.48, 1.79981
_355_, 36.225, 24.48, 1.79981
_451_, 36.225, 24.48, 1.79981
FILLER_0_5_57, 36.225, 24.48, 1.79981
_342_, 36.225, 19.04, 1.79981
_343_, 36.225, 19.04, 1.79981
hold19, 36.225, 19.04, 1.79981
FILLER_0_3_57, 36.225, 19.04, 1.79981
_324_, 36.225, 13.6, 1.7998
_340_, 36.225, 13.6, 1.7998
_450_, 36.225, 13.6, 1.7998
input16, 36.225, 13.6, 1.7998
hold43, 36.225, 13.6, 1.7998
FILLER_0_0_60, 36.225, 13.6, 1.7998
FILLER_0_0_73, 36.225, 13.6, 1.7998
FILLER_0_1_66, 36.225, 13.6, 1.7998
FILLER_0_29_24, 15.755, 89.76, 1.79985
FILLER_0_29_29, 15.755, 89.76, 1.79985
_290_, 15.755, 84.32, 1.79984
_291_, 15.755, 84.32, 1.79984
_429_, 15.755, 84.32, 1.79984
FILLER_0_26_15, 15.755, 84.32, 1.79984
FILLER_0_27_27, 15.755, 84.32, 1.79984
_293_, 15.755, 78.88, 1.79983
_430_, 15.755, 78.88, 1.79983
hold15, 15.755, 78.88, 1.79983
_368_, 15.755, 73.44, 1.79984
_380_, 15.755, 73.44, 1.79984
hold13, 15.755, 73.44, 1.79984
FILLER_0_22_15, 15.755, 73.44, 1.79984
FILLER_0_23_24, 15.755, 73.44, 1.79984
FILLER_0_24_25, 15.755, 73.44, 1.79984
_316_, 15.755, 68, 1.79984
_317_, 15.755, 68, 1.79984
_369_, 15.755, 68, 1.79984
_440_, 15.755, 68, 1.79984
_464_, 15.755, 68, 1.79984
FILLER_0_20_21, 15.755, 68, 1.79984
_314_, 15.755, 62.56, 1.79982
clkbuf_3_4__f_clk, 15.755, 62.56, 1.79982
_315_, 15.755, 57.12, 1.79984
_439_, 15.755, 57.12, 1.79984
FILLER_0_16_15, 15.755, 57.12, 1.79984
_363_, 15.755, 51.68, 1.79983
_461_, 15.755, 51.68, 1.79983
FILLER_0_15_15, 15.755, 51.68, 1.79983
_333_, 15.755, 46.24, 1.79982
_334_, 15.755, 46.24, 1.79982
_362_, 15.755, 46.24, 1.79982
hold10, 15.755, 46.24, 1.79982
FILLER_0_13_19, 15.755, 46.24, 1.79982
_444_, 15.755, 40.8, 1.79981
clkbuf_3_1__f_clk, 15.755, 40.8, 1.79981
_307_, 15.755, 35.36, 1.7998
_309_, 15.755, 35.36, 1.7998
_332_, 15.755, 35.36, 1.7998
_445_, 15.755, 35.36, 1.7998
hold38, 15.755, 35.36, 1.7998
_303_, 15.755, 29.92, 1.7998
_304_, 15.755, 29.92, 1.7998
_305_, 15.755, 29.92, 1.7998
_306_, 15.755, 29.92, 1.7998
hold45, 15.755, 29.92, 1.7998
FILLER_0_6_15, 15.755, 29.92, 1.7998
FILLER_0_7_12, 15.755, 29.92, 1.7998
_301_, 15.755, 24.48, 1.79981
_311_, 15.755, 24.48, 1.79981
_452_, 15.755, 24.48, 1.79981
FILLER_0_4_19, 15.755, 24.48, 1.79981
FILLER_0_5_26, 15.755, 24.48, 1.79981
FILLER_0_6_32, 15.755, 24.48, 1.79981
_326_, 15.755, 19.04, 1.79982
_345_, 15.755, 19.04, 1.79982
hold5, 15.755, 19.04, 1.79982
FILLER_0_2_15, 15.755, 19.04, 1.79982
FILLER_0_3_27, 15.755, 19.04, 1.79982
_327_, 15.755, 13.6, 1.7998
_328_, 15.755, 13.6, 1.7998
_442_, 15.755, 13.6, 1.7998
input13, 15.755, 13.6, 1.7998
hold3, 15.755, 13.6, 1.7998
FILLER_0_0_23, 15.755, 13.6, 1.7998
FILLER_0_0_29, 15.755, 13.6, 1.7998
PHY_56, 5.52, 89.76, 1.79984
PHY_58, 5.52, 89.76, 1.79984
input8, 5.52, 89.76, 1.79984
output24, 5.52, 89.76, 1.79984
PHY_57, 87.4, 89.76, 1.79987
PHY_59, 87.4, 89.76, 1.79987
input4, 87.4, 89.76, 1.79987
input7, 87.4, 89.76, 1.79987
FILLER_0_28_168, 87.4, 89.76, 1.79987
input5, 25.99, 89.76, 1.79985
hold41, 25.99, 89.76, 1.79985
FILLER_0_29_51, 25.99, 89.76, 1.79985
_472_, 46.46, 89.76, 1.79986
hold37, 46.46, 89.76, 1.79986
FILLER_0_29_85, 46.46, 89.76, 1.79986
FILLER_0_29_100, 46.46, 89.76, 1.79986
input2, 66.93, 89.76, 1.79987
hold42, 66.93, 89.76, 1.79987
FILLER_0_29_125, 66.93, 89.76, 1.79987
FILLER_0_29_133, 66.93, 89.76, 1.79987
_471_, 5.52, 84.32, 1.79983
PHY_52, 5.52, 84.32, 1.79983
PHY_54, 5.52, 84.32, 1.79983
PHY_53, 87.4, 84.32, 1.79986
PHY_55, 87.4, 84.32, 1.79986
hold20, 87.4, 84.32, 1.79986
FILLER_0_27_169, 87.4, 84.32, 1.79986
_284_, 25.99, 84.32, 1.79984
_285_, 25.99, 84.32, 1.79984
_286_, 25.99, 84.32, 1.79984
_287_, 25.99, 84.32, 1.79984
_431_, 25.99, 84.32, 1.79984
FILLER_0_27_52, 25.99, 84.32, 1.79984
_385_, 46.46, 84.32, 1.79985
_476_, 46.46, 84.32, 1.79985
FILLER_0_26_81, 46.46, 84.32, 1.79985
FILLER_0_27_82, 46.46, 84.32, 1.79985
_275_, 66.93, 84.32, 1.79986
_279_, 66.93, 84.32, 1.79986
_280_, 66.93, 84.32, 1.79986
FILLER_0_26_130, 66.93, 84.32, 1.79986
FILLER_0_27_141, 66.93, 84.32, 1.79986
FILLER_0_28_137, 66.93, 84.32, 1.79986
FILLER_0_28_141, 66.93, 84.32, 1.79986
PHY_48, 5.52, 78.88, 1.79983
PHY_50, 5.52, 78.88, 1.79983
output20, 5.52, 78.88, 1.79983
FILLER_0_25_9, 5.52, 78.88, 1.79983
PHY_49, 87.4, 78.88, 1.79984
PHY_51, 87.4, 78.88, 1.79984
output19, 87.4, 78.88, 1.79984
_292_, 25.99, 78.88, 1.79983
_313_, 25.99, 78.88, 1.79983
_365_, 25.99, 78.88, 1.79983
_438_, 25.99, 78.88, 1.79983
hold44, 25.99, 78.88, 1.79983
FILLER_0_24_37, 25.99, 78.88, 1.79983
FILLER_0_25_48, 25.99, 78.88, 1.79983
_396_, 46.46, 78.88, 1.79983
_399_, 46.46, 78.88, 1.79983
_400_, 46.46, 78.88, 1.79983
_401_, 46.46, 78.88, 1.79983
_402_, 46.46, 78.88, 1.79983
_477_, 46.46, 78.88, 1.79983
_276_, 66.93, 78.88, 1.79985
_282_, 66.93, 78.88, 1.79985
_427_, 66.93, 78.88, 1.79985
FILLER_0_24_133, 66.93, 78.88, 1.79985
_381_, 5.52, 73.44, 1.79983
_470_, 5.52, 73.44, 1.79983
PHY_44, 5.52, 73.44, 1.79983
PHY_46, 5.52, 73.44, 1.79983
FILLER_0_23_3, 5.52, 73.44, 1.79983
PHY_45, 87.4, 73.44, 1.79988
PHY_47, 87.4, 73.44, 1.79988
FILLER_0_23_169, 87.4, 73.44, 1.79988
_312_, 25.99, 73.44, 1.79984
hold12, 25.99, 73.44, 1.79984
_392_, 46.46, 73.44, 1.79986
_395_, 46.46, 73.44, 1.79986
_397_, 46.46, 73.44, 1.79986
FILLER_0_22_85, 46.46, 73.44, 1.79986
_281_, 66.93, 73.44, 1.79987
_370_, 66.93, 73.44, 1.79987
_432_, 66.93, 73.44, 1.79987
hold34, 66.93, 73.44, 1.79987
FILLER_0_22_128, 66.93, 73.44, 1.79987
PHY_40, 5.52, 68, 1.79984
PHY_42, 5.52, 68, 1.79984
FILLER_0_21_3, 5.52, 68, 1.79984
PHY_41, 87.4, 68, 1.79986
PHY_43, 87.4, 68, 1.79986
output18, 87.4, 68, 1.79986
FILLER_0_21_169, 87.4, 68, 1.79986
_226_, 25.99, 68, 1.79984
_366_, 25.99, 68, 1.79984
FILLER_0_20_38, 25.99, 68, 1.79984
FILLER_0_21_51, 25.99, 68, 1.79984
_393_, 46.46, 68, 1.79984
_394_, 46.46, 68, 1.79984
_406_, 46.46, 68, 1.79984
_407_, 46.46, 68, 1.79984
_475_, 46.46, 68, 1.79984
FILLER_0_20_89, 46.46, 68, 1.79984
FILLER_0_21_86, 46.46, 68, 1.79984
FILLER_0_21_95, 46.46, 68, 1.79984
_295_, 66.93, 68, 1.79986
_296_, 66.93, 68, 1.79986
_297_, 66.93, 68, 1.79986
_300_, 66.93, 68, 1.79986
FILLER_0_20_133, 66.93, 68, 1.79986
PHY_36, 5.52, 62.56, 1.79981
PHY_38, 5.52, 62.56, 1.79981
output23, 5.52, 62.56, 1.79981
hold18, 5.52, 62.56, 1.79981
FILLER_0_19_3, 5.52, 62.56, 1.79981
FILLER_0_20_9, 5.52, 62.56, 1.79981
PHY_37, 87.4, 62.56, 1.79987
PHY_39, 87.4, 62.56, 1.79987
hold14, 87.4, 62.56, 1.79987
FILLER_0_19_169, 87.4, 62.56, 1.79987
_463_, 25.99, 62.56, 1.79982
clkbuf_3_5__f_clk, 25.99, 62.56, 1.79982
_256_, 46.46, 62.56, 1.79985
_383_, 46.46, 62.56, 1.79985
_404_, 46.46, 62.56, 1.79985
_405_, 46.46, 62.56, 1.79985
_479_, 46.46, 62.56, 1.79985
FILLER_0_18_79, 46.46, 62.56, 1.79985
FILLER_0_18_85, 46.46, 62.56, 1.79985
_254_, 66.93, 62.56, 1.79987
_299_, 66.93, 62.56, 1.79987
_433_, 66.93, 62.56, 1.79987
hold25, 66.93, 62.56, 1.79987
_389_, 5.52, 57.12, 1.79982
_390_, 5.52, 57.12, 1.79982
_474_, 5.52, 57.12, 1.79982
PHY_32, 5.52, 57.12, 1.79982
PHY_34, 5.52, 57.12, 1.79982
FILLER_0_17_3, 5.52, 57.12, 1.79982
PHY_33, 87.4, 57.12, 1.79986
PHY_35, 87.4, 57.12, 1.79986
FILLER_0_17_169, 87.4, 57.12, 1.79986
hold27, 25.99, 57.12, 1.79984
FILLER_0_16_41, 25.99, 57.12, 1.79984
_247_, 46.46, 57.12, 1.79984
_259_, 46.46, 57.12, 1.79984
_260_, 46.46, 57.12, 1.79984
_478_, 46.46, 57.12, 1.79984
FILLER_0_17_84, 46.46, 57.12, 1.79984
_374_, 66.93, 57.12, 1.79985
_375_, 66.93, 57.12, 1.79985
_467_, 66.93, 57.12, 1.79985
PHY_28, 5.52, 51.68, 1.79983
PHY_30, 5.52, 51.68, 1.79983
PHY_29, 87.4, 51.68, 1.79986
PHY_31, 87.4, 51.68, 1.79986
FILLER_0_15_169, 87.4, 51.68, 1.79986
_242_, 25.99, 51.68, 1.79981
_481_, 25.99, 51.68, 1.79981
hold17, 25.99, 51.68, 1.79981
_252_, 46.46, 51.68, 1.79979
_391_, 46.46, 51.68, 1.79979
clkbuf_0_clk, 46.46, 51.68, 1.79979
_215_, 66.93, 51.68, 1.79984
_216_, 66.93, 51.68, 1.79984
_416_, 66.93, 51.68, 1.79984
FILLER_0_16_136, 66.93, 51.68, 1.79984
FILLER_0_16_141, 66.93, 51.68, 1.79984
_446_, 5.52, 46.24, 1.79982
PHY_24, 5.52, 46.24, 1.79982
PHY_26, 5.52, 46.24, 1.79982
input6, 5.52, 46.24, 1.79982
PHY_25, 87.4, 46.24, 1.79985
PHY_27, 87.4, 46.24, 1.79985
FILLER_0_13_169, 87.4, 46.24, 1.79985
_358_, 25.99, 46.24, 1.79982
FILLER_0_13_40, 25.99, 46.24, 1.79982
_244_, 46.46, 46.24, 1.79981
_253_, 46.46, 46.24, 1.79981
_382_, 46.46, 46.24, 1.79981
_386_, 46.46, 46.24, 1.79981
_413_, 46.46, 46.24, 1.79981
max_cap25, 46.46, 46.24, 1.79981
wire26, 46.46, 46.24, 1.79981
FILLER_0_12_85, 46.46, 46.24, 1.79981
FILLER_0_13_82, 46.46, 46.24, 1.79981
_219_, 66.93, 46.24, 1.79983
_347_, 66.93, 46.24, 1.79983
_453_, 66.93, 46.24, 1.79983
FILLER_0_13_130, 66.93, 46.24, 1.79983
FILLER_0_14_134, 66.93, 46.24, 1.79983
PHY_20, 5.52, 40.8, 1.79981
PHY_22, 5.52, 40.8, 1.79981
PHY_21, 87.4, 40.8, 1.79984
PHY_23, 87.4, 40.8, 1.79984
FILLER_0_11_169, 87.4, 40.8, 1.79984
_329_, 25.99, 40.8, 1.79981
_330_, 25.99, 40.8, 1.79981
_331_, 25.99, 40.8, 1.79981
hold11, 25.99, 40.8, 1.79981
FILLER_0_11_48, 25.99, 40.8, 1.79981
_239_, 46.46, 40.8, 1.79982
_388_, 46.46, 40.8, 1.79982
_482_, 46.46, 40.8, 1.79982
FILLER_0_12_91, 46.46, 40.8, 1.79982
_220_, 66.93, 40.8, 1.79983
_348_, 66.93, 40.8, 1.79983
_349_, 66.93, 40.8, 1.79983
_454_, 66.93, 40.8, 1.79983
FILLER_0_10_131, 66.93, 40.8, 1.79983
FILLER_0_11_126, 66.93, 40.8, 1.79983
_308_, 5.52, 35.36, 1.79979
_310_, 5.52, 35.36, 1.79979
_435_, 5.52, 35.36, 1.79979
PHY_16, 5.52, 35.36, 1.79979
PHY_18, 5.52, 35.36, 1.79979
PHY_17, 87.4, 35.36, 1.79984
PHY_19, 87.4, 35.36, 1.79984
FILLER_0_8_169, 87.4, 35.36, 1.79984
FILLER_0_9_169, 87.4, 35.36, 1.79984
_302_, 25.99, 35.36, 1.7998
_360_, 25.99, 35.36, 1.7998
_361_, 25.99, 35.36, 1.7998
_460_, 25.99, 35.36, 1.7998
hold9, 25.99, 35.36, 1.7998
FILLER_0_8_40, 25.99, 35.36, 1.7998
FILLER_0_9_53, 25.99, 35.36, 1.7998
_236_, 46.46, 35.36, 1.79982
_251_, 46.46, 35.36, 1.79982
hold26, 46.46, 35.36, 1.79982
FILLER_0_9_81, 46.46, 35.36, 1.79982
_424_, 66.93, 35.36, 1.79983
hold28, 66.93, 35.36, 1.79983
FILLER_0_10_141, 66.93, 35.36, 1.79983
_211_, 5.52, 29.92, 1.79979
_436_, 5.52, 29.92, 1.79979
PHY_12, 5.52, 29.92, 1.79979
PHY_14, 5.52, 29.92, 1.79979
input1, 5.52, 29.92, 1.79979
PHY_13, 87.4, 29.92, 1.79983
PHY_15, 87.4, 29.92, 1.79983
FILLER_0_7_169, 87.4, 29.92, 1.79983
_356_, 25.99, 29.92, 1.79979
_357_, 25.99, 29.92, 1.79979
_458_, 25.99, 29.92, 1.79979
FILLER_0_7_38, 25.99, 29.92, 1.79979
_352_, 46.46, 29.92, 1.79979
_353_, 46.46, 29.92, 1.79979
_455_, 46.46, 29.92, 1.79979
_456_, 46.46, 29.92, 1.79979
FILLER_0_8_96, 46.46, 29.92, 1.79979
_269_, 66.93, 29.92, 1.79981
_270_, 66.93, 29.92, 1.79981
hold24, 66.93, 29.92, 1.79981
FILLER_0_6_131, 66.93, 29.92, 1.79981
FILLER_0_7_142, 66.93, 29.92, 1.79981
_437_, 5.52, 24.48, 1.79981
PHY_8, 5.52, 24.48, 1.79981
PHY_10, 5.52, 24.48, 1.79981
FILLER_0_5_3, 5.52, 24.48, 1.79981
PHY_9, 87.4, 24.48, 1.79983
PHY_11, 87.4, 24.48, 1.79983
FILLER_0_5_169, 87.4, 24.48, 1.79983
_344_, 25.99, 24.48, 1.79981
FILLER_0_5_49, 25.99, 24.48, 1.79981
_418_, 46.46, 24.48, 1.7998
clkbuf_3_3__f_clk, 46.46, 24.48, 1.7998
FILLER_0_4_79, 46.46, 24.48, 1.7998
FILLER_0_6_94, 46.46, 24.48, 1.7998
_263_, 66.93, 24.48, 1.79982
_417_, 66.93, 24.48, 1.79982
_484_, 66.93, 24.48, 1.79982
FILLER_0_4_123, 66.93, 24.48, 1.79982
PHY_4, 5.52, 19.04, 1.79982
PHY_6, 5.52, 19.04, 1.79982
FILLER_0_4_3, 5.52, 19.04, 1.79982
PHY_5, 87.4, 19.04, 1.79983
PHY_7, 87.4, 19.04, 1.79983
FILLER_0_3_169, 87.4, 19.04, 1.79983
hold23, 25.99, 19.04, 1.79981
FILLER_0_4_55, 25.99, 19.04, 1.79981
_212_, 46.46, 19.04, 1.7998
_419_, 46.46, 19.04, 1.7998
_422_, 46.46, 19.04, 1.7998
_485_, 46.46, 19.04, 1.7998
hold32, 46.46, 19.04, 1.7998
_264_, 66.93, 19.04, 1.79982
_335_, 66.93, 19.04, 1.79982
_337_, 66.93, 19.04, 1.79982
hold39, 66.93, 19.04, 1.79982
FILLER_0_4_136, 66.93, 19.04, 1.79982
FILLER_0_4_141, 66.93, 19.04, 1.79982
_443_, 5.52, 13.6, 1.7998
PHY_0, 5.52, 13.6, 1.7998
PHY_2, 5.52, 13.6, 1.7998
input10, 5.52, 13.6, 1.7998
input12, 5.52, 13.6, 1.7998
FILLER_0_0_6, 5.52, 13.6, 1.7998
PHY_1, 87.4, 13.6, 1.79982
PHY_3, 87.4, 13.6, 1.79982
input3, 87.4, 13.6, 1.79982
input15, 87.4, 13.6, 1.79982
FILLER_0_0_169, 87.4, 13.6, 1.79982
FILLER_0_1_169, 87.4, 13.6, 1.79982
_318_, 25.99, 13.6, 1.79979
_319_, 25.99, 13.6, 1.79979
_320_, 25.99, 13.6, 1.79979
_321_, 25.99, 13.6, 1.79979
_322_, 25.99, 13.6, 1.79979
_323_, 25.99, 13.6, 1.79979
_325_, 25.99, 13.6, 1.79979
_441_, 25.99, 13.6, 1.79979
_213_, 46.46, 13.6, 1.7998
_214_, 46.46, 13.6, 1.7998
_341_, 46.46, 13.6, 1.7998
_421_, 46.46, 13.6, 1.7998
_486_, 46.46, 13.6, 1.7998
input9, 46.46, 13.6, 1.7998
_261_, 66.93, 13.6, 1.79981
_265_, 66.93, 13.6, 1.79981
_266_, 66.93, 13.6, 1.79981
_448_, 66.93, 13.6, 1.79981
output22, 66.93, 13.6, 1.79981
hold2, 66.93, 13.6, 1.79981

