Instance name,  X location,  Y location,  Voltage 
hold4, 80.465, 92.48, 0.000161747
FILLER_0_29_156, 80.465, 92.48, 0.000161747
_273_, 80.465, 87.04, 0.000170234
_277_, 80.465, 87.04, 0.000170234
input4, 80.465, 87.04, 0.000170234
FILLER_0_28_168, 80.465, 87.04, 0.000170234
_378_, 80.465, 81.6, 0.000184937
hold20, 80.465, 81.6, 0.000184937
FILLER_0_26_164, 80.465, 81.6, 0.000184937
FILLER_0_27_164, 80.465, 81.6, 0.000184937
FILLER_0_27_169, 80.465, 81.6, 0.000184937
_379_, 80.465, 76.16, 0.000173076
_469_, 80.465, 76.16, 0.000173076
FILLER_0_23_161, 80.465, 76.16, 0.000173076
_377_, 80.465, 70.72, 0.00017408
hold30, 80.465, 70.72, 0.00017408
hold33, 80.465, 70.72, 0.00017408
FILLER_0_23_169, 80.465, 70.72, 0.00017408
_376_, 80.465, 65.28, 0.000173618
FILLER_0_21_164, 80.465, 65.28, 0.000173618
FILLER_0_21_169, 80.465, 65.28, 0.000173618
_232_, 80.465, 59.84, 0.000163248
_373_, 80.465, 59.84, 0.000163248
hold14, 80.465, 59.84, 0.000163248
hold35, 80.465, 59.84, 0.000163248
FILLER_0_19_169, 80.465, 59.84, 0.000163248
FILLER_0_15_160, 80.465, 54.4, 0.000151775
FILLER_0_16_165, 80.465, 54.4, 0.000151775
FILLER_0_17_169, 80.465, 54.4, 0.000151775
input17, 80.465, 48.96, 0.000149145
FILLER_0_13_159, 80.465, 48.96, 0.000149145
FILLER_0_15_169, 80.465, 48.96, 0.000149145
hold22, 80.465, 43.52, 0.000133541
FILLER_0_11_162, 80.465, 43.52, 0.000133541
FILLER_0_13_169, 80.465, 43.52, 0.000133541
FILLER_0_10_166, 80.465, 38.08, 0.000130424
FILLER_0_11_169, 80.465, 38.08, 0.000130424
hold31, 80.465, 32.64, 0.000144518
FILLER_0_7_160, 80.465, 32.64, 0.000144518
FILLER_0_8_169, 80.465, 32.64, 0.000144518
FILLER_0_9_169, 80.465, 32.64, 0.000144518
FILLER_0_6_165, 80.465, 27.2, 0.000145879
FILLER_0_7_169, 80.465, 27.2, 0.000145879
hold46, 80.465, 21.76, 0.000141772
FILLER_0_3_161, 80.465, 21.76, 0.000141772
FILLER_0_4_166, 80.465, 21.76, 0.000141772
FILLER_0_5_169, 80.465, 21.76, 0.000141772
FILLER_0_3_169, 80.465, 16.32, 0.000144845
input11, 80.465, 10.88, 0.000140441
FILLER_0_0_160, 80.465, 10.88, 0.000140441
FILLER_0_0_169, 80.465, 10.88, 0.000140441
FILLER_0_1_169, 80.465, 10.88, 0.000140441
_426_, 59.995, 87.04, 0.000178566
FILLER_0_27_113, 59.995, 87.04, 0.000178566
FILLER_0_29_125, 59.995, 87.04, 0.000178566
_221_, 59.995, 81.6, 0.000187726
_279_, 59.995, 81.6, 0.000187726
_280_, 59.995, 81.6, 0.000187726
FILLER_0_27_121, 59.995, 81.6, 0.000187726
_465_, 59.995, 76.16, 0.000173877
FILLER_0_23_113, 59.995, 76.16, 0.000173877
FILLER_0_25_121, 59.995, 76.16, 0.000173877
_217_, 59.995, 70.72, 0.000181236
_233_, 59.995, 70.72, 0.000181236
_370_, 59.995, 70.72, 0.000181236
_371_, 59.995, 70.72, 0.000181236
FILLER_0_21_118, 59.995, 70.72, 0.000181236
FILLER_0_22_128, 59.995, 70.72, 0.000181236
_234_, 59.995, 65.28, 0.000182839
_300_, 59.995, 65.28, 0.000182839
_231_, 59.995, 59.84, 0.000166167
_254_, 59.995, 59.84, 0.000166167
_299_, 59.995, 59.84, 0.000166167
_434_, 59.995, 59.84, 0.000166167
FILLER_0_18_120, 59.995, 59.84, 0.000166167
_375_, 59.995, 54.4, 0.000167761
_414_, 59.995, 54.4, 0.000167761
_467_, 59.995, 54.4, 0.000167761
_483_, 59.995, 54.4, 0.000167761
_224_, 59.995, 48.96, 0.000162968
_387_, 59.995, 48.96, 0.000162968
_416_, 59.995, 48.96, 0.000162968
_219_, 59.995, 43.52, 0.000133531
_223_, 59.995, 43.52, 0.000133531
hold40, 59.995, 43.52, 0.000133531
FILLER_0_11_113, 59.995, 43.52, 0.000133531
_220_, 59.995, 38.08, 0.000130024
_222_, 59.995, 38.08, 0.000130024
FILLER_0_11_126, 59.995, 38.08, 0.000130024
_272_, 59.995, 32.64, 0.000150544
_350_, 59.995, 32.64, 0.000150544
_424_, 59.995, 32.64, 0.000150544
_425_, 59.995, 32.64, 0.000150544
hold28, 59.995, 32.64, 0.000150544
_245_, 59.995, 27.2, 0.000165809
_271_, 59.995, 27.2, 0.000165809
_417_, 59.995, 21.76, 0.000147156
_447_, 59.995, 21.76, 0.000147156
hold36, 59.995, 21.76, 0.000147156
FILLER_0_4_123, 59.995, 21.76, 0.000147156
FILLER_0_5_122, 59.995, 21.76, 0.000147156
_335_, 59.995, 16.32, 0.000152305
_336_, 59.995, 16.32, 0.000152305
_449_, 59.995, 16.32, 0.000152305
FILLER_0_2_114, 59.995, 16.32, 0.000152305
FILLER_0_2_120, 59.995, 16.32, 0.000152305
_339_, 59.995, 10.88, 0.000139587
hold2, 59.995, 10.88, 0.000139587
FILLER_0_0_119, 59.995, 10.88, 0.000139587
input14, 39.525, 92.48, 0.000163101
hold1, 39.525, 92.48, 0.000163101
_294_, 39.525, 87.04, 0.000183773
_384_, 39.525, 87.04, 0.000183773
_472_, 39.525, 87.04, 0.000183773
FILLER_0_29_85, 39.525, 87.04, 0.000183773
_385_, 39.525, 81.6, 0.000178772
FILLER_0_26_81, 39.525, 81.6, 0.000178772
FILLER_0_27_82, 39.525, 81.6, 0.000178772
_246_, 39.525, 76.16, 0.000179555
_396_, 39.525, 76.16, 0.000179555
_398_, 39.525, 76.16, 0.000179555
_400_, 39.525, 76.16, 0.000179555
FILLER_0_24_70, 39.525, 76.16, 0.000179555
_225_, 39.525, 70.72, 0.000177825
_397_, 39.525, 70.72, 0.000177825
_480_, 39.525, 70.72, 0.000177825
FILLER_0_21_63, 39.525, 70.72, 0.000177825
FILLER_0_21_69, 39.525, 70.72, 0.000177825
FILLER_0_22_85, 39.525, 70.72, 0.000177825
FILLER_0_23_77, 39.525, 70.72, 0.000177825
_227_, 39.525, 65.28, 0.000194021
_228_, 39.525, 65.28, 0.000194021
_255_, 39.525, 65.28, 0.000194021
_406_, 39.525, 65.28, 0.000194021
_407_, 39.525, 65.28, 0.000194021
hold7, 39.525, 65.28, 0.000194021
_235_, 39.525, 59.84, 0.000161453
_257_, 39.525, 59.84, 0.000161453
_383_, 39.525, 59.84, 0.000161453
FILLER_0_18_79, 39.525, 59.84, 0.000161453
FILLER_0_18_85, 39.525, 59.84, 0.000161453
FILLER_0_19_77, 39.525, 59.84, 0.000161453
_258_, 39.525, 54.4, 0.000155855
_259_, 39.525, 54.4, 0.000155855
_408_, 39.525, 54.4, 0.000155855
FILLER_0_16_74, 39.525, 54.4, 0.000155855
FILLER_0_17_84, 39.525, 54.4, 0.000155855
_240_, 39.525, 48.96, 0.000169594
_250_, 39.525, 48.96, 0.000169594
_411_, 39.525, 48.96, 0.000169594
clkbuf_0_clk, 39.525, 48.96, 0.000169594
FILLER_0_14_69, 39.525, 48.96, 0.000169594
_253_, 39.525, 43.52, 0.000127006
_412_, 39.525, 43.52, 0.000127006
_413_, 39.525, 43.52, 0.000127006
FILLER_0_11_69, 39.525, 43.52, 0.000127006
FILLER_0_12_71, 39.525, 43.52, 0.000127006
FILLER_0_12_85, 39.525, 43.52, 0.000127006
FILLER_0_13_82, 39.525, 43.52, 0.000127006
_238_, 39.525, 38.08, 0.000128052
_239_, 39.525, 38.08, 0.000128052
_241_, 39.525, 38.08, 0.000128052
_482_, 39.525, 38.08, 0.000128052
_237_, 39.525, 32.64, 0.000140346
hold26, 39.525, 32.64, 0.000140346
hold29, 39.525, 32.64, 0.000140346
FILLER_0_9_81, 39.525, 32.64, 0.000140346
_352_, 39.525, 27.2, 0.000179101
_354_, 39.525, 27.2, 0.000179101
_355_, 39.525, 27.2, 0.000179101
_456_, 39.525, 27.2, 0.000179101
clkbuf_3_0__f_clk, 39.525, 27.2, 0.000179101
_342_, 39.525, 21.76, 0.000142169
_343_, 39.525, 21.76, 0.000142169
FILLER_0_4_79, 39.525, 21.76, 0.000142169
_212_, 39.525, 16.32, 0.000152373
_340_, 39.525, 16.32, 0.000152373
_419_, 39.525, 16.32, 0.000152373
_450_, 39.525, 16.32, 0.000152373
hold19, 39.525, 16.32, 0.000152373
hold32, 39.525, 16.32, 0.000152373
FILLER_0_1_66, 39.525, 16.32, 0.000152373
_341_, 39.525, 10.88, 0.000137194
hold43, 39.525, 10.88, 0.000137194
FILLER_0_0_73, 39.525, 10.88, 0.000137194
FILLER_0_29_24, 19.055, 92.48, 0.000163246
FILLER_0_29_29, 19.055, 92.48, 0.000163246
_291_, 19.055, 87.04, 0.000188582
_429_, 19.055, 87.04, 0.000188582
input5, 19.055, 87.04, 0.000188582
FILLER_0_27_27, 19.055, 87.04, 0.000188582
_290_, 19.055, 81.6, 0.000175492
_293_, 19.055, 81.6, 0.000175492
_430_, 19.055, 81.6, 0.000175492
FILLER_0_26_15, 19.055, 81.6, 0.000175492
_292_, 19.055, 76.16, 0.000190737
_380_, 19.055, 76.16, 0.000190737
hold13, 19.055, 76.16, 0.000190737
FILLER_0_23_24, 19.055, 76.16, 0.000190737
FILLER_0_24_25, 19.055, 76.16, 0.000190737
FILLER_0_24_37, 19.055, 76.16, 0.000190737
_368_, 19.055, 70.72, 0.000175589
_369_, 19.055, 70.72, 0.000175589
_464_, 19.055, 70.72, 0.000175589
hold12, 19.055, 70.72, 0.000175589
FILLER_0_22_15, 19.055, 70.72, 0.000175589
_314_, 19.055, 65.28, 0.000201422
_316_, 19.055, 65.28, 0.000201422
_317_, 19.055, 65.28, 0.000201422
clkbuf_3_4__f_clk, 19.055, 65.28, 0.000201422
FILLER_0_20_21, 19.055, 65.28, 0.000201422
FILLER_0_20_38, 19.055, 65.28, 0.000201422
_315_, 19.055, 59.84, 0.000166625
_439_, 19.055, 59.84, 0.000166625
_463_, 19.055, 59.84, 0.000166625
_363_, 19.055, 54.4, 0.000151018
_461_, 19.055, 54.4, 0.000151018
FILLER_0_15_15, 19.055, 54.4, 0.000151018
FILLER_0_16_15, 19.055, 54.4, 0.000151018
_333_, 19.055, 48.96, 0.000145742
_334_, 19.055, 48.96, 0.000145742
_362_, 19.055, 48.96, 0.000145742
hold17, 19.055, 48.96, 0.000145742
FILLER_0_13_19, 19.055, 48.96, 0.000145742
_444_, 19.055, 43.52, 0.000144192
clkbuf_3_1__f_clk, 19.055, 43.52, 0.000144192
hold10, 19.055, 43.52, 0.000144192
FILLER_0_13_40, 19.055, 43.52, 0.000144192
_309_, 19.055, 38.08, 0.000134517
_329_, 19.055, 38.08, 0.000134517
_330_, 19.055, 38.08, 0.000134517
_331_, 19.055, 38.08, 0.000134517
_332_, 19.055, 38.08, 0.000134517
hold38, 19.055, 38.08, 0.000134517
_302_, 19.055, 32.64, 0.000149456
_303_, 19.055, 32.64, 0.000149456
_306_, 19.055, 32.64, 0.000149456
_445_, 19.055, 32.64, 0.000149456
hold45, 19.055, 32.64, 0.000149456
FILLER_0_8_40, 19.055, 32.64, 0.000149456
_301_, 19.055, 27.2, 0.000155959
_304_, 19.055, 27.2, 0.000155959
_305_, 19.055, 27.2, 0.000155959
_452_, 19.055, 27.2, 0.000155959
FILLER_0_5_26, 19.055, 27.2, 0.000155959
FILLER_0_6_15, 19.055, 27.2, 0.000155959
FILLER_0_6_32, 19.055, 27.2, 0.000155959
FILLER_0_7_38, 19.055, 27.2, 0.000155959
_344_, 19.055, 21.76, 0.00014166
_345_, 19.055, 21.76, 0.00014166
hold5, 19.055, 21.76, 0.00014166
FILLER_0_3_27, 19.055, 21.76, 0.00014166
FILLER_0_4_19, 19.055, 21.76, 0.00014166
_326_, 19.055, 16.32, 0.000147315
_327_, 19.055, 16.32, 0.000147315
_442_, 19.055, 16.32, 0.000147315
hold3, 19.055, 16.32, 0.000147315
FILLER_0_2_15, 19.055, 16.32, 0.000147315
_318_, 19.055, 10.88, 0.000141162
_321_, 19.055, 10.88, 0.000141162
_323_, 19.055, 10.88, 0.000141162
input13, 19.055, 10.88, 0.000141162
FILLER_0_0_23, 19.055, 10.88, 0.000141162
FILLER_0_0_29, 19.055, 10.88, 0.000141162
PHY_58, 5.52, 92.48, 0.000163246
PHY_59, 87.4, 92.48, 0.000162002
input7, 87.4, 92.48, 0.000162002
hold41, 29.29, 92.48, 0.00016477
FILLER_0_29_51, 29.29, 92.48, 0.00016477
hold37, 49.76, 92.48, 0.000164593
input2, 70.23, 92.48, 0.000162379
FILLER_0_29_133, 70.23, 92.48, 0.000162379
_471_, 5.52, 87.04, 0.000209667
PHY_54, 5.52, 87.04, 0.000209667
PHY_56, 5.52, 87.04, 0.000209667
input8, 5.52, 87.04, 0.000209667
output24, 5.52, 87.04, 0.000209667
PHY_55, 87.4, 87.04, 0.000170234
PHY_57, 87.4, 87.04, 0.000170234
_284_, 29.29, 87.04, 0.00019131
_285_, 29.29, 87.04, 0.00019131
_286_, 29.29, 87.04, 0.00019131
_287_, 29.29, 87.04, 0.00019131
_288_, 29.29, 87.04, 0.00019131
_431_, 29.29, 87.04, 0.00019131
_476_, 49.76, 87.04, 0.000188493
output21, 49.76, 87.04, 0.000188493
FILLER_0_29_100, 49.76, 87.04, 0.000188493
FILLER_0_29_107, 49.76, 87.04, 0.000188493
_275_, 70.23, 87.04, 0.000178698
_283_, 70.23, 87.04, 0.000178698
_428_, 70.23, 87.04, 0.000178698
hold42, 70.23, 87.04, 0.000178698
FILLER_0_28_137, 70.23, 87.04, 0.000178698
FILLER_0_28_141, 70.23, 87.04, 0.000178698
PHY_50, 5.52, 81.6, 0.000175492
PHY_52, 5.52, 81.6, 0.000175492
PHY_51, 87.4, 81.6, 0.000189942
PHY_53, 87.4, 81.6, 0.000189942
output19, 87.4, 81.6, 0.000189942
_289_, 29.29, 81.6, 0.000180673
_313_, 29.29, 81.6, 0.000180673
hold44, 29.29, 81.6, 0.000180673
FILLER_0_25_48, 29.29, 81.6, 0.000180673
FILLER_0_27_52, 29.29, 81.6, 0.000180673
_218_, 49.76, 81.6, 0.000195591
_399_, 49.76, 81.6, 0.000195591
_402_, 49.76, 81.6, 0.000195591
_477_, 49.76, 81.6, 0.000195591
_274_, 70.23, 81.6, 0.000193616
_276_, 70.23, 81.6, 0.000193616
_278_, 70.23, 81.6, 0.000193616
_282_, 70.23, 81.6, 0.000193616
_427_, 70.23, 81.6, 0.000193616
FILLER_0_26_130, 70.23, 81.6, 0.000193616
FILLER_0_27_141, 70.23, 81.6, 0.000193616
_470_, 5.52, 76.16, 0.000215651
PHY_46, 5.52, 76.16, 0.000215651
PHY_48, 5.52, 76.16, 0.000215651
output20, 5.52, 76.16, 0.000215651
hold15, 5.52, 76.16, 0.000215651
FILLER_0_25_9, 5.52, 76.16, 0.000215651
PHY_47, 87.4, 76.16, 0.000173076
PHY_49, 87.4, 76.16, 0.000173076
_312_, 29.29, 76.16, 0.000195001
_364_, 29.29, 76.16, 0.000195001
_365_, 29.29, 76.16, 0.000195001
_438_, 29.29, 76.16, 0.000195001
_462_, 29.29, 76.16, 0.000195001
_401_, 49.76, 76.16, 0.00017904
_403_, 49.76, 76.16, 0.00017904
FILLER_0_24_105, 49.76, 76.16, 0.00017904
FILLER_0_25_106, 49.76, 76.16, 0.00017904
_281_, 70.23, 76.16, 0.000177484
hold34, 70.23, 76.16, 0.000177484
hold47, 70.23, 76.16, 0.000177484
FILLER_0_24_133, 70.23, 76.16, 0.000177484
_381_, 5.52, 70.72, 0.000180117
PHY_42, 5.52, 70.72, 0.000180117
PHY_44, 5.52, 70.72, 0.000180117
FILLER_0_23_3, 5.52, 70.72, 0.000180117
PHY_43, 87.4, 70.72, 0.00017408
PHY_45, 87.4, 70.72, 0.00017408
_226_, 29.29, 70.72, 0.000180856
_366_, 29.29, 70.72, 0.000180856
hold16, 29.29, 70.72, 0.000180856
FILLER_0_21_51, 29.29, 70.72, 0.000180856
FILLER_0_22_56, 29.29, 70.72, 0.000180856
_392_, 49.76, 70.72, 0.000192717
_393_, 49.76, 70.72, 0.000192717
_394_, 49.76, 70.72, 0.000192717
_395_, 49.76, 70.72, 0.000192717
_475_, 49.76, 70.72, 0.000192717
FILLER_0_21_86, 49.76, 70.72, 0.000192717
FILLER_0_21_95, 49.76, 70.72, 0.000192717
FILLER_0_23_102, 49.76, 70.72, 0.000192717
_295_, 70.23, 70.72, 0.000182503
_296_, 70.23, 70.72, 0.000182503
_432_, 70.23, 70.72, 0.000182503
FILLER_0_22_150, 70.23, 70.72, 0.000182503
_440_, 5.52, 65.28, 0.000221578
PHY_38, 5.52, 65.28, 0.000221578
PHY_40, 5.52, 65.28, 0.000221578
output23, 5.52, 65.28, 0.000221578
FILLER_0_20_9, 5.52, 65.28, 0.000221578
FILLER_0_21_3, 5.52, 65.28, 0.000221578
PHY_39, 87.4, 65.28, 0.000178616
PHY_41, 87.4, 65.28, 0.000178616
output18, 87.4, 65.28, 0.000178616
_229_, 29.29, 65.28, 0.000211425
clkbuf_3_5__f_clk, 29.29, 65.28, 0.000211425
_256_, 49.76, 65.28, 0.000212055
_404_, 49.76, 65.28, 0.000212055
_405_, 49.76, 65.28, 0.000212055
_479_, 49.76, 65.28, 0.000212055
clkbuf_3_7__f_clk, 49.76, 65.28, 0.000212055
hold6, 49.76, 65.28, 0.000212055
FILLER_0_20_89, 49.76, 65.28, 0.000212055
_297_, 70.23, 65.28, 0.000184355
_433_, 70.23, 65.28, 0.000184355
hold25, 70.23, 65.28, 0.000184355
FILLER_0_20_133, 70.23, 65.28, 0.000184355
FILLER_0_21_150, 70.23, 65.28, 0.000184355
_474_, 5.52, 59.84, 0.000180042
PHY_34, 5.52, 59.84, 0.000180042
PHY_36, 5.52, 59.84, 0.000180042
hold18, 5.52, 59.84, 0.000180042
FILLER_0_19_3, 5.52, 59.84, 0.000180042
PHY_35, 87.4, 59.84, 0.000163248
PHY_37, 87.4, 59.84, 0.000163248
_230_, 29.29, 59.84, 0.000168883
_367_, 29.29, 59.84, 0.000168883
hold27, 29.29, 59.84, 0.000168883
FILLER_0_18_60, 29.29, 59.84, 0.000168883
FILLER_0_19_57, 29.29, 59.84, 0.000168883
_247_, 49.76, 59.84, 0.000171982
_260_, 49.76, 59.84, 0.000171982
_478_, 49.76, 59.84, 0.000171982
_298_, 70.23, 59.84, 0.000170277
_374_, 70.23, 59.84, 0.000170277
_468_, 70.23, 59.84, 0.000170277
_389_, 5.52, 54.4, 0.000158459
_390_, 5.52, 54.4, 0.000158459
PHY_30, 5.52, 54.4, 0.000158459
PHY_32, 5.52, 54.4, 0.000158459
FILLER_0_17_3, 5.52, 54.4, 0.000158459
PHY_31, 87.4, 54.4, 0.000151775
PHY_33, 87.4, 54.4, 0.000151775
_242_, 29.29, 54.4, 0.000159794
_410_, 29.29, 54.4, 0.000159794
_481_, 29.29, 54.4, 0.000159794
FILLER_0_16_41, 29.29, 54.4, 0.000159794
_248_, 49.76, 54.4, 0.000185589
_391_, 49.76, 54.4, 0.000185589
_216_, 70.23, 54.4, 0.000165679
_372_, 70.23, 54.4, 0.000165679
_466_, 70.23, 54.4, 0.000165679
FILLER_0_16_136, 70.23, 54.4, 0.000165679
FILLER_0_16_141, 70.23, 54.4, 0.000165679
_446_, 5.52, 48.96, 0.000155014
PHY_26, 5.52, 48.96, 0.000155014
PHY_28, 5.52, 48.96, 0.000155014
input6, 5.52, 48.96, 0.000155014
PHY_27, 87.4, 48.96, 0.000149145
PHY_29, 87.4, 48.96, 0.000149145
_358_, 29.29, 48.96, 0.00015996
_409_, 29.29, 48.96, 0.00015996
FILLER_0_14_62, 29.29, 48.96, 0.00015996
FILLER_0_15_62, 29.29, 48.96, 0.00015996
_244_, 49.76, 48.96, 0.000192625
_249_, 49.76, 48.96, 0.000192625
_252_, 49.76, 48.96, 0.000192625
_382_, 49.76, 48.96, 0.000192625
_386_, 49.76, 48.96, 0.000192625
_415_, 49.76, 48.96, 0.000192625
max_cap25, 49.76, 48.96, 0.000192625
clkbuf_3_6__f_clk, 49.76, 48.96, 0.000192625
_215_, 70.23, 48.96, 0.00016139
_347_, 70.23, 48.96, 0.00016139
_453_, 70.23, 48.96, 0.00016139
FILLER_0_13_130, 70.23, 48.96, 0.00016139
FILLER_0_14_134, 70.23, 48.96, 0.00016139
PHY_22, 5.52, 43.52, 0.000144192
PHY_24, 5.52, 43.52, 0.000144192
PHY_23, 87.4, 43.52, 0.000133541
PHY_25, 87.4, 43.52, 0.000133541
_243_, 29.29, 43.52, 0.000146001
_359_, 29.29, 43.52, 0.000146001
_459_, 29.29, 43.52, 0.000146001
hold11, 29.29, 43.52, 0.000146001
FILLER_0_11_48, 29.29, 43.52, 0.000146001
_388_, 49.76, 43.52, 0.000137484
_473_, 49.76, 43.52, 0.000137484
wire26, 49.76, 43.52, 0.000137484
FILLER_0_12_91, 49.76, 43.52, 0.000137484
_348_, 70.23, 43.52, 0.000138979
_349_, 70.23, 43.52, 0.000138979
_454_, 70.23, 43.52, 0.000138979
_435_, 5.52, 38.08, 0.000144502
PHY_18, 5.52, 38.08, 0.000144502
PHY_20, 5.52, 38.08, 0.000144502
PHY_19, 87.4, 38.08, 0.000130424
PHY_21, 87.4, 38.08, 0.000130424
_360_, 29.29, 38.08, 0.000134605
_361_, 29.29, 38.08, 0.000134605
hold9, 29.29, 38.08, 0.000134605
_236_, 49.76, 38.08, 0.000132002
_251_, 49.76, 38.08, 0.000132002
FILLER_0_10_102, 49.76, 38.08, 0.000132002
_346_, 70.23, 38.08, 0.000133052
hold21, 70.23, 38.08, 0.000133052
FILLER_0_10_131, 70.23, 38.08, 0.000133052
FILLER_0_10_141, 70.23, 38.08, 0.000133052
_307_, 5.52, 32.64, 0.000165043
_308_, 5.52, 32.64, 0.000165043
_310_, 5.52, 32.64, 0.000165043
_436_, 5.52, 32.64, 0.000165043
PHY_14, 5.52, 32.64, 0.000165043
PHY_16, 5.52, 32.64, 0.000165043
PHY_15, 87.4, 32.64, 0.000144518
PHY_17, 87.4, 32.64, 0.000144518
_356_, 29.29, 32.64, 0.000151395
_460_, 29.29, 32.64, 0.000151395
hold8, 29.29, 32.64, 0.000151395
FILLER_0_9_53, 29.29, 32.64, 0.000151395
_353_, 49.76, 32.64, 0.00014993
_455_, 49.76, 32.64, 0.00014993
FILLER_0_8_96, 49.76, 32.64, 0.00014993
FILLER_0_9_105, 49.76, 32.64, 0.00014993
_267_, 70.23, 32.64, 0.000155247
_269_, 70.23, 32.64, 0.000155247
_270_, 70.23, 32.64, 0.000155247
_423_, 70.23, 32.64, 0.000155247
hold24, 70.23, 32.64, 0.000155247
_211_, 5.52, 27.2, 0.000158097
PHY_10, 5.52, 27.2, 0.000158097
PHY_12, 5.52, 27.2, 0.000158097
input1, 5.52, 27.2, 0.000158097
FILLER_0_7_12, 5.52, 27.2, 0.000158097
PHY_11, 87.4, 27.2, 0.000145879
PHY_13, 87.4, 27.2, 0.000145879
_357_, 29.29, 27.2, 0.000175709
_457_, 29.29, 27.2, 0.000175709
_458_, 29.29, 27.2, 0.000175709
FILLER_0_5_49, 29.29, 27.2, 0.000175709
FILLER_0_7_57, 29.29, 27.2, 0.000175709
_351_, 49.76, 27.2, 0.000200049
clkbuf_3_2__f_clk, 49.76, 27.2, 0.000200049
clkbuf_3_3__f_clk, 49.76, 27.2, 0.000200049
FILLER_0_6_94, 49.76, 27.2, 0.000200049
FILLER_0_7_101, 49.76, 27.2, 0.000200049
_268_, 70.23, 27.2, 0.000159952
_484_, 70.23, 27.2, 0.000159952
FILLER_0_6_131, 70.23, 27.2, 0.000159952
FILLER_0_7_142, 70.23, 27.2, 0.000159952
_311_, 5.52, 21.76, 0.000147714
_437_, 5.52, 21.76, 0.000147714
PHY_6, 5.52, 21.76, 0.000147714
PHY_8, 5.52, 21.76, 0.000147714
FILLER_0_4_3, 5.52, 21.76, 0.000147714
FILLER_0_5_3, 5.52, 21.76, 0.000147714
PHY_7, 87.4, 21.76, 0.000141772
PHY_9, 87.4, 21.76, 0.000141772
_451_, 29.29, 21.76, 0.000147048
hold23, 29.29, 21.76, 0.000147048
FILLER_0_4_55, 29.29, 21.76, 0.000147048
FILLER_0_5_57, 29.29, 21.76, 0.000147048
_418_, 49.76, 21.76, 0.000153091
_422_, 49.76, 21.76, 0.000153091
_485_, 49.76, 21.76, 0.000153091
_262_, 70.23, 21.76, 0.000147416
_263_, 70.23, 21.76, 0.000147416
hold39, 70.23, 21.76, 0.000147416
FILLER_0_4_136, 70.23, 21.76, 0.000147416
FILLER_0_4_141, 70.23, 21.76, 0.000147416
PHY_2, 5.52, 16.32, 0.000147315
PHY_4, 5.52, 16.32, 0.000147315
PHY_3, 87.4, 16.32, 0.000145025
PHY_5, 87.4, 16.32, 0.000145025
input15, 87.4, 16.32, 0.000145025
_322_, 29.29, 16.32, 0.000154205
_441_, 29.29, 16.32, 0.000154205
FILLER_0_3_57, 29.29, 16.32, 0.000154205
_213_, 49.76, 16.32, 0.000160299
_214_, 49.76, 16.32, 0.000160299
_420_, 49.76, 16.32, 0.000160299
_421_, 49.76, 16.32, 0.000160299
_486_, 49.76, 16.32, 0.000160299
FILLER_0_2_106, 49.76, 16.32, 0.000160299
_264_, 70.23, 16.32, 0.000155365
_266_, 70.23, 16.32, 0.000155365
_337_, 70.23, 16.32, 0.000155365
_448_, 70.23, 16.32, 0.000155365
_328_, 5.52, 10.88, 0.000147986
_443_, 5.52, 10.88, 0.000147986
PHY_0, 5.52, 10.88, 0.000147986
input10, 5.52, 10.88, 0.000147986
input12, 5.52, 10.88, 0.000147986
FILLER_0_0_6, 5.52, 10.88, 0.000147986
PHY_1, 87.4, 10.88, 0.000140715
input3, 87.4, 10.88, 0.000140715
_319_, 29.29, 10.88, 0.000142298
_320_, 29.29, 10.88, 0.000142298
_324_, 29.29, 10.88, 0.000142298
_325_, 29.29, 10.88, 0.000142298
input16, 29.29, 10.88, 0.000142298
FILLER_0_0_60, 29.29, 10.88, 0.000142298
input9, 49.76, 10.88, 0.000138568
FILLER_0_0_102, 49.76, 10.88, 0.000138568
_261_, 70.23, 10.88, 0.000145642
_265_, 70.23, 10.88, 0.000145642
_338_, 70.23, 10.88, 0.000145642
output22, 70.23, 10.88, 0.000145642

