Startpoint: rst_n (input port clocked by clk)
Endpoint: _475_ (recovery check against rising-edge clock clk)
Path Group: asynchronous
Path Type: max

    Delay      Time   Description
-------------------------------------------------------------
   0.0000    0.0000   clock clk (rise edge)
   0.0000    0.0000   clock network delay (propagated)
   5.0000    5.0000 ^ input external delay
   0.0272    5.0272 ^ rst_n (in)
   0.2256    5.2528 ^ input17/X (sky130_fd_sc_hd__buf_12)
   0.0529    5.3057 ^ _475_/RESET_B (sky130_fd_sc_hd__dfrtp_4)
             5.3057   data arrival time

  25.0000   25.0000   clock clk (rise edge)
   0.2655   25.2655   clock network delay (propagated)
  -0.2500   25.0155   clock uncertainty
   0.0000   25.0155   clock reconvergence pessimism
            25.0155 ^ _475_/CLK (sky130_fd_sc_hd__dfrtp_4)
   0.0498   25.0652   library recovery time
            25.0652   data required time
-------------------------------------------------------------
            25.0652   data required time
            -5.3057   data arrival time
-------------------------------------------------------------
            19.7595   slack (MET)


Startpoint: rst_n (input port clocked by clk)
Endpoint: _483_ (recovery check against rising-edge clock clk)
Path Group: asynchronous
Path Type: max

    Delay      Time   Description
-------------------------------------------------------------
   0.0000    0.0000   clock clk (rise edge)
   0.0000    0.0000   clock network delay (propagated)
   5.0000    5.0000 ^ input external delay
   0.0272    5.0272 ^ rst_n (in)
   0.2256    5.2528 ^ input17/X (sky130_fd_sc_hd__buf_12)
   0.0531    5.3059 ^ _483_/RESET_B (sky130_fd_sc_hd__dfrtp_1)
             5.3059   data arrival time

  25.0000   25.0000   clock clk (rise edge)
   0.2655   25.2655   clock network delay (propagated)
  -0.2500   25.0155   clock uncertainty
   0.0000   25.0155   clock reconvergence pessimism
            25.0155 ^ _483_/CLK (sky130_fd_sc_hd__dfrtp_1)
   0.0955   25.1110   library recovery time
            25.1110   data required time
-------------------------------------------------------------
            25.1110   data required time
            -5.3059   data arrival time
-------------------------------------------------------------
            19.8051   slack (MET)


Startpoint: rst_n (input port clocked by clk)
Endpoint: _469_ (recovery check against rising-edge clock clk)
Path Group: asynchronous
Path Type: max

    Delay      Time   Description
-------------------------------------------------------------
   0.0000    0.0000   clock clk (rise edge)
   0.0000    0.0000   clock network delay (propagated)
   5.0000    5.0000 ^ input external delay
   0.0272    5.0272 ^ rst_n (in)
   0.2256    5.2528 ^ input17/X (sky130_fd_sc_hd__buf_12)
   0.0528    5.3056 ^ _469_/RESET_B (sky130_fd_sc_hd__dfrtp_1)
             5.3056   data arrival time

  25.0000   25.0000   clock clk (rise edge)
   0.2656   25.2656   clock network delay (propagated)
  -0.2500   25.0156   clock uncertainty
   0.0000   25.0156   clock reconvergence pessimism
            25.0156 ^ _469_/CLK (sky130_fd_sc_hd__dfrtp_1)
   0.0956   25.1112   library recovery time
            25.1112   data required time
-------------------------------------------------------------
            25.1112   data required time
            -5.3056   data arrival time
-------------------------------------------------------------
            19.8056   slack (MET)


Startpoint: rst_n (input port clocked by clk)
Endpoint: _470_ (recovery check against rising-edge clock clk)
Path Group: asynchronous
Path Type: max

    Delay      Time   Description
-------------------------------------------------------------
   0.0000    0.0000   clock clk (rise edge)
   0.0000    0.0000   clock network delay (propagated)
   5.0000    5.0000 ^ input external delay
   0.0272    5.0272 ^ rst_n (in)
   0.2256    5.2528 ^ input17/X (sky130_fd_sc_hd__buf_12)
   0.0528    5.3057 ^ _470_/RESET_B (sky130_fd_sc_hd__dfrtp_1)
             5.3057   data arrival time

  25.0000   25.0000   clock clk (rise edge)
   0.2657   25.2657   clock network delay (propagated)
  -0.2500   25.0157   clock uncertainty
   0.0000   25.0157   clock reconvergence pessimism
            25.0157 ^ _470_/CLK (sky130_fd_sc_hd__dfrtp_1)
   0.0956   25.1112   library recovery time
            25.1112   data required time
-------------------------------------------------------------
            25.1112   data required time
            -5.3057   data arrival time
-------------------------------------------------------------
            19.8056   slack (MET)


Startpoint: rst_n (input port clocked by clk)
Endpoint: _471_ (recovery check against rising-edge clock clk)
Path Group: asynchronous
Path Type: max

    Delay      Time   Description
-------------------------------------------------------------
   0.0000    0.0000   clock clk (rise edge)
   0.0000    0.0000   clock network delay (propagated)
   5.0000    5.0000 ^ input external delay
   0.0272    5.0272 ^ rst_n (in)
   0.2256    5.2528 ^ input17/X (sky130_fd_sc_hd__buf_12)
   0.0528    5.3057 ^ _471_/RESET_B (sky130_fd_sc_hd__dfrtp_1)
             5.3057   data arrival time

  25.0000   25.0000   clock clk (rise edge)
   0.2657   25.2657   clock network delay (propagated)
  -0.2500   25.0157   clock uncertainty
   0.0000   25.0157   clock reconvergence pessimism
            25.0157 ^ _471_/CLK (sky130_fd_sc_hd__dfrtp_1)
   0.0956   25.1112   library recovery time
            25.1112   data required time
-------------------------------------------------------------
            25.1112   data required time
            -5.3057   data arrival time
-------------------------------------------------------------
            19.8056   slack (MET)


Startpoint: rst_n (input port clocked by clk)
Endpoint: _476_ (recovery check against rising-edge clock clk)
Path Group: asynchronous
Path Type: max

    Delay      Time   Description
-------------------------------------------------------------
   0.0000    0.0000   clock clk (rise edge)
   0.0000    0.0000   clock network delay (propagated)
   5.0000    5.0000 ^ input external delay
   0.0272    5.0272 ^ rst_n (in)
   0.2256    5.2528 ^ input17/X (sky130_fd_sc_hd__buf_12)
   0.0525    5.3053 ^ _476_/RESET_B (sky130_fd_sc_hd__dfrtp_1)
             5.3053   data arrival time

  25.0000   25.0000   clock clk (rise edge)
   0.2656   25.2656   clock network delay (propagated)
  -0.2500   25.0156   clock uncertainty
   0.0000   25.0156   clock reconvergence pessimism
            25.0156 ^ _476_/CLK (sky130_fd_sc_hd__dfrtp_1)
   0.0956   25.1112   library recovery time
            25.1112   data required time
-------------------------------------------------------------
            25.1112   data required time
            -5.3053   data arrival time
-------------------------------------------------------------
            19.8058   slack (MET)


Startpoint: rst_n (input port clocked by clk)
Endpoint: _472_ (recovery check against rising-edge clock clk)
Path Group: asynchronous
Path Type: max

    Delay      Time   Description
-------------------------------------------------------------
   0.0000    0.0000   clock clk (rise edge)
   0.0000    0.0000   clock network delay (propagated)
   5.0000    5.0000 ^ input external delay
   0.0272    5.0272 ^ rst_n (in)
   0.2256    5.2528 ^ input17/X (sky130_fd_sc_hd__buf_12)
   0.0535    5.3063 ^ _472_/RESET_B (sky130_fd_sc_hd__dfrtp_1)
             5.3063   data arrival time

  25.0000   25.0000   clock clk (rise edge)
   0.2667   25.2667   clock network delay (propagated)
  -0.2500   25.0167   clock uncertainty
   0.0000   25.0167   clock reconvergence pessimism
            25.0167 ^ _472_/CLK (sky130_fd_sc_hd__dfrtp_1)
   0.0957   25.1124   library recovery time
            25.1124   data required time
-------------------------------------------------------------
            25.1124   data required time
            -5.3063   data arrival time
-------------------------------------------------------------
            19.8061   slack (MET)


Startpoint: rst_n (input port clocked by clk)
Endpoint: _473_ (recovery check against rising-edge clock clk)
Path Group: asynchronous
Path Type: max

    Delay      Time   Description
-------------------------------------------------------------
   0.0000    0.0000   clock clk (rise edge)
   0.0000    0.0000   clock network delay (propagated)
   5.0000    5.0000 ^ input external delay
   0.0272    5.0272 ^ rst_n (in)
   0.2256    5.2528 ^ input17/X (sky130_fd_sc_hd__buf_12)
   0.0534    5.3063 ^ _473_/RESET_B (sky130_fd_sc_hd__dfrtp_1)
             5.3063   data arrival time

  25.0000   25.0000   clock clk (rise edge)
   0.2668   25.2668   clock network delay (propagated)
  -0.2500   25.0168   clock uncertainty
   0.0000   25.0168   clock reconvergence pessimism
            25.0168 ^ _473_/CLK (sky130_fd_sc_hd__dfrtp_1)
   0.0957   25.1125   library recovery time
            25.1125   data required time
-------------------------------------------------------------
            25.1125   data required time
            -5.3063   data arrival time
-------------------------------------------------------------
            19.8062   slack (MET)


Startpoint: rst_n (input port clocked by clk)
Endpoint: _474_ (recovery check against rising-edge clock clk)
Path Group: asynchronous
Path Type: max

    Delay      Time   Description
-------------------------------------------------------------
   0.0000    0.0000   clock clk (rise edge)
   0.0000    0.0000   clock network delay (propagated)
   5.0000    5.0000 ^ input external delay
   0.0272    5.0272 ^ rst_n (in)
   0.2256    5.2528 ^ input17/X (sky130_fd_sc_hd__buf_12)
   0.0534    5.3062 ^ _474_/RESET_B (sky130_fd_sc_hd__dfrtp_1)
             5.3062   data arrival time

  25.0000   25.0000   clock clk (rise edge)
   0.2669   25.2669   clock network delay (propagated)
  -0.2500   25.0169   clock uncertainty
   0.0000   25.0169   clock reconvergence pessimism
            25.0169 ^ _474_/CLK (sky130_fd_sc_hd__dfrtp_1)
   0.0957   25.1126   library recovery time
            25.1126   data required time
-------------------------------------------------------------
            25.1126   data required time
            -5.3062   data arrival time
-------------------------------------------------------------
            19.8064   slack (MET)


Startpoint: rst_n (input port clocked by clk)
Endpoint: _468_ (recovery check against rising-edge clock clk)
Path Group: asynchronous
Path Type: max

    Delay      Time   Description
-------------------------------------------------------------
   0.0000    0.0000   clock clk (rise edge)
   0.0000    0.0000   clock network delay (propagated)
   5.0000    5.0000 ^ input external delay
   0.0272    5.0272 ^ rst_n (in)
   0.2256    5.2528 ^ input17/X (sky130_fd_sc_hd__buf_12)
   0.0533    5.3061 ^ _468_/RESET_B (sky130_fd_sc_hd__dfrtp_1)
             5.3061   data arrival time

  25.0000   25.0000   clock clk (rise edge)
   0.2670   25.2670   clock network delay (propagated)
  -0.2500   25.0170   clock uncertainty
   0.0000   25.0170   clock reconvergence pessimism
            25.0170 ^ _468_/CLK (sky130_fd_sc_hd__dfrtp_1)
   0.0957   25.1128   library recovery time
            25.1128   data required time
-------------------------------------------------------------
            25.1128   data required time
            -5.3061   data arrival time
-------------------------------------------------------------
            19.8066   slack (MET)


Startpoint: _472_ (rising edge-triggered flip-flop clocked by clk)
Endpoint: o_index[0] (output port clocked by clk)
Path Group: clk
Path Type: max

    Delay      Time   Description
-------------------------------------------------------------
   0.0000    0.0000   clock clk (rise edge)
   0.2948    0.2948   clock network delay (propagated)
   0.0000    0.2948 ^ _472_/CLK (sky130_fd_sc_hd__dfrtp_1)
   0.2467    0.5414 v _472_/Q (sky130_fd_sc_hd__dfrtp_1)
   0.1328    0.6742 v output21/X (sky130_fd_sc_hd__clkbuf_4)
   0.0008    0.6750 v o_index[0] (out)
             0.6750   data arrival time

  25.0000   25.0000   clock clk (rise edge)
   0.0000   25.0000   clock network delay (propagated)
  -0.2500   24.7500   clock uncertainty
   0.0000   24.7500   clock reconvergence pessimism
  -5.0000   19.7500   output external delay
            19.7500   data required time
-------------------------------------------------------------
            19.7500   data required time
            -0.6750   data arrival time
-------------------------------------------------------------
            19.0750   slack (MET)


Startpoint: _474_ (rising edge-triggered flip-flop clocked by clk)
Endpoint: o_index[2] (output port clocked by clk)
Path Group: clk
Path Type: max

    Delay      Time   Description
-------------------------------------------------------------
   0.0000    0.0000   clock clk (rise edge)
   0.2950    0.2950   clock network delay (propagated)
   0.0000    0.2950 ^ _474_/CLK (sky130_fd_sc_hd__dfrtp_1)
   0.2428    0.5378 v _474_/Q (sky130_fd_sc_hd__dfrtp_1)
   0.1317    0.6695 v output23/X (sky130_fd_sc_hd__clkbuf_4)
   0.0007    0.6703 v o_index[2] (out)
             0.6703   data arrival time

  25.0000   25.0000   clock clk (rise edge)
   0.0000   25.0000   clock network delay (propagated)
  -0.2500   24.7500   clock uncertainty
   0.0000   24.7500   clock reconvergence pessimism
  -5.0000   19.7500   output external delay
            19.7500   data required time
-------------------------------------------------------------
            19.7500   data required time
            -0.6703   data arrival time
-------------------------------------------------------------
            19.0797   slack (MET)


Startpoint: _468_ (rising edge-triggered flip-flop clocked by clk)
Endpoint: o_bucket[0] (output port clocked by clk)
Path Group: clk
Path Type: max

    Delay      Time   Description
-------------------------------------------------------------
   0.0000    0.0000   clock clk (rise edge)
   0.2951    0.2951   clock network delay (propagated)
   0.0000    0.2951 ^ _468_/CLK (sky130_fd_sc_hd__dfrtp_1)
   0.2418    0.5370 v _468_/Q (sky130_fd_sc_hd__dfrtp_1)
   0.1313    0.6682 v output18/X (sky130_fd_sc_hd__clkbuf_4)
   0.0009    0.6691 v o_bucket[0] (out)
             0.6691   data arrival time

  25.0000   25.0000   clock clk (rise edge)
   0.0000   25.0000   clock network delay (propagated)
  -0.2500   24.7500   clock uncertainty
   0.0000   24.7500   clock reconvergence pessimism
  -5.0000   19.7500   output external delay
            19.7500   data required time
-------------------------------------------------------------
            19.7500   data required time
            -0.6691   data arrival time
-------------------------------------------------------------
            19.0809   slack (MET)


Startpoint: _473_ (rising edge-triggered flip-flop clocked by clk)
Endpoint: o_index[1] (output port clocked by clk)
Path Group: clk
Path Type: max

    Delay      Time   Description
-------------------------------------------------------------
   0.0000    0.0000   clock clk (rise edge)
   0.2949    0.2949   clock network delay (propagated)
   0.0000    0.2949 ^ _473_/CLK (sky130_fd_sc_hd__dfrtp_1)
   0.2207    0.5156 ^ _473_/Q (sky130_fd_sc_hd__dfrtp_1)
   0.1486    0.6642 ^ output22/X (sky130_fd_sc_hd__buf_2)
   0.0007    0.6648 ^ o_index[1] (out)
             0.6648   data arrival time

  25.0000   25.0000   clock clk (rise edge)
   0.0000   25.0000   clock network delay (propagated)
  -0.2500   24.7500   clock uncertainty
   0.0000   24.7500   clock reconvergence pessimism
  -5.0000   19.7500   output external delay
            19.7500   data required time
-------------------------------------------------------------
            19.7500   data required time
            -0.6648   data arrival time
-------------------------------------------------------------
            19.0852   slack (MET)


Startpoint: _470_ (rising edge-triggered flip-flop clocked by clk)
Endpoint: o_bucket[2] (output port clocked by clk)
Path Group: clk
Path Type: max

    Delay      Time   Description
-------------------------------------------------------------
   0.0000    0.0000   clock clk (rise edge)
   0.2937    0.2937   clock network delay (propagated)
   0.0000    0.2937 ^ _470_/CLK (sky130_fd_sc_hd__dfrtp_1)
   0.2400    0.5337 v _470_/Q (sky130_fd_sc_hd__dfrtp_1)
   0.1304    0.6641 v output20/X (sky130_fd_sc_hd__clkbuf_4)
   0.0007    0.6648 v o_bucket[2] (out)
             0.6648   data arrival time

  25.0000   25.0000   clock clk (rise edge)
   0.0000   25.0000   clock network delay (propagated)
  -0.2500   24.7500   clock uncertainty
   0.0000   24.7500   clock reconvergence pessimism
  -5.0000   19.7500   output external delay
            19.7500   data required time
-------------------------------------------------------------
            19.7500   data required time
            -0.6648   data arrival time
-------------------------------------------------------------
            19.0852   slack (MET)


Startpoint: _469_ (rising edge-triggered flip-flop clocked by clk)
Endpoint: o_bucket[1] (output port clocked by clk)
Path Group: clk
Path Type: max

    Delay      Time   Description
-------------------------------------------------------------
   0.0000    0.0000   clock clk (rise edge)
   0.2936    0.2936   clock network delay (propagated)
   0.0000    0.2936 ^ _469_/CLK (sky130_fd_sc_hd__dfrtp_1)
   0.2165    0.5101 ^ _469_/Q (sky130_fd_sc_hd__dfrtp_1)
   0.1471    0.6571 ^ output19/X (sky130_fd_sc_hd__buf_2)
   0.0007    0.6578 ^ o_bucket[1] (out)
             0.6578   data arrival time

  25.0000   25.0000   clock clk (rise edge)
   0.0000   25.0000   clock network delay (propagated)
  -0.2500   24.7500   clock uncertainty
   0.0000   24.7500   clock reconvergence pessimism
  -5.0000   19.7500   output external delay
            19.7500   data required time
-------------------------------------------------------------
            19.7500   data required time
            -0.6578   data arrival time
-------------------------------------------------------------
            19.0922   slack (MET)


Startpoint: _471_ (rising edge-triggered flip-flop clocked by clk)
Endpoint: o_valid (output port clocked by clk)
Path Group: clk
Path Type: max

    Delay      Time   Description
-------------------------------------------------------------
   0.0000    0.0000   clock clk (rise edge)
   0.2937    0.2937   clock network delay (propagated)
   0.0000    0.2937 ^ _471_/CLK (sky130_fd_sc_hd__dfrtp_1)
   0.2335    0.5272 v _471_/Q (sky130_fd_sc_hd__dfrtp_1)
   0.1285    0.6557 v output24/X (sky130_fd_sc_hd__clkbuf_4)
   0.0008    0.6565 v o_valid (out)
             0.6565   data arrival time

  25.0000   25.0000   clock clk (rise edge)
   0.0000   25.0000   clock network delay (propagated)
  -0.2500   24.7500   clock uncertainty
   0.0000   24.7500   clock reconvergence pessimism
  -5.0000   19.7500   output external delay
            19.7500   data required time
-------------------------------------------------------------
            19.7500   data required time
            -0.6565   data arrival time
-------------------------------------------------------------
            19.0935   slack (MET)


Startpoint: i_value4[1] (input port clocked by clk)
Endpoint: _424_ (rising edge-triggered flip-flop clocked by clk)
Path Group: clk
Path Type: max

    Delay      Time   Description
-------------------------------------------------------------
   0.0000    0.0000   clock clk (rise edge)
   0.0000    0.0000   clock network delay (propagated)
   5.0000    5.0000 v input external delay
   0.0024    5.0024 v i_value4[1] (in)
   0.0737    5.0762 v input15/X (sky130_fd_sc_hd__buf_1)
   0.1503    5.2264 v _264_/X (sky130_fd_sc_hd__o211a_1)
   0.1985    5.4249 v _266_/X (sky130_fd_sc_hd__o221a_2)
   0.2021    5.6270 v _269_/X (sky130_fd_sc_hd__mux2_1)
   0.0671    5.6941 v _270_/X (sky130_fd_sc_hd__clkbuf_1)
   0.0001    5.6942 v _424_/D (sky130_fd_sc_hd__dfrtp_1)
             5.6942   data arrival time

  25.0000   25.0000   clock clk (rise edge)
   0.2740   25.2740   clock network delay (propagated)
  -0.2500   25.0240   clock uncertainty
   0.0000   25.0240   clock reconvergence pessimism
            25.0240 ^ _424_/CLK (sky130_fd_sc_hd__dfrtp_1)
  -0.0682   24.9559   library setup time
            24.9559   data required time
-------------------------------------------------------------
            24.9559   data required time
            -5.6942   data arrival time
-------------------------------------------------------------
            19.2617   slack (MET)


Startpoint: i_value4[1] (input port clocked by clk)
Endpoint: _425_ (rising edge-triggered flip-flop clocked by clk)
Path Group: clk
Path Type: max

    Delay      Time   Description
-------------------------------------------------------------
   0.0000    0.0000   clock clk (rise edge)
   0.0000    0.0000   clock network delay (propagated)
   5.0000    5.0000 v input external delay
   0.0024    5.0024 v i_value4[1] (in)
   0.0737    5.0762 v input15/X (sky130_fd_sc_hd__buf_1)
   0.1503    5.2264 v _264_/X (sky130_fd_sc_hd__o211a_1)
   0.1985    5.4249 v _266_/X (sky130_fd_sc_hd__o221a_2)
   0.1982    5.6231 v _271_/X (sky130_fd_sc_hd__mux2_1)
   0.0635    5.6866 v _272_/X (sky130_fd_sc_hd__clkbuf_1)
   0.0001    5.6867 v _425_/D (sky130_fd_sc_hd__dfrtp_1)
             5.6867   data arrival time

  25.0000   25.0000   clock clk (rise edge)
   0.2739   25.2739   clock network delay (propagated)
  -0.2500   25.0239   clock uncertainty
   0.0000   25.0239   clock reconvergence pessimism
            25.0239 ^ _425_/CLK (sky130_fd_sc_hd__dfrtp_1)
  -0.0673   24.9566   library setup time
            24.9566   data required time
-------------------------------------------------------------
            24.9566   data required time
            -5.6867   data arrival time
-------------------------------------------------------------
            19.2699   slack (MET)


Startpoint: i_value4[1] (input port clocked by clk)
Endpoint: _447_ (rising edge-triggered flip-flop clocked by clk)
Path Group: clk
Path Type: max

    Delay      Time   Description
-------------------------------------------------------------
   0.0000    0.0000   clock clk (rise edge)
   0.0000    0.0000   clock network delay (propagated)
   5.0000    5.0000 v input external delay
   0.0024    5.0024 v i_value4[1] (in)
   0.0737    5.0762 v input15/X (sky130_fd_sc_hd__buf_1)
   0.1503    5.2264 v _264_/X (sky130_fd_sc_hd__o211a_1)
   0.1985    5.4249 v _266_/X (sky130_fd_sc_hd__o221a_2)
   0.2005    5.6254 v _335_/X (sky130_fd_sc_hd__mux2_1)
   0.0613    5.6867 v _336_/X (sky130_fd_sc_hd__clkbuf_1)
   0.0001    5.6867 v _447_/D (sky130_fd_sc_hd__dfrtp_1)
             5.6867   data arrival time

  25.0000   25.0000   clock clk (rise edge)
   0.2736   25.2736   clock network delay (propagated)
  -0.2500   25.0236   clock uncertainty
   0.0000   25.0236   clock reconvergence pessimism
            25.0236 ^ _447_/CLK (sky130_fd_sc_hd__dfrtp_1)
  -0.0665   24.9572   library setup time
            24.9572   data required time
-------------------------------------------------------------
            24.9572   data required time
            -5.6867   data arrival time
-------------------------------------------------------------
            19.2704   slack (MET)


