
===========================================================================
 report_power
============================================================================
======================= Fastest Corner ===================================

Group                  Internal  Switching    Leakage      Total
                          Power      Power      Power      Power (Watts)
----------------------------------------------------------------
Sequential             1.71e-04   3.41e-05   3.09e-07   2.06e-04  32.6%
Combinational          2.46e-04   1.79e-04   3.59e-09   4.25e-04  67.4%
Macro                  0.00e+00   0.00e+00   0.00e+00   0.00e+00   0.0%
Pad                    0.00e+00   0.00e+00   0.00e+00   0.00e+00   0.0%
----------------------------------------------------------------
Total                  4.17e-04   2.13e-04   3.13e-07   6.31e-04 100.0%
                          66.1%      33.8%       0.0%

======================= Slowest Corner ===================================

Group                  Internal  Switching    Leakage      Total
                          Power      Power      Power      Power (Watts)
----------------------------------------------------------------
Sequential             1.15e-04   2.22e-05   1.23e-06   1.39e-04  32.0%
Combinational          1.77e-04   1.16e-04   1.56e-06   2.94e-04  68.0%
Macro                  0.00e+00   0.00e+00   0.00e+00   0.00e+00   0.0%
Pad                    0.00e+00   0.00e+00   0.00e+00   0.00e+00   0.0%
----------------------------------------------------------------
Total                  2.92e-04   1.38e-04   2.79e-06   4.33e-04 100.0%
                          67.5%      31.9%       0.6%

======================= Typical Corner ===================================

Group                  Internal  Switching    Leakage      Total
                          Power      Power      Power      Power (Watts)
----------------------------------------------------------------
Sequential             1.48e-04   2.85e-05   3.09e-07   1.77e-04  32.4%
Combinational          2.18e-04   1.50e-04   1.90e-09   3.68e-04  67.6%
Macro                  0.00e+00   0.00e+00   0.00e+00   0.00e+00   0.0%
Pad                    0.00e+00   0.00e+00   0.00e+00   0.00e+00   0.0%
----------------------------------------------------------------
Total                  3.66e-04   1.78e-04   3.11e-07   5.45e-04 100.0%
                          67.2%      32.7%       0.1%

